<!doctype html public "-//w3c//dtd html 4.0 transitional//en">
<html><head>
<title>Static Call Graph - [.\obj\bk3435_ble_app.axf]</title></head>
<body><HR>
<H1>Static Call Graph for image .\obj\bk3435_ble_app.axf</H1><HR>
<BR><P>#&#060CALLGRAPH&#062# ARM Linker, 5060750: Last Updated: Tue Jun 23 15:49:38 2020
<BR><P>
<H3>Maximum Stack Usage =        988 bytes + Unknown(Functions without stacksize, Cycles, Untraceable Function Pointers)</H3><H3>
Call chain for Maximum Stack Depth:</H3>
sys_Reset &rArr; rw_main &rArr; rw_app_enter &rArr; suble_mainloop &rArr; tuya_ble_main_tasks_exec &rArr; tuya_sched_execute &rArr; tuya_ble_event_process &rArr; tuya_ble_handle_ble_cmd_evt &rArr; tuya_ble_evt_process &rArr; tuya_ble_handle_dev_info_req &rArr; tuya_ble_commData_send &rArr; tuya_ble_encryption &rArr; tuya_ble_key_generate &rArr; tuya_ble_generate_key1 &rArr; tuya_ble_aes128_cbc_encrypt &rArr; mbedtls_aes_crypt_cbc &rArr; mbedtls_aes_crypt_ecb &rArr; mbedtls_internal_aes_encrypt
<P>
<H3>
Functions with no stack information
</H3><UL>
 <LI><a href="#[78]">sys_Reset</a>
 <LI><a href="#[1]">Undefined</a>
 <LI><a href="#[2]">SoftwareInterrupt</a>
 <LI><a href="#[3]">PrefetchAbort</a>
 <LI><a href="#[4]">DataAbort</a>
 <LI><a href="#[6]">IRQ_Handler</a>
 <LI><a href="#[5]">sys_reserved</a>
 <LI><a href="#[7]">FIQ_Handler</a>
</UL>
</UL>
<P>
<H3>
Mutually Recursive functions
</H3> <LI><a href="#[bf]">elog_output</a>&nbsp;&nbsp;&nbsp;&rArr;&nbsp;&nbsp;&nbsp;<a href="#[bf]">elog_output</a><BR>
 <LI><a href="#[153]">elog_strcpy</a>&nbsp;&nbsp;&nbsp;&rArr;&nbsp;&nbsp;&nbsp;<a href="#[bf]">elog_output</a><BR>
 <LI><a href="#[15a]">get_fmt_enabled</a>&nbsp;&nbsp;&nbsp;&rArr;&nbsp;&nbsp;&nbsp;<a href="#[bf]">elog_output</a><BR>
 <LI><a href="#[109]">sf_nv_write</a>&nbsp;&nbsp;&nbsp;&rArr;&nbsp;&nbsp;&nbsp;<a href="#[109]">sf_nv_write</a><BR>
 <LI><a href="#[85]">rw_pn9_enter</a>&nbsp;&nbsp;&nbsp;&rArr;&nbsp;&nbsp;&nbsp;<a href="#[85]">rw_pn9_enter</a><BR>
</UL>
<P>
<H3>
Function Pointers
</H3><UL>
 <LI><a href="#[4]">DataAbort</a> from boot_vectors.o(SYS_BOOT) referenced from boot_vectors.o(SYS_BOOT)
 <LI><a href="#[7]">FIQ_Handler</a> from boot_vectors.o(SYS_BOOT) referenced from boot_vectors.o(SYS_BOOT)
 <LI><a href="#[6]">IRQ_Handler</a> from boot_vectors.o(SYS_BOOT) referenced from boot_vectors.o(SYS_BOOT)
 <LI><a href="#[3]">PrefetchAbort</a> from boot_vectors.o(SYS_BOOT) referenced from boot_vectors.o(SYS_BOOT)
 <LI><a href="#[2c]">Read_Uart_Buf</a> from uart.o(i.Read_Uart_Buf) referenced from arch_main.o(i.rom_env_init)
 <LI><a href="#[2]">SoftwareInterrupt</a> from boot_vectors.o(SYS_BOOT) referenced from boot_vectors.o(SYS_BOOT)
 <LI><a href="#[1]">Undefined</a> from boot_vectors.o(SYS_BOOT) referenced from boot_vectors.o(SYS_BOOT)
 <LI><a href="#[8]">_snputc</a> from printfa.o(i._snputc) referenced from printfa.o(i.__0snprintf)
 <LI><a href="#[8]">_snputc</a> from printfa.o(i._snputc) referenced from printfa.o(i.__0vsnprintf)
 <LI><a href="#[9]">_sputc</a> from printfa.o(i._sputc) referenced from printfa.o(i.__0sprintf)
 <LI><a href="#[9]">_sputc</a> from printfa.o(i._sputc) referenced from printfa.o(i.__0vsprintf)
 <LI><a href="#[11]">app_active_report_outtime_cb</a> from lock_timer.o(i.app_active_report_outtime_cb) referenced from lock_timer.o(i.lock_timer_creat)
 <LI><a href="#[13]">app_antilock_key_outtime_cb</a> from lock_timer.o(i.app_antilock_key_outtime_cb) referenced from lock_timer.o(i.lock_timer_creat)
 <LI><a href="#[47]">app_fff0_add_fff0s</a> from app_fff0.o(i.app_fff0_add_fff0s) referenced from app.o(.constdata)
 <LI><a href="#[48]">app_fff0_msg_dflt_handler</a> from app_fff0.o(i.app_fff0_msg_dflt_handler) referenced from app_fff0.o(.constdata)
 <LI><a href="#[12]">app_ibeacon_outtime_cb</a> from lock_timer.o(i.app_ibeacon_outtime_cb) referenced from lock_timer.o(i.lock_timer_creat)
 <LI><a href="#[f]">app_test_outtime_cb</a> from lock_timer.o(i.app_test_outtime_cb) referenced from lock_timer.o(i.lock_timer_creat)
 <LI><a href="#[10]">app_test_reset_outtime_cb</a> from lock_timer.o(i.app_test_reset_outtime_cb) referenced from lock_timer.o(i.lock_timer_creat)
 <LI><a href="#[4c]">appm_msg_handler</a> from app_task.o(i.appm_msg_handler) referenced from app_task.o(.constdata)
 <LI><a href="#[2a]">assert_err</a> from arch_main.o(i.assert_err) referenced from arch_main.o(i.rom_env_init)
 <LI><a href="#[2b]">assert_param</a> from arch_main.o(i.assert_param) referenced from arch_main.o(i.rom_env_init)
 <LI><a href="#[d]">bonding_conn_outtime_cb</a> from lock_timer.o(i.bonding_conn_outtime_cb) referenced from lock_timer.o(i.lock_timer_creat)
 <LI><a href="#[b]">conn_param_update_outtime_cb</a> from lock_timer.o(i.conn_param_update_outtime_cb) referenced from lock_timer.o(i.lock_timer_creat)
 <LI><a href="#[41]">fff0s_cleanup</a> from fff0s.o(i.fff0s_cleanup) referenced from fff0s.o(.constdata)
 <LI><a href="#[40]">fff0s_create</a> from fff0s.o(i.fff0s_create) referenced from fff0s.o(.constdata)
 <LI><a href="#[3f]">fff0s_destroy</a> from fff0s.o(i.fff0s_destroy) referenced from fff0s.o(.constdata)
 <LI><a href="#[49]">fff0s_fff1_level_ntf_cfg_ind_handler</a> from app_fff0.o(i.fff0s_fff1_level_ntf_cfg_ind_handler) referenced from app_fff0.o(.constdata)
 <LI><a href="#[42]">fff0s_fff1_level_upd_req_handler</a> from fff0s_task.o(i.fff0s_fff1_level_upd_req_handler) referenced from fff0s_task.o(.constdata)
 <LI><a href="#[3e]">fff0s_init</a> from fff0s.o(i.fff0s_init) referenced from fff0s.o(.constdata)
 <LI><a href="#[4a]">fff1_level_upd_handler</a> from app_fff0.o(i.fff1_level_upd_handler) referenced from app_fff0.o(.constdata)
 <LI><a href="#[4b]">fff2_writer_req_handler</a> from app_fff0.o(i.fff2_writer_req_handler) referenced from app_fff0.o(.constdata)
 <LI><a href="#[32]">flash_erase</a> from flash.o(i.flash_erase) referenced from arch_main.o(i.rw_main)
 <LI><a href="#[30]">flash_read</a> from flash.o(i.flash_read) referenced from arch_main.o(i.rw_main)
 <LI><a href="#[31]">flash_write</a> from flash.o(i.flash_write) referenced from arch_main.o(i.rw_main)
 <LI><a href="#[52]">gapc_cmp_evt_handler</a> from app_task.o(i.gapc_cmp_evt_handler) referenced from app_task.o(.constdata)
 <LI><a href="#[51]">gapc_connection_req_ind_handler</a> from app_task.o(i.gapc_connection_req_ind_handler) referenced from app_task.o(.constdata)
 <LI><a href="#[53]">gapc_disconnect_ind_handler</a> from app_task.o(i.gapc_disconnect_ind_handler) referenced from app_task.o(.constdata)
 <LI><a href="#[4f]">gapc_get_dev_info_req_ind_handler</a> from app_task.o(i.gapc_get_dev_info_req_ind_handler) referenced from app_task.o(.constdata)
 <LI><a href="#[55]">gapc_le_pkt_size_ind_handler</a> from app_task.o(i.gapc_le_pkt_size_ind_handler) referenced from app_task.o(.constdata)
 <LI><a href="#[58]">gapc_param_update_req_ind_handler</a> from app_task.o(i.gapc_param_update_req_ind_handler) referenced from app_task.o(.constdata)
 <LI><a href="#[56]">gapc_param_updated_ind_handler</a> from app_task.o(i.gapc_param_updated_ind_handler) referenced from app_task.o(.constdata)
 <LI><a href="#[50]">gapc_set_dev_info_req_ind_handler</a> from app_task.o(i.gapc_set_dev_info_req_ind_handler) referenced from app_task.o(.constdata)
 <LI><a href="#[4e]">gapm_cmp_evt_handler</a> from app_task.o(i.gapm_cmp_evt_handler) referenced from app_task.o(.constdata)
 <LI><a href="#[4d]">gapm_device_ready_ind_handler</a> from app_task.o(i.gapm_device_ready_ind_handler) referenced from app_task.o(.constdata)
 <LI><a href="#[54]">gapm_profile_added_ind_handler</a> from app_task.o(i.gapm_profile_added_ind_handler) referenced from app_task.o(.constdata)
 <LI><a href="#[43]">gattc_att_info_req_ind_handler</a> from fff0s_task.o(i.gattc_att_info_req_ind_handler) referenced from fff0s_task.o(.constdata)
 <LI><a href="#[46]">gattc_cmp_evt_handler</a> from fff0s_task.o(i.gattc_cmp_evt_handler) referenced from fff0s_task.o(.constdata)
 <LI><a href="#[57]">gattc_mtu_changed_ind_handler</a> from app_task.o(i.gattc_mtu_changed_ind_handler) referenced from app_task.o(.constdata)
 <LI><a href="#[45]">gattc_read_req_ind_handler</a> from fff0s_task.o(i.gattc_read_req_ind_handler) referenced from fff0s_task.o(.constdata)
 <LI><a href="#[44]">gattc_write_req_ind_handler</a> from fff0s_task.o(i.gattc_write_req_ind_handler) referenced from fff0s_task.o(.constdata)
 <LI><a href="#[77]">memset</a> from memseta.o(.text) referenced from aes.o(.data)
 <LI><a href="#[29]">platform_reset</a> from arch_main.o(i.platform_reset) referenced from arch_main.o(i.rom_env_init)
 <LI><a href="#[21]">prf_add_profile</a> from prf.o(i.prf_add_profile) referenced from arch_main.o(i.rom_env_init)
 <LI><a href="#[20]">prf_cleanup</a> from prf.o(i.prf_cleanup) referenced from arch_main.o(i.rom_env_init)
 <LI><a href="#[1f]">prf_create</a> from prf.o(i.prf_create) referenced from arch_main.o(i.rom_env_init)
 <LI><a href="#[1c]">prf_get_id_from_task</a> from prf.o(i.prf_get_id_from_task) referenced from arch_main.o(i.rom_env_init)
 <LI><a href="#[1d]">prf_get_task_from_id</a> from prf.o(i.prf_get_task_from_id) referenced from arch_main.o(i.rom_env_init)
 <LI><a href="#[1e]">prf_init</a> from prf.o(i.prf_init) referenced from arch_main.o(i.rom_env_init)
 <LI><a href="#[14]">read_adc_outtime_cb</a> from lock_timer.o(i.read_adc_outtime_cb) referenced from lock_timer.o(i.lock_timer_creat)
 <LI><a href="#[c]">reset_outtime_cb</a> from lock_timer.o(i.reset_outtime_cb) referenced from lock_timer.o(i.lock_timer_creat)
 <LI><a href="#[a]">reset_with_disconn_outtime_cb</a> from tuya_ble_app_ota.o(i.reset_with_disconn_outtime_cb) referenced from tuya_ble_app_ota.o(i.app_ota_exit)
 <LI><a href="#[e]">reset_with_disconn_outtime_cb</a> from lock_timer.o(i.reset_with_disconn_outtime_cb) referenced from lock_timer.o(i.lock_timer_creat)
 <LI><a href="#[1a]">rf_force_agc_enable</a> from rf_xvr.o(i.rf_force_agc_enable) referenced from rf_xvr.o(i.rf_init)
 <LI><a href="#[19]">rf_reset</a> from rf_xvr.o(i.rf_reset) referenced from rf_xvr.o(i.rf_init)
 <LI><a href="#[15]">rf_rpl_reg_rd</a> from rf_xvr.o(i.rf_rpl_reg_rd) referenced from rf_xvr.o(i.rf_init)
 <LI><a href="#[16]">rf_rpl_reg_wr</a> from rf_xvr.o(i.rf_rpl_reg_wr) referenced from rf_xvr.o(i.rf_init)
 <LI><a href="#[1b]">rf_rssi_convert</a> from rf_xvr.o(i.rf_rssi_convert) referenced from rf_xvr.o(i.rf_init)
 <LI><a href="#[18]">rf_sleep</a> from rf_xvr.o(i.rf_sleep) referenced from rf_xvr.o(i.rf_init)
 <LI><a href="#[17]">rf_txpwr_dbm_get</a> from rf_xvr.o(i.rf_txpwr_dbm_get) referenced from rf_xvr.o(i.rf_init)
 <LI><a href="#[22]">rwble_hl_reset</a> from rwble_hl.o(i.rwble_hl_reset) referenced from arch_main.o(i.rom_env_init)
 <LI><a href="#[25]">rwip_prevent_sleep_clear</a> from rwip.o(i.rwip_prevent_sleep_clear) referenced from arch_main.o(i.rom_env_init)
 <LI><a href="#[24]">rwip_prevent_sleep_set</a> from rwip.o(i.rwip_prevent_sleep_set) referenced from arch_main.o(i.rom_env_init)
 <LI><a href="#[23]">rwip_reset</a> from rwip.o(i.rwip_reset) referenced from arch_main.o(i.rom_env_init)
 <LI><a href="#[26]">rwip_sleep_lpcycles_2_us</a> from rwip.o(i.rwip_sleep_lpcycles_2_us) referenced from arch_main.o(i.rom_env_init)
 <LI><a href="#[27]">rwip_us_2_lpcycles</a> from rwip.o(i.rwip_us_2_lpcycles) referenced from arch_main.o(i.rom_env_init)
 <LI><a href="#[28]">rwip_wakeup_delay_set</a> from rwip.o(i.rwip_wakeup_delay_set) referenced from arch_main.o(i.rom_env_init)
 <LI><a href="#[37]">suble_gpio_irq_cb</a> from suble_gpio.o(i.suble_gpio_irq_cb) referenced from suble_gpio.o(i.suble_gpio_irq_init)
 <LI><a href="#[59]">suble_timer0_handler</a> from app_task.o(i.suble_timer0_handler) referenced from app_task.o(.constdata)
 <LI><a href="#[6d]">suble_timer100_handler</a> from app_task.o(i.suble_timer100_handler) referenced from app_task.o(.constdata)
 <LI><a href="#[6e]">suble_timer101_handler</a> from app_task.o(i.suble_timer101_handler) referenced from app_task.o(.constdata)
 <LI><a href="#[6f]">suble_timer102_handler</a> from app_task.o(i.suble_timer102_handler) referenced from app_task.o(.constdata)
 <LI><a href="#[70]">suble_timer103_handler</a> from app_task.o(i.suble_timer103_handler) referenced from app_task.o(.constdata)
 <LI><a href="#[71]">suble_timer104_handler</a> from app_task.o(i.suble_timer104_handler) referenced from app_task.o(.constdata)
 <LI><a href="#[72]">suble_timer105_handler</a> from app_task.o(i.suble_timer105_handler) referenced from app_task.o(.constdata)
 <LI><a href="#[73]">suble_timer106_handler</a> from app_task.o(i.suble_timer106_handler) referenced from app_task.o(.constdata)
 <LI><a href="#[74]">suble_timer107_handler</a> from app_task.o(i.suble_timer107_handler) referenced from app_task.o(.constdata)
 <LI><a href="#[75]">suble_timer108_handler</a> from app_task.o(i.suble_timer108_handler) referenced from app_task.o(.constdata)
 <LI><a href="#[76]">suble_timer109_handler</a> from app_task.o(i.suble_timer109_handler) referenced from app_task.o(.constdata)
 <LI><a href="#[63]">suble_timer10_handler</a> from app_task.o(i.suble_timer10_handler) referenced from app_task.o(.constdata)
 <LI><a href="#[64]">suble_timer11_handler</a> from app_task.o(i.suble_timer11_handler) referenced from app_task.o(.constdata)
 <LI><a href="#[65]">suble_timer12_handler</a> from app_task.o(i.suble_timer12_handler) referenced from app_task.o(.constdata)
 <LI><a href="#[66]">suble_timer13_handler</a> from app_task.o(i.suble_timer13_handler) referenced from app_task.o(.constdata)
 <LI><a href="#[67]">suble_timer14_handler</a> from app_task.o(i.suble_timer14_handler) referenced from app_task.o(.constdata)
 <LI><a href="#[68]">suble_timer15_handler</a> from app_task.o(i.suble_timer15_handler) referenced from app_task.o(.constdata)
 <LI><a href="#[69]">suble_timer16_handler</a> from app_task.o(i.suble_timer16_handler) referenced from app_task.o(.constdata)
 <LI><a href="#[6a]">suble_timer17_handler</a> from app_task.o(i.suble_timer17_handler) referenced from app_task.o(.constdata)
 <LI><a href="#[6b]">suble_timer18_handler</a> from app_task.o(i.suble_timer18_handler) referenced from app_task.o(.constdata)
 <LI><a href="#[6c]">suble_timer19_handler</a> from app_task.o(i.suble_timer19_handler) referenced from app_task.o(.constdata)
 <LI><a href="#[5a]">suble_timer1_handler</a> from app_task.o(i.suble_timer1_handler) referenced from app_task.o(.constdata)
 <LI><a href="#[5b]">suble_timer2_handler</a> from app_task.o(i.suble_timer2_handler) referenced from app_task.o(.constdata)
 <LI><a href="#[5c]">suble_timer3_handler</a> from app_task.o(i.suble_timer3_handler) referenced from app_task.o(.constdata)
 <LI><a href="#[5d]">suble_timer4_handler</a> from app_task.o(i.suble_timer4_handler) referenced from app_task.o(.constdata)
 <LI><a href="#[5e]">suble_timer5_handler</a> from app_task.o(i.suble_timer5_handler) referenced from app_task.o(.constdata)
 <LI><a href="#[5f]">suble_timer6_handler</a> from app_task.o(i.suble_timer6_handler) referenced from app_task.o(.constdata)
 <LI><a href="#[60]">suble_timer7_handler</a> from app_task.o(i.suble_timer7_handler) referenced from app_task.o(.constdata)
 <LI><a href="#[61]">suble_timer8_handler</a> from app_task.o(i.suble_timer8_handler) referenced from app_task.o(.constdata)
 <LI><a href="#[62]">suble_timer9_handler</a> from app_task.o(i.suble_timer9_handler) referenced from app_task.o(.constdata)
 <LI><a href="#[78]">sys_Reset</a> from boot_handlers.o(SYS_BOOT) referenced from boot_vectors.o(SYS_BOOT)
 <LI><a href="#[5]">sys_reserved</a> from boot_vectors.o(SYS_BOOT) referenced from boot_vectors.o(SYS_BOOT)
 <LI><a href="#[3a]">tuya_ble_app_data_process</a> from tuya_ble_app_demo.o(i.tuya_ble_app_data_process) referenced from tuya_ble_app_demo.o(i.tuya_ble_app_evt_send)
 <LI><a href="#[3a]">tuya_ble_app_data_process</a> from tuya_ble_app_demo.o(i.tuya_ble_app_data_process) referenced from tuya_ble_app_demo.o(i.tuya_ble_app_evt_send_with_data)
 <LI><a href="#[3c]">tuya_ble_gatt_send_data_handle</a> from tuya_ble_gatt_send_queue.o(i.tuya_ble_gatt_send_data_handle) referenced from tuya_ble_gatt_send_queue.o(i.tuya_ble_gatt_send_data_handle)
 <LI><a href="#[3b]">tuya_ble_sdk_callback</a> from tuya_ble_app_demo.o(i.tuya_ble_sdk_callback) referenced from tuya_ble_app_demo.o(i.tuya_ble_app_init)
 <LI><a href="#[3d]">tuya_ble_vtimer_conncet_monitor_callback</a> from tuya_ble_api.o(i.tuya_ble_vtimer_conncet_monitor_callback) referenced from tuya_ble_api.o(i.tuya_ble_sdk_init)
 <LI><a href="#[38]">uart1_rx_handler</a> from suble_uart.o(i.uart1_rx_handler) referenced from suble_uart.o(i.suble_uart1_init)
 <LI><a href="#[2f]">uart2_printf</a> from uart.o(i.uart2_printf) referenced from arch_main.o(i.rw_main)
 <LI><a href="#[39]">uart2_rx_handler</a> from suble_uart.o(i.uart2_rx_handler) referenced from suble_uart.o(i.suble_uart2_init)
 <LI><a href="#[2d]">uart_clear_rxfifo</a> from uart.o(i.uart_clear_rxfifo) referenced from arch_main.o(i.rom_env_init)
 <LI><a href="#[36]">uart_flow_off</a> from uart.o(i.uart_flow_off) referenced from arch_main.o(i.rwip_eif_api_init)
 <LI><a href="#[35]">uart_flow_on</a> from uart.o(i.uart_flow_on) referenced from arch_main.o(i.rwip_eif_api_init)
 <LI><a href="#[2e]">uart_printf</a> from uart.o(i.uart_printf) referenced from arch_main.o(i.rw_main)
 <LI><a href="#[33]">uart_read</a> from uart.o(i.uart_read) referenced from arch_main.o(i.rwip_eif_api_init)
 <LI><a href="#[34]">uart_write</a> from uart.o(i.uart_write) referenced from arch_main.o(i.rwip_eif_api_init)
</UL>
<P>
<H3>
Global Symbols
</H3>
<P><STRONG><a name="[1d9]"></a>uart_stack_register</STRONG> (Thumb, 0 bytes, Stack size 0 bytes, peripheral_stack_symbol.txt(ABSOLUTE))
<BR><BR>[Called By]<UL><LI><a href="#[1ce]">&gt;&gt;</a>&nbsp;&nbsp;&nbsp;rw_main
</UL>

<P><STRONG><a name="[2b2]"></a>Undefined_Exception</STRONG> (Thumb, 0 bytes, Stack size 0 bytes, peripheral_stack_symbol.txt(ABSOLUTE))
<BR><BR>[Called By]<UL><LI><a href="#[1]">&gt;&gt;</a>&nbsp;&nbsp;&nbsp;Undefined (via Veneer)
</UL>

<P><STRONG><a name="[2b3]"></a>SoftwareInterrupt_Exception</STRONG> (Thumb, 0 bytes, Stack size 0 bytes, peripheral_stack_symbol.txt(ABSOLUTE))
<BR><BR>[Called By]<UL><LI><a href="#[2]">&gt;&gt;</a>&nbsp;&nbsp;&nbsp;SoftwareInterrupt (via Veneer)
</UL>

<P><STRONG><a name="[2b4]"></a>PrefetchAbort_Exception</STRONG> (Thumb, 0 bytes, Stack size 0 bytes, peripheral_stack_symbol.txt(ABSOLUTE))
<BR><BR>[Called By]<UL><LI><a href="#[3]">&gt;&gt;</a>&nbsp;&nbsp;&nbsp;PrefetchAbort (via Veneer)
</UL>

<P><STRONG><a name="[2b5]"></a>DataAbort_Exception</STRONG> (Thumb, 0 bytes, Stack size 0 bytes, peripheral_stack_symbol.txt(ABSOLUTE))
<BR><BR>[Called By]<UL><LI><a href="#[4]">&gt;&gt;</a>&nbsp;&nbsp;&nbsp;DataAbort (via Veneer)
</UL>

<P><STRONG><a name="[2b6]"></a>Reserved_Exception</STRONG> (Thumb, 0 bytes, Stack size 0 bytes, peripheral_stack_symbol.txt(ABSOLUTE))
<BR><BR>[Called By]<UL><LI><a href="#[5]">&gt;&gt;</a>&nbsp;&nbsp;&nbsp;sys_reserved (via Veneer)
</UL>

<P><STRONG><a name="[1db]"></a>nvds_init</STRONG> (Thumb, 0 bytes, Stack size 0 bytes, peripheral_stack_symbol.txt(ABSOLUTE))
<BR><BR>[Called By]<UL><LI><a href="#[1ce]">&gt;&gt;</a>&nbsp;&nbsp;&nbsp;rw_main
</UL>

<P><STRONG><a name="[132]"></a>nvds_get</STRONG> (Thumb, 0 bytes, Stack size 0 bytes, peripheral_stack_symbol.txt(ABSOLUTE))
<BR><BR>[Called By]<UL><LI><a href="#[1dc]">&gt;&gt;</a>&nbsp;&nbsp;&nbsp;rwip_init
<LI><a href="#[12f]">&gt;&gt;</a>&nbsp;&nbsp;&nbsp;appm_init
</UL>

<P><STRONG><a name="[134]"></a>nvds_put</STRONG> (Thumb, 0 bytes, Stack size 0 bytes, peripheral_stack_symbol.txt(ABSOLUTE))
<BR><BR>[Called By]<UL><LI><a href="#[12f]">&gt;&gt;</a>&nbsp;&nbsp;&nbsp;appm_init
</UL>

<P><STRONG><a name="[1f3]"></a>ke_init</STRONG> (Thumb, 0 bytes, Stack size 0 bytes, peripheral_stack_symbol.txt(ABSOLUTE))
<BR><BR>[Called By]<UL><LI><a href="#[1dc]">&gt;&gt;</a>&nbsp;&nbsp;&nbsp;rwip_init
</UL>

<P><STRONG><a name="[1fa]"></a>ke_flush</STRONG> (Thumb, 0 bytes, Stack size 0 bytes, peripheral_stack_symbol.txt(ABSOLUTE))
<BR><BR>[Called By]<UL><LI><a href="#[23]">&gt;&gt;</a>&nbsp;&nbsp;&nbsp;rwip_reset
</UL>

<P><STRONG><a name="[1fd]"></a>ke_sleep_check</STRONG> (Thumb, 0 bytes, Stack size 0 bytes, peripheral_stack_symbol.txt(ABSOLUTE))
<BR><BR>[Called By]<UL><LI><a href="#[1c8]">&gt;&gt;</a>&nbsp;&nbsp;&nbsp;rwip_sleep
</UL>

<P><STRONG><a name="[208]"></a>ke_event_set</STRONG> (Thumb, 0 bytes, Stack size 0 bytes, peripheral_stack_symbol.txt(ABSOLUTE))
<BR><BR>[Called By]<UL><LI><a href="#[1e9]">&gt;&gt;</a>&nbsp;&nbsp;&nbsp;rwip_wakeup_end
</UL>

<P><STRONG><a name="[1fc]"></a>ke_event_schedule</STRONG> (Thumb, 0 bytes, Stack size 0 bytes, peripheral_stack_symbol.txt(ABSOLUTE))
<BR><BR>[Called By]<UL><LI><a href="#[1c5]">&gt;&gt;</a>&nbsp;&nbsp;&nbsp;rwip_schedule
</UL>

<P><STRONG><a name="[1f4]"></a>ke_mem_init</STRONG> (Thumb, 0 bytes, Stack size 0 bytes, peripheral_stack_symbol.txt(ABSOLUTE))
<BR><BR>[Called By]<UL><LI><a href="#[1dc]">&gt;&gt;</a>&nbsp;&nbsp;&nbsp;rwip_init
</UL>

<P><STRONG><a name="[16b]"></a>ke_malloc</STRONG> (Thumb, 0 bytes, Stack size 0 bytes, peripheral_stack_symbol.txt(ABSOLUTE))
<BR><BR>[Called By]<UL><LI><a href="#[3e]">&gt;&gt;</a>&nbsp;&nbsp;&nbsp;fff0s_init
</UL>

<P><STRONG><a name="[166]"></a>ke_free</STRONG> (Thumb, 0 bytes, Stack size 0 bytes, peripheral_stack_symbol.txt(ABSOLUTE))
<BR><BR>[Called By]<UL><LI><a href="#[3e]">&gt;&gt;</a>&nbsp;&nbsp;&nbsp;fff0s_init
<LI><a href="#[3f]">&gt;&gt;</a>&nbsp;&nbsp;&nbsp;fff0s_destroy
</UL>

<P><STRONG><a name="[c8]"></a>ke_msg_alloc</STRONG> (Thumb, 0 bytes, Stack size 0 bytes, peripheral_stack_symbol.txt(ABSOLUTE))
<BR><BR>[Called By]<UL><LI><a href="#[ca]">&gt;&gt;</a>&nbsp;&nbsp;&nbsp;app_fff1_send_lvl
<LI><a href="#[13c]">&gt;&gt;</a>&nbsp;&nbsp;&nbsp;appm_update_param
<LI><a href="#[12d]">&gt;&gt;</a>&nbsp;&nbsp;&nbsp;appm_disconnect
<LI><a href="#[13b]">&gt;&gt;</a>&nbsp;&nbsp;&nbsp;appm_update_adv_data
<LI><a href="#[139]">&gt;&gt;</a>&nbsp;&nbsp;&nbsp;appm_stop_advertising
<LI><a href="#[135]">&gt;&gt;</a>&nbsp;&nbsp;&nbsp;appm_start_advertising
<LI><a href="#[4d]">&gt;&gt;</a>&nbsp;&nbsp;&nbsp;gapm_device_ready_ind_handler
<LI><a href="#[4e]">&gt;&gt;</a>&nbsp;&nbsp;&nbsp;gapm_cmp_evt_handler
<LI><a href="#[50]">&gt;&gt;</a>&nbsp;&nbsp;&nbsp;gapc_set_dev_info_req_ind_handler
<LI><a href="#[58]">&gt;&gt;</a>&nbsp;&nbsp;&nbsp;gapc_param_update_req_ind_handler
<LI><a href="#[4f]">&gt;&gt;</a>&nbsp;&nbsp;&nbsp;gapc_get_dev_info_req_ind_handler
<LI><a href="#[51]">&gt;&gt;</a>&nbsp;&nbsp;&nbsp;gapc_connection_req_ind_handler
<LI><a href="#[47]">&gt;&gt;</a>&nbsp;&nbsp;&nbsp;app_fff0_add_fff0s
<LI><a href="#[44]">&gt;&gt;</a>&nbsp;&nbsp;&nbsp;gattc_write_req_ind_handler
<LI><a href="#[45]">&gt;&gt;</a>&nbsp;&nbsp;&nbsp;gattc_read_req_ind_handler
<LI><a href="#[43]">&gt;&gt;</a>&nbsp;&nbsp;&nbsp;gattc_att_info_req_ind_handler
<LI><a href="#[168]">&gt;&gt;</a>&nbsp;&nbsp;&nbsp;fff0s_notify_fff1_lvl
</UL>

<P><STRONG><a name="[c9]"></a>ke_msg_send</STRONG> (Thumb, 0 bytes, Stack size 0 bytes, peripheral_stack_symbol.txt(ABSOLUTE))
<BR><BR>[Called By]<UL><LI><a href="#[ca]">&gt;&gt;</a>&nbsp;&nbsp;&nbsp;app_fff1_send_lvl
<LI><a href="#[13c]">&gt;&gt;</a>&nbsp;&nbsp;&nbsp;appm_update_param
<LI><a href="#[12d]">&gt;&gt;</a>&nbsp;&nbsp;&nbsp;appm_disconnect
<LI><a href="#[13b]">&gt;&gt;</a>&nbsp;&nbsp;&nbsp;appm_update_adv_data
<LI><a href="#[139]">&gt;&gt;</a>&nbsp;&nbsp;&nbsp;appm_stop_advertising
<LI><a href="#[135]">&gt;&gt;</a>&nbsp;&nbsp;&nbsp;appm_start_advertising
<LI><a href="#[4d]">&gt;&gt;</a>&nbsp;&nbsp;&nbsp;gapm_device_ready_ind_handler
<LI><a href="#[4e]">&gt;&gt;</a>&nbsp;&nbsp;&nbsp;gapm_cmp_evt_handler
<LI><a href="#[50]">&gt;&gt;</a>&nbsp;&nbsp;&nbsp;gapc_set_dev_info_req_ind_handler
<LI><a href="#[58]">&gt;&gt;</a>&nbsp;&nbsp;&nbsp;gapc_param_update_req_ind_handler
<LI><a href="#[4f]">&gt;&gt;</a>&nbsp;&nbsp;&nbsp;gapc_get_dev_info_req_ind_handler
<LI><a href="#[51]">&gt;&gt;</a>&nbsp;&nbsp;&nbsp;gapc_connection_req_ind_handler
<LI><a href="#[47]">&gt;&gt;</a>&nbsp;&nbsp;&nbsp;app_fff0_add_fff0s
<LI><a href="#[44]">&gt;&gt;</a>&nbsp;&nbsp;&nbsp;gattc_write_req_ind_handler
<LI><a href="#[45]">&gt;&gt;</a>&nbsp;&nbsp;&nbsp;gattc_read_req_ind_handler
<LI><a href="#[43]">&gt;&gt;</a>&nbsp;&nbsp;&nbsp;gattc_att_info_req_ind_handler
<LI><a href="#[168]">&gt;&gt;</a>&nbsp;&nbsp;&nbsp;fff0s_notify_fff1_lvl
</UL>

<P><STRONG><a name="[130]"></a>ke_task_create</STRONG> (Thumb, 0 bytes, Stack size 0 bytes, peripheral_stack_symbol.txt(ABSOLUTE))
<BR><BR>[Called By]<UL><LI><a href="#[1e]">&gt;&gt;</a>&nbsp;&nbsp;&nbsp;prf_init
<LI><a href="#[12f]">&gt;&gt;</a>&nbsp;&nbsp;&nbsp;appm_init
</UL>

<P><STRONG><a name="[131]"></a>ke_state_set</STRONG> (Thumb, 0 bytes, Stack size 0 bytes, peripheral_stack_symbol.txt(ABSOLUTE))
<BR><BR>[Called By]<UL><LI><a href="#[139]">&gt;&gt;</a>&nbsp;&nbsp;&nbsp;appm_stop_advertising
<LI><a href="#[135]">&gt;&gt;</a>&nbsp;&nbsp;&nbsp;appm_start_advertising
<LI><a href="#[12f]">&gt;&gt;</a>&nbsp;&nbsp;&nbsp;appm_init
<LI><a href="#[4e]">&gt;&gt;</a>&nbsp;&nbsp;&nbsp;gapm_cmp_evt_handler
<LI><a href="#[53]">&gt;&gt;</a>&nbsp;&nbsp;&nbsp;gapc_disconnect_ind_handler
<LI><a href="#[51]">&gt;&gt;</a>&nbsp;&nbsp;&nbsp;gapc_connection_req_ind_handler
<LI><a href="#[46]">&gt;&gt;</a>&nbsp;&nbsp;&nbsp;gattc_cmp_evt_handler
<LI><a href="#[42]">&gt;&gt;</a>&nbsp;&nbsp;&nbsp;fff0s_fff1_level_upd_req_handler
<LI><a href="#[3e]">&gt;&gt;</a>&nbsp;&nbsp;&nbsp;fff0s_init
</UL>

<P><STRONG><a name="[cf]"></a>ke_state_get</STRONG> (Thumb, 0 bytes, Stack size 0 bytes, peripheral_stack_symbol.txt(ABSOLUTE))
<BR><BR>[Called By]<UL><LI><a href="#[d1]">&gt;&gt;</a>&nbsp;&nbsp;&nbsp;suble_adv_param_set
<LI><a href="#[cd]">&gt;&gt;</a>&nbsp;&nbsp;&nbsp;app_ibeacon_stop
<LI><a href="#[ce]">&gt;&gt;</a>&nbsp;&nbsp;&nbsp;app_ibeacon_start
<LI><a href="#[13b]">&gt;&gt;</a>&nbsp;&nbsp;&nbsp;appm_update_adv_data
<LI><a href="#[139]">&gt;&gt;</a>&nbsp;&nbsp;&nbsp;appm_stop_advertising
<LI><a href="#[135]">&gt;&gt;</a>&nbsp;&nbsp;&nbsp;appm_start_advertising
<LI><a href="#[54]">&gt;&gt;</a>&nbsp;&nbsp;&nbsp;gapm_profile_added_ind_handler
<LI><a href="#[46]">&gt;&gt;</a>&nbsp;&nbsp;&nbsp;gattc_cmp_evt_handler
<LI><a href="#[42]">&gt;&gt;</a>&nbsp;&nbsp;&nbsp;fff0s_fff1_level_upd_req_handler
</UL>

<P><STRONG><a name="[1b7]"></a>ke_task_msg_flush</STRONG> (Thumb, 0 bytes, Stack size 0 bytes, peripheral_stack_symbol.txt(ABSOLUTE))
<BR><BR>[Called By]<UL><LI><a href="#[1e]">&gt;&gt;</a>&nbsp;&nbsp;&nbsp;prf_init
</UL>

<P><STRONG><a name="[233]"></a>ke_timer_set</STRONG> (Thumb, 0 bytes, Stack size 0 bytes, peripheral_stack_symbol.txt(ABSOLUTE))
<BR><BR>[Called By]<UL><LI><a href="#[197]">&gt;&gt;</a>&nbsp;&nbsp;&nbsp;suble_timer_start_0
<LI><a href="#[232]">&gt;&gt;</a>&nbsp;&nbsp;&nbsp;suble_timer_continue
</UL>

<P><STRONG><a name="[236]"></a>ke_timer_clear</STRONG> (Thumb, 0 bytes, Stack size 0 bytes, peripheral_stack_symbol.txt(ABSOLUTE))
<BR><BR>[Called By]<UL><LI><a href="#[22c]">&gt;&gt;</a>&nbsp;&nbsp;&nbsp;suble_timer_stop_0
</UL>

<P><STRONG><a name="[1ff]"></a>ke_timer_sleep_check</STRONG> (Thumb, 0 bytes, Stack size 0 bytes, peripheral_stack_symbol.txt(ABSOLUTE))
<BR><BR>[Called By]<UL><LI><a href="#[1c8]">&gt;&gt;</a>&nbsp;&nbsp;&nbsp;rwip_sleep
</UL>

<P><STRONG><a name="[1e3]"></a>em_buf_init</STRONG> (Thumb, 0 bytes, Stack size 0 bytes, peripheral_stack_symbol.txt(ABSOLUTE))
<BR><BR>[Called By]<UL><LI><a href="#[1f0]">&gt;&gt;</a>&nbsp;&nbsp;&nbsp;rwble_reset
<LI><a href="#[1e2]">&gt;&gt;</a>&nbsp;&nbsp;&nbsp;rwble_init
</UL>

<P><STRONG><a name="[1e5]"></a>llc_init</STRONG> (Thumb, 0 bytes, Stack size 0 bytes, peripheral_stack_symbol.txt(ABSOLUTE))
<BR><BR>[Called By]<UL><LI><a href="#[1e2]">&gt;&gt;</a>&nbsp;&nbsp;&nbsp;rwble_init
</UL>

<P><STRONG><a name="[1f2]"></a>llc_reset</STRONG> (Thumb, 0 bytes, Stack size 0 bytes, peripheral_stack_symbol.txt(ABSOLUTE))
<BR><BR>[Called By]<UL><LI><a href="#[1f0]">&gt;&gt;</a>&nbsp;&nbsp;&nbsp;rwble_reset
</UL>

<P><STRONG><a name="[1e4]"></a>lld_init</STRONG> (Thumb, 0 bytes, Stack size 0 bytes, peripheral_stack_symbol.txt(ABSOLUTE))
<BR><BR>[Called By]<UL><LI><a href="#[1f0]">&gt;&gt;</a>&nbsp;&nbsp;&nbsp;rwble_reset
<LI><a href="#[1e2]">&gt;&gt;</a>&nbsp;&nbsp;&nbsp;rwble_init
</UL>

<P><STRONG><a name="[1f1]"></a>lld_core_reset</STRONG> (Thumb, 0 bytes, Stack size 0 bytes, peripheral_stack_symbol.txt(ABSOLUTE))
<BR><BR>[Called By]<UL><LI><a href="#[1f0]">&gt;&gt;</a>&nbsp;&nbsp;&nbsp;rwble_reset
</UL>

<P><STRONG><a name="[1ef]"></a>lld_crypt_isr</STRONG> (Thumb, 0 bytes, Stack size 0 bytes, peripheral_stack_symbol.txt(ABSOLUTE))
<BR><BR>[Called By]<UL><LI><a href="#[a5]">&gt;&gt;</a>&nbsp;&nbsp;&nbsp;rwble_isr
</UL>

<P><STRONG><a name="[1ee]"></a>lld_evt_timer_isr</STRONG> (Thumb, 0 bytes, Stack size 0 bytes, peripheral_stack_symbol.txt(ABSOLUTE))
<BR><BR>[Called By]<UL><LI><a href="#[a5]">&gt;&gt;</a>&nbsp;&nbsp;&nbsp;rwble_isr
</UL>

<P><STRONG><a name="[1eb]"></a>lld_evt_end_isr</STRONG> (Thumb, 0 bytes, Stack size 0 bytes, peripheral_stack_symbol.txt(ABSOLUTE))
<BR><BR>[Called By]<UL><LI><a href="#[a5]">&gt;&gt;</a>&nbsp;&nbsp;&nbsp;rwble_isr
</UL>

<P><STRONG><a name="[1ec]"></a>lld_evt_rx_isr</STRONG> (Thumb, 0 bytes, Stack size 0 bytes, peripheral_stack_symbol.txt(ABSOLUTE))
<BR><BR>[Called By]<UL><LI><a href="#[a5]">&gt;&gt;</a>&nbsp;&nbsp;&nbsp;rwble_isr
</UL>

<P><STRONG><a name="[204]"></a>lld_sleep_enter</STRONG> (Thumb, 0 bytes, Stack size 0 bytes, peripheral_stack_symbol.txt(ABSOLUTE))
<BR><BR>[Called By]<UL><LI><a href="#[1c8]">&gt;&gt;</a>&nbsp;&nbsp;&nbsp;rwip_sleep
</UL>

<P><STRONG><a name="[205]"></a>lld_sleep_wakeup</STRONG> (Thumb, 0 bytes, Stack size 0 bytes, peripheral_stack_symbol.txt(ABSOLUTE))
<BR><BR>[Called By]<UL><LI><a href="#[1e8]">&gt;&gt;</a>&nbsp;&nbsp;&nbsp;rwip_wakeup
</UL>

<P><STRONG><a name="[207]"></a>lld_sleep_wakeup_end</STRONG> (Thumb, 0 bytes, Stack size 0 bytes, peripheral_stack_symbol.txt(ABSOLUTE))
<BR><BR>[Called By]<UL><LI><a href="#[1e9]">&gt;&gt;</a>&nbsp;&nbsp;&nbsp;rwip_wakeup_end
</UL>

<P><STRONG><a name="[1e6]"></a>llm_init</STRONG> (Thumb, 0 bytes, Stack size 0 bytes, peripheral_stack_symbol.txt(ABSOLUTE))
<BR><BR>[Called By]<UL><LI><a href="#[1f0]">&gt;&gt;</a>&nbsp;&nbsp;&nbsp;rwble_reset
<LI><a href="#[1e2]">&gt;&gt;</a>&nbsp;&nbsp;&nbsp;rwble_init
</UL>

<P><STRONG><a name="[1e7]"></a>llm_ble_ready</STRONG> (Thumb, 0 bytes, Stack size 0 bytes, peripheral_stack_symbol.txt(ABSOLUTE))
<BR><BR>[Called By]<UL><LI><a href="#[1e2]">&gt;&gt;</a>&nbsp;&nbsp;&nbsp;rwble_init
</UL>

<P><STRONG><a name="[1f9]"></a>ea_init</STRONG> (Thumb, 0 bytes, Stack size 0 bytes, peripheral_stack_symbol.txt(ABSOLUTE))
<BR><BR>[Called By]<UL><LI><a href="#[23]">&gt;&gt;</a>&nbsp;&nbsp;&nbsp;rwip_reset
<LI><a href="#[1dc]">&gt;&gt;</a>&nbsp;&nbsp;&nbsp;rwip_init
</UL>

<P><STRONG><a name="[1ea]"></a>ea_finetimer_isr</STRONG> (Thumb, 0 bytes, Stack size 0 bytes, peripheral_stack_symbol.txt(ABSOLUTE))
<BR><BR>[Called By]<UL><LI><a href="#[a5]">&gt;&gt;</a>&nbsp;&nbsp;&nbsp;rwble_isr
</UL>

<P><STRONG><a name="[1ed]"></a>ea_sw_isr</STRONG> (Thumb, 0 bytes, Stack size 0 bytes, peripheral_stack_symbol.txt(ABSOLUTE))
<BR><BR>[Called By]<UL><LI><a href="#[a5]">&gt;&gt;</a>&nbsp;&nbsp;&nbsp;rwble_isr
</UL>

<P><STRONG><a name="[201]"></a>ea_sleep_check</STRONG> (Thumb, 0 bytes, Stack size 0 bytes, peripheral_stack_symbol.txt(ABSOLUTE))
<BR><BR>[Called By]<UL><LI><a href="#[1c8]">&gt;&gt;</a>&nbsp;&nbsp;&nbsp;rwip_sleep
</UL>

<P><STRONG><a name="[1df]"></a>gapm_init</STRONG> (Thumb, 0 bytes, Stack size 0 bytes, peripheral_stack_symbol.txt(ABSOLUTE))
<BR><BR>[Called By]<UL><LI><a href="#[22]">&gt;&gt;</a>&nbsp;&nbsp;&nbsp;rwble_hl_reset
<LI><a href="#[1dd]">&gt;&gt;</a>&nbsp;&nbsp;&nbsp;rwble_hl_init
</UL>

<P><STRONG><a name="[16c]"></a>attm_svc_create_db</STRONG> (Thumb, 0 bytes, Stack size 0 bytes, peripheral_stack_symbol.txt(ABSOLUTE))
<BR><BR>[Called By]<UL><LI><a href="#[3e]">&gt;&gt;</a>&nbsp;&nbsp;&nbsp;fff0s_init
</UL>

<P><STRONG><a name="[1de]"></a>attm_init</STRONG> (Thumb, 0 bytes, Stack size 0 bytes, peripheral_stack_symbol.txt(ABSOLUTE))
<BR><BR>[Called By]<UL><LI><a href="#[22]">&gt;&gt;</a>&nbsp;&nbsp;&nbsp;rwble_hl_reset
<LI><a href="#[1dd]">&gt;&gt;</a>&nbsp;&nbsp;&nbsp;rwble_hl_init
</UL>

<P><STRONG><a name="[1e0]"></a>gattm_init</STRONG> (Thumb, 0 bytes, Stack size 0 bytes, peripheral_stack_symbol.txt(ABSOLUTE))
<BR><BR>[Called By]<UL><LI><a href="#[22]">&gt;&gt;</a>&nbsp;&nbsp;&nbsp;rwble_hl_reset
<LI><a href="#[1dd]">&gt;&gt;</a>&nbsp;&nbsp;&nbsp;rwble_hl_init
</UL>

<P><STRONG><a name="[1e1]"></a>l2cm_init</STRONG> (Thumb, 0 bytes, Stack size 0 bytes, peripheral_stack_symbol.txt(ABSOLUTE))
<BR><BR>[Called By]<UL><LI><a href="#[22]">&gt;&gt;</a>&nbsp;&nbsp;&nbsp;rwble_hl_reset
<LI><a href="#[1dd]">&gt;&gt;</a>&nbsp;&nbsp;&nbsp;rwble_hl_init
</UL>

<P><STRONG><a name="[1f7]"></a>hci_init</STRONG> (Thumb, 0 bytes, Stack size 0 bytes, peripheral_stack_symbol.txt(ABSOLUTE))
<BR><BR>[Called By]<UL><LI><a href="#[1dc]">&gt;&gt;</a>&nbsp;&nbsp;&nbsp;rwip_init
</UL>

<P><STRONG><a name="[1fb]"></a>hci_reset</STRONG> (Thumb, 0 bytes, Stack size 0 bytes, peripheral_stack_symbol.txt(ABSOLUTE))
<BR><BR>[Called By]<UL><LI><a href="#[23]">&gt;&gt;</a>&nbsp;&nbsp;&nbsp;rwip_reset
</UL>

<P><STRONG><a name="[1f6]"></a>h4tl_init</STRONG> (Thumb, 0 bytes, Stack size 0 bytes, peripheral_stack_symbol.txt(ABSOLUTE))
<BR><BR>[Called By]<UL><LI><a href="#[1dc]">&gt;&gt;</a>&nbsp;&nbsp;&nbsp;rwip_init
</UL>

<P><STRONG><a name="[206]"></a>h4tl_start</STRONG> (Thumb, 0 bytes, Stack size 0 bytes, peripheral_stack_symbol.txt(ABSOLUTE))
<BR><BR>[Called By]<UL><LI><a href="#[1e8]">&gt;&gt;</a>&nbsp;&nbsp;&nbsp;rwip_wakeup
</UL>

<P><STRONG><a name="[202]"></a>h4tl_stop</STRONG> (Thumb, 0 bytes, Stack size 0 bytes, peripheral_stack_symbol.txt(ABSOLUTE))
<BR><BR>[Called By]<UL><LI><a href="#[1c8]">&gt;&gt;</a>&nbsp;&nbsp;&nbsp;rwip_sleep
</UL>

<P><STRONG><a name="[1f8]"></a>ahi_init</STRONG> (Thumb, 0 bytes, Stack size 0 bytes, peripheral_stack_symbol.txt(ABSOLUTE))
<BR><BR>[Called By]<UL><LI><a href="#[1dc]">&gt;&gt;</a>&nbsp;&nbsp;&nbsp;rwip_init
</UL>

<P><STRONG><a name="[84]"></a>__aeabi_uidivmod</STRONG> (Thumb, 0 bytes, Stack size 0 bytes, peripheral_stack_symbol.txt(ABSOLUTE))
<BR><BR>[Called By]<UL><LI><a href="#[197]">&gt;&gt;</a>&nbsp;&nbsp;&nbsp;suble_timer_start_0
<LI><a href="#[194]">&gt;&gt;</a>&nbsp;&nbsp;&nbsp;suble_buzzer_start
<LI><a href="#[1bd]">&gt;&gt;</a>&nbsp;&nbsp;&nbsp;suble_battery_get_value_outtime_handler
<LI><a href="#[df]">&gt;&gt;</a>&nbsp;&nbsp;&nbsp;app_ota_get_crc32_in_flash
<LI><a href="#[ef]">&gt;&gt;</a>&nbsp;&nbsp;&nbsp;suble_gap_conn_param_update
<LI><a href="#[28d]">&gt;&gt;</a>&nbsp;&nbsp;&nbsp;tuya_ble_queue_decrease
<LI><a href="#[268]">&gt;&gt;</a>&nbsp;&nbsp;&nbsp;tuya_ble_enqueue
<LI><a href="#[263]">&gt;&gt;</a>&nbsp;&nbsp;&nbsp;tuya_ble_dequeue
<LI><a href="#[12b]">&gt;&gt;</a>&nbsp;&nbsp;&nbsp;applib_dt_is_leap_year
<LI><a href="#[27]">&gt;&gt;</a>&nbsp;&nbsp;&nbsp;rwip_us_2_lpcycles
<LI><a href="#[1c8]">&gt;&gt;</a>&nbsp;&nbsp;&nbsp;rwip_sleep
<LI><a href="#[81]">&gt;&gt;</a>&nbsp;&nbsp;&nbsp;rw_fcc_enter
<LI><a href="#[a5]">&gt;&gt;</a>&nbsp;&nbsp;&nbsp;rwble_isr
<LI><a href="#[189]">&gt;&gt;</a>&nbsp;&nbsp;&nbsp;kmod_calibration
<LI><a href="#[86]">&gt;&gt;</a>&nbsp;&nbsp;&nbsp;pn9_test_process
<LI><a href="#[ae]">&gt;&gt;</a>&nbsp;&nbsp;&nbsp;_printf_core
</UL>

<P><STRONG><a name="[211]"></a>__aeabi_idivmod</STRONG> (Thumb, 0 bytes, Stack size 0 bytes, peripheral_stack_symbol.txt(ABSOLUTE))
<BR><BR>[Called By]<UL><LI><a href="#[1bd]">&gt;&gt;</a>&nbsp;&nbsp;&nbsp;suble_battery_get_value_outtime_handler
</UL>

<P><STRONG><a name="[133]"></a>rand</STRONG> (Thumb, 0 bytes, Stack size 0 bytes, peripheral_stack_symbol.txt(ABSOLUTE))
<BR><BR>[Called By]<UL><LI><a href="#[298]">&gt;&gt;</a>&nbsp;&nbsp;&nbsp;tuya_ble_rand_generator
<LI><a href="#[255]">&gt;&gt;</a>&nbsp;&nbsp;&nbsp;tuya_ble_commData_send
<LI><a href="#[12f]">&gt;&gt;</a>&nbsp;&nbsp;&nbsp;appm_init
</UL>

<P><STRONG><a name="[1cf]"></a>srand</STRONG> (Thumb, 0 bytes, Stack size 0 bytes, peripheral_stack_symbol.txt(ABSOLUTE))
<BR><BR>[Called By]<UL><LI><a href="#[1ce]">&gt;&gt;</a>&nbsp;&nbsp;&nbsp;rw_main
<LI><a href="#[1f0]">&gt;&gt;</a>&nbsp;&nbsp;&nbsp;rwble_reset
</UL>

<P><STRONG><a name="[cb]"></a>__aeabi_memcpy</STRONG> (Thumb, 0 bytes, Stack size 0 bytes, peripheral_stack_symbol.txt(ABSOLUTE))
<BR><BR>[Called By]<UL><LI><a href="#[122]">&gt;&gt;</a>&nbsp;&nbsp;&nbsp;app_test_write_auth_info_handler
<LI><a href="#[126]">&gt;&gt;</a>&nbsp;&nbsp;&nbsp;app_test_rsp
<LI><a href="#[123]">&gt;&gt;</a>&nbsp;&nbsp;&nbsp;app_test_query_info_handler
<LI><a href="#[19a]">&gt;&gt;</a>&nbsp;&nbsp;&nbsp;tuya_ble_production_test_asynchronous_response
<LI><a href="#[199]">&gt;&gt;</a>&nbsp;&nbsp;&nbsp;lock_test_rsp
<LI><a href="#[18c]">&gt;&gt;</a>&nbsp;&nbsp;&nbsp;lock_dp_parser_handler
<LI><a href="#[cd]">&gt;&gt;</a>&nbsp;&nbsp;&nbsp;app_ibeacon_stop
<LI><a href="#[ce]">&gt;&gt;</a>&nbsp;&nbsp;&nbsp;app_ibeacon_start
<LI><a href="#[22f]">&gt;&gt;</a>&nbsp;&nbsp;&nbsp;suble_svc_notify
<LI><a href="#[19b]">&gt;&gt;</a>&nbsp;&nbsp;&nbsp;mbedtls_aes_crypt_cbc
<LI><a href="#[298]">&gt;&gt;</a>&nbsp;&nbsp;&nbsp;tuya_ble_rand_generator
<LI><a href="#[247]">&gt;&gt;</a>&nbsp;&nbsp;&nbsp;tuya_ble_gap_advertising_scan_rsp_data_update
<LI><a href="#[246]">&gt;&gt;</a>&nbsp;&nbsp;&nbsp;tuya_ble_gap_advertising_adv_data_update
<LI><a href="#[f0]">&gt;&gt;</a>&nbsp;&nbsp;&nbsp;tuya_ble_ota_response
<LI><a href="#[e6]">&gt;&gt;</a>&nbsp;&nbsp;&nbsp;app_ota_file_info_handler
<LI><a href="#[229]">&gt;&gt;</a>&nbsp;&nbsp;&nbsp;tuya_ble_app_init
<LI><a href="#[224]">&gt;&gt;</a>&nbsp;&nbsp;&nbsp;tuya_ble_app_evt_send_with_data
<LI><a href="#[24f]">&gt;&gt;</a>&nbsp;&nbsp;&nbsp;tuya_ble_sdk_init
<LI><a href="#[fd]">&gt;&gt;</a>&nbsp;&nbsp;&nbsp;tuya_ble_dp_data_with_time_report
<LI><a href="#[fb]">&gt;&gt;</a>&nbsp;&nbsp;&nbsp;tuya_ble_dp_data_report
<LI><a href="#[10e]">&gt;&gt;</a>&nbsp;&nbsp;&nbsp;suble_gap_set_bt_mac
<LI><a href="#[101]">&gt;&gt;</a>&nbsp;&nbsp;&nbsp;suble_gap_get_bt_mac
<LI><a href="#[109]">&gt;&gt;</a>&nbsp;&nbsp;&nbsp;sf_nv_write
<LI><a href="#[104]">&gt;&gt;</a>&nbsp;&nbsp;&nbsp;sf_nv_read
<LI><a href="#[28e]">&gt;&gt;</a>&nbsp;&nbsp;&nbsp;tuya_ble_queue_get
<LI><a href="#[268]">&gt;&gt;</a>&nbsp;&nbsp;&nbsp;tuya_ble_enqueue
<LI><a href="#[263]">&gt;&gt;</a>&nbsp;&nbsp;&nbsp;tuya_ble_dequeue
<LI><a href="#[2a1]">&gt;&gt;</a>&nbsp;&nbsp;&nbsp;tuya_ble_sched_event_put
<LI><a href="#[2a0]">&gt;&gt;</a>&nbsp;&nbsp;&nbsp;tuya_sched_execute
<LI><a href="#[243]">&gt;&gt;</a>&nbsp;&nbsp;&nbsp;tuya_ble_adv_change
<LI><a href="#[14c]">&gt;&gt;</a>&nbsp;&nbsp;&nbsp;data_2_klvlist
<LI><a href="#[230]">&gt;&gt;</a>&nbsp;&nbsp;&nbsp;tuya_ble_gatt_receive_data
<LI><a href="#[25c]">&gt;&gt;</a>&nbsp;&nbsp;&nbsp;tuya_ble_common_uart_send_full_instruction_received
<LI><a href="#[2ae]">&gt;&gt;</a>&nbsp;&nbsp;&nbsp;tuya_ble_uart_common_mcu_ota_data_from_uart_handler
<LI><a href="#[274]">&gt;&gt;</a>&nbsp;&nbsp;&nbsp;tuya_ble_handle_dp_data_with_time_string_reported_evt
<LI><a href="#[273]">&gt;&gt;</a>&nbsp;&nbsp;&nbsp;tuya_ble_handle_dp_data_with_time_reported_evt
<LI><a href="#[26c]">&gt;&gt;</a>&nbsp;&nbsp;&nbsp;tuya_ble_handle_device_info_update_evt
<LI><a href="#[29a]">&gt;&gt;</a>&nbsp;&nbsp;&nbsp;tuya_ble_uart_common_mcu_ota_data_from_ble_handler
<LI><a href="#[258]">&gt;&gt;</a>&nbsp;&nbsp;&nbsp;tuya_ble_gatt_send_data_enqueue
<LI><a href="#[257]">&gt;&gt;</a>&nbsp;&nbsp;&nbsp;tuya_ble_encryption (via BLX)
<LI><a href="#[25a]">&gt;&gt;</a>&nbsp;&nbsp;&nbsp;tuya_ble_decryption (via BLX)
<LI><a href="#[241]">&gt;&gt;</a>&nbsp;&nbsp;&nbsp;trsmitr_send_pkg_encode
<LI><a href="#[140]">&gt;&gt;</a>&nbsp;&nbsp;&nbsp;trsmitr_recv_pkg_decode
<LI><a href="#[27e]">&gt;&gt;</a>&nbsp;&nbsp;&nbsp;tuya_ble_evt_process
<LI><a href="#[259]">&gt;&gt;</a>&nbsp;&nbsp;&nbsp;tuya_ble_commonData_rx_proc
<LI><a href="#[255]">&gt;&gt;</a>&nbsp;&nbsp;&nbsp;tuya_ble_commData_send
<LI><a href="#[286]">&gt;&gt;</a>&nbsp;&nbsp;&nbsp;tuya_ble_handle_unix_time_char_ms_resp
<LI><a href="#[284]">&gt;&gt;</a>&nbsp;&nbsp;&nbsp;tuya_ble_handle_pair_req
<LI><a href="#[285]">&gt;&gt;</a>&nbsp;&nbsp;&nbsp;tuya_ble_handle_ota_req
<LI><a href="#[27f]">&gt;&gt;</a>&nbsp;&nbsp;&nbsp;tuya_ble_handle_net_config_info_req
<LI><a href="#[281]">&gt;&gt;</a>&nbsp;&nbsp;&nbsp;tuya_ble_handle_dp_write_req
<LI><a href="#[282]">&gt;&gt;</a>&nbsp;&nbsp;&nbsp;tuya_ble_handle_dp_query_req
<LI><a href="#[283]">&gt;&gt;</a>&nbsp;&nbsp;&nbsp;tuya_ble_handle_dev_info_req
<LI><a href="#[13f]">&gt;&gt;</a>&nbsp;&nbsp;&nbsp;ble_data_unpack
<LI><a href="#[2ad]">&gt;&gt;</a>&nbsp;&nbsp;&nbsp;tuya_ble_storage_load_settings
<LI><a href="#[ca]">&gt;&gt;</a>&nbsp;&nbsp;&nbsp;app_fff1_send_lvl
<LI><a href="#[1da]">&gt;&gt;</a>&nbsp;&nbsp;&nbsp;suble_gap_init_bt_mac
<LI><a href="#[13b]">&gt;&gt;</a>&nbsp;&nbsp;&nbsp;appm_update_adv_data
<LI><a href="#[135]">&gt;&gt;</a>&nbsp;&nbsp;&nbsp;appm_start_advertising
<LI><a href="#[1ab]">&gt;&gt;</a>&nbsp;&nbsp;&nbsp;mbedtls_md5_update_ret
<LI><a href="#[1b1]">&gt;&gt;</a>&nbsp;&nbsp;&nbsp;nv_write
<LI><a href="#[1ad]">&gt;&gt;</a>&nbsp;&nbsp;&nbsp;nv_read
<LI><a href="#[17d]">&gt;&gt;</a>&nbsp;&nbsp;&nbsp;flash_write_data
<LI><a href="#[17b]">&gt;&gt;</a>&nbsp;&nbsp;&nbsp;flash_read_data
<LI><a href="#[262]">&gt;&gt;</a>&nbsp;&nbsp;&nbsp;tuya_ble_key_generate (via BLX)
<LI><a href="#[293]">&gt;&gt;</a>&nbsp;&nbsp;&nbsp;tuya_ble_generate_key1 (via BLX)
<LI><a href="#[264]">&gt;&gt;</a>&nbsp;&nbsp;&nbsp;tuya_ble_device_id_key_generate (via BLX)
<LI><a href="#[242]">&gt;&gt;</a>&nbsp;&nbsp;&nbsp;tuya_ble_Add_Pkcs (via BLX)
<LI><a href="#[4e]">&gt;&gt;</a>&nbsp;&nbsp;&nbsp;gapm_cmp_evt_handler
<LI><a href="#[12e]">&gt;&gt;</a>&nbsp;&nbsp;&nbsp;appm_get_dev_name
<LI><a href="#[44]">&gt;&gt;</a>&nbsp;&nbsp;&nbsp;gattc_write_req_ind_handler
<LI><a href="#[168]">&gt;&gt;</a>&nbsp;&nbsp;&nbsp;fff0s_notify_fff1_lvl
</UL>

<P><STRONG><a name="[121]"></a>__aeabi_memcpy4</STRONG> (Thumb, 0 bytes, Stack size 0 bytes, peripheral_stack_symbol.txt(ABSOLUTE))
<BR><BR>[Called By]<UL><LI><a href="#[120]">&gt;&gt;</a>&nbsp;&nbsp;&nbsp;app_test_process
<LI><a href="#[164]">&gt;&gt;</a>&nbsp;&nbsp;&nbsp;lock_test_process
<LI><a href="#[243]">&gt;&gt;</a>&nbsp;&nbsp;&nbsp;tuya_ble_adv_change
<LI><a href="#[284]">&gt;&gt;</a>&nbsp;&nbsp;&nbsp;tuya_ble_handle_pair_req
<LI><a href="#[2ad]">&gt;&gt;</a>&nbsp;&nbsp;&nbsp;tuya_ble_storage_load_settings
<LI><a href="#[1ce]">&gt;&gt;</a>&nbsp;&nbsp;&nbsp;rw_main
</UL>

<P><STRONG><a name="[e9]"></a>memcmp</STRONG> (Thumb, 0 bytes, Stack size 0 bytes, peripheral_stack_symbol.txt(ABSOLUTE))
<BR><BR>[Called By]<UL><LI><a href="#[123]">&gt;&gt;</a>&nbsp;&nbsp;&nbsp;app_test_query_info_handler
<LI><a href="#[ea]">&gt;&gt;</a>&nbsp;&nbsp;&nbsp;app_ota_file_offset_handler
<LI><a href="#[e6]">&gt;&gt;</a>&nbsp;&nbsp;&nbsp;app_ota_file_info_handler
<LI><a href="#[284]">&gt;&gt;</a>&nbsp;&nbsp;&nbsp;tuya_ble_handle_pair_req
<LI><a href="#[1da]">&gt;&gt;</a>&nbsp;&nbsp;&nbsp;suble_gap_init_bt_mac
<LI><a href="#[262]">&gt;&gt;</a>&nbsp;&nbsp;&nbsp;tuya_ble_key_generate (via BLX)
</UL>

<P><STRONG><a name="[a0]"></a>__ARM_clz</STRONG> (ARM, 0 bytes, Stack size 0 bytes, peripheral_stack_symbol.txt(ABSOLUTE))
<BR><BR>[Called By]<UL><LI><a href="#[96]">&gt;&gt;</a>&nbsp;&nbsp;&nbsp;_double_epilogue (via BLX)
</UL>

<P><STRONG><a name="[1b3]"></a>__ARM_common_disable_fiq</STRONG> (ARM, 0 bytes, Stack size 0 bytes, peripheral_stack_symbol.txt(ABSOLUTE))
<BR><BR>[Called By]<UL><LI><a href="#[161]">&gt;&gt;</a>&nbsp;&nbsp;&nbsp;suble_enter_critical (via BLX)
<LI><a href="#[29]">&gt;&gt;</a>&nbsp;&nbsp;&nbsp;platform_reset (via BLX)
<LI><a href="#[23]">&gt;&gt;</a>&nbsp;&nbsp;&nbsp;rwip_reset (via BLX)
<LI><a href="#[24]">&gt;&gt;</a>&nbsp;&nbsp;&nbsp;rwip_prevent_sleep_set (via BLX)
<LI><a href="#[25]">&gt;&gt;</a>&nbsp;&nbsp;&nbsp;rwip_prevent_sleep_clear (via BLX)
<LI><a href="#[1c4]">&gt;&gt;</a>&nbsp;&nbsp;&nbsp;rw_app_enter (via BLX)
<LI><a href="#[1f0]">&gt;&gt;</a>&nbsp;&nbsp;&nbsp;rwble_reset (via BLX)
</UL>

<P><STRONG><a name="[1b4]"></a>__ARM_common_disable_irq</STRONG> (ARM, 0 bytes, Stack size 0 bytes, peripheral_stack_symbol.txt(ABSOLUTE))
<BR><BR>[Called By]<UL><LI><a href="#[161]">&gt;&gt;</a>&nbsp;&nbsp;&nbsp;suble_enter_critical (via BLX)
<LI><a href="#[29]">&gt;&gt;</a>&nbsp;&nbsp;&nbsp;platform_reset (via BLX)
<LI><a href="#[23]">&gt;&gt;</a>&nbsp;&nbsp;&nbsp;rwip_reset (via BLX)
<LI><a href="#[24]">&gt;&gt;</a>&nbsp;&nbsp;&nbsp;rwip_prevent_sleep_set (via BLX)
<LI><a href="#[25]">&gt;&gt;</a>&nbsp;&nbsp;&nbsp;rwip_prevent_sleep_clear (via BLX)
<LI><a href="#[1c4]">&gt;&gt;</a>&nbsp;&nbsp;&nbsp;rw_app_enter (via BLX)
<LI><a href="#[1f0]">&gt;&gt;</a>&nbsp;&nbsp;&nbsp;rwble_reset (via BLX)
</UL>

<P><STRONG><a name="[1cc]"></a>__ARM_common_enable_fiq</STRONG> (ARM, 0 bytes, Stack size 0 bytes, peripheral_stack_symbol.txt(ABSOLUTE))
<BR><BR>[Called By]<UL><LI><a href="#[162]">&gt;&gt;</a>&nbsp;&nbsp;&nbsp;suble_exit_critical (via BLX)
<LI><a href="#[23]">&gt;&gt;</a>&nbsp;&nbsp;&nbsp;rwip_reset (via BLX)
<LI><a href="#[24]">&gt;&gt;</a>&nbsp;&nbsp;&nbsp;rwip_prevent_sleep_set (via BLX)
<LI><a href="#[25]">&gt;&gt;</a>&nbsp;&nbsp;&nbsp;rwip_prevent_sleep_clear (via BLX)
<LI><a href="#[1ce]">&gt;&gt;</a>&nbsp;&nbsp;&nbsp;rw_main (via BLX)
<LI><a href="#[1c4]">&gt;&gt;</a>&nbsp;&nbsp;&nbsp;rw_app_enter (via BLX)
<LI><a href="#[1f0]">&gt;&gt;</a>&nbsp;&nbsp;&nbsp;rwble_reset (via BLX)
</UL>

<P><STRONG><a name="[1cd]"></a>__ARM_common_enable_irq</STRONG> (ARM, 0 bytes, Stack size 0 bytes, peripheral_stack_symbol.txt(ABSOLUTE))
<BR><BR>[Called By]<UL><LI><a href="#[162]">&gt;&gt;</a>&nbsp;&nbsp;&nbsp;suble_exit_critical (via BLX)
<LI><a href="#[23]">&gt;&gt;</a>&nbsp;&nbsp;&nbsp;rwip_reset (via BLX)
<LI><a href="#[24]">&gt;&gt;</a>&nbsp;&nbsp;&nbsp;rwip_prevent_sleep_set (via BLX)
<LI><a href="#[25]">&gt;&gt;</a>&nbsp;&nbsp;&nbsp;rwip_prevent_sleep_clear (via BLX)
<LI><a href="#[1ce]">&gt;&gt;</a>&nbsp;&nbsp;&nbsp;rw_main (via BLX)
<LI><a href="#[1c4]">&gt;&gt;</a>&nbsp;&nbsp;&nbsp;rw_app_enter (via BLX)
<LI><a href="#[1f0]">&gt;&gt;</a>&nbsp;&nbsp;&nbsp;rwble_reset (via BLX)
</UL>

<P><STRONG><a name="[bb]"></a>__ARM_common_switch8</STRONG> (ARM, 0 bytes, Stack size 0 bytes, peripheral_stack_symbol.txt(ABSOLUTE))
<BR><BR>[Called By]<UL><LI><a href="#[120]">&gt;&gt;</a>&nbsp;&nbsp;&nbsp;app_test_process (via BLX)
<LI><a href="#[ba]">&gt;&gt;</a>&nbsp;&nbsp;&nbsp;antilost_common_report (via BLX)
<LI><a href="#[18c]">&gt;&gt;</a>&nbsp;&nbsp;&nbsp;lock_dp_parser_handler (via BLX)
<LI><a href="#[ec]">&gt;&gt;</a>&nbsp;&nbsp;&nbsp;app_ota_handler (via BLX)
<LI><a href="#[3b]">&gt;&gt;</a>&nbsp;&nbsp;&nbsp;tuya_ble_sdk_callback (via BLX)
<LI><a href="#[3a]">&gt;&gt;</a>&nbsp;&nbsp;&nbsp;tuya_ble_app_data_process (via BLX)
<LI><a href="#[254]">&gt;&gt;</a>&nbsp;&nbsp;&nbsp;tuya_ble_inter_event_response (via BLX)
<LI><a href="#[2ae]">&gt;&gt;</a>&nbsp;&nbsp;&nbsp;tuya_ble_uart_common_mcu_ota_data_from_uart_handler (via BLX)
<LI><a href="#[26f]">&gt;&gt;</a>&nbsp;&nbsp;&nbsp;tuya_ble_handle_ota_response_evt (via BLX)
<LI><a href="#[29a]">&gt;&gt;</a>&nbsp;&nbsp;&nbsp;tuya_ble_uart_common_mcu_ota_data_from_ble_handler (via BLX)
<LI><a href="#[27e]">&gt;&gt;</a>&nbsp;&nbsp;&nbsp;tuya_ble_evt_process (via BLX)
<LI><a href="#[285]">&gt;&gt;</a>&nbsp;&nbsp;&nbsp;tuya_ble_handle_ota_req (via BLX)
<LI><a href="#[231]">&gt;&gt;</a>&nbsp;&nbsp;&nbsp;suble_timer_handler (via BLX)
<LI><a href="#[23c]">&gt;&gt;</a>&nbsp;&nbsp;&nbsp;suble_util_str_int2hexchar (via BLX)
<LI><a href="#[23d]">&gt;&gt;</a>&nbsp;&nbsp;&nbsp;suble_util_str_hexchar2int (via BLX)
</UL>

<P><STRONG><a name="[78]"></a>sys_Reset</STRONG> (ARM, 0 bytes, Stack size unknown bytes, boot_handlers.o(SYS_BOOT))
<BR><BR>[Stack]<UL><LI>Max Depth = 988 + Unknown Stack Size
<LI>Call Chain = sys_Reset &rArr; rw_main &rArr; rw_app_enter &rArr; suble_mainloop &rArr; tuya_ble_main_tasks_exec &rArr; tuya_sched_execute &rArr; tuya_ble_event_process &rArr; tuya_ble_handle_ble_cmd_evt &rArr; tuya_ble_evt_process &rArr; tuya_ble_handle_dev_info_req &rArr; tuya_ble_commData_send &rArr; tuya_ble_encryption &rArr; tuya_ble_key_generate &rArr; tuya_ble_generate_key1 &rArr; tuya_ble_aes128_cbc_encrypt &rArr; mbedtls_aes_crypt_cbc &rArr; mbedtls_aes_crypt_ecb &rArr; mbedtls_internal_aes_encrypt
</UL>
<BR>[Calls]<UL><LI><a href="#[1ce]">&gt;&gt;</a>&nbsp;&nbsp;&nbsp;rw_main (via Veneer)
</UL>

<P><STRONG><a name="[79]"></a>SYSirq_FIQ_Handler</STRONG> (ARM, 16 bytes, Stack size 24 bytes, intc.o(sys_fiq_entry))
<BR><BR>[Stack]<UL><LI>Max Depth = 192<LI>Call Chain = SYSirq_FIQ_Handler &rArr; FIQ_Exception &rArr; rwble_isr &rArr; __aeabi_dmul &rArr; _double_epilogue &rArr; __aeabi_llsr
</UL>
<BR>[Calls]<UL><LI><a href="#[7a]">&gt;&gt;</a>&nbsp;&nbsp;&nbsp;FIQ_Exception (via BLX)
</UL>
<BR>[Called By]<UL><LI><a href="#[7]">&gt;&gt;</a>&nbsp;&nbsp;&nbsp;FIQ_Handler
</UL>

<P><STRONG><a name="[7b]"></a>SYSirq_IRQ_Handler</STRONG> (ARM, 16 bytes, Stack size 24 bytes, intc.o(sys_irq_entry))
<BR><BR>[Stack]<UL><LI>Max Depth = 96<LI>Call Chain = SYSirq_IRQ_Handler &rArr; IRQ_Exception &rArr; uart_isr &rArr; pn9_test_process &rArr; uart_send
</UL>
<BR>[Calls]<UL><LI><a href="#[7c]">&gt;&gt;</a>&nbsp;&nbsp;&nbsp;IRQ_Exception (via BLX)
</UL>
<BR>[Called By]<UL><LI><a href="#[6]">&gt;&gt;</a>&nbsp;&nbsp;&nbsp;IRQ_Handler
</UL>

<P><STRONG><a name="[80]"></a>BT_delayUs</STRONG> (Thumb, 20 bytes, Stack size 0 bytes, rf_test.o(.text))
<BR><BR>[Called By]<UL><LI><a href="#[81]">&gt;&gt;</a>&nbsp;&nbsp;&nbsp;rw_fcc_enter
<LI><a href="#[7f]">&gt;&gt;</a>&nbsp;&nbsp;&nbsp;BT_singleWaveCfg
</UL>

<P><STRONG><a name="[7e]"></a>char_to_num</STRONG> (Thumb, 44 bytes, Stack size 0 bytes, rf_test.o(.text))
<BR><BR>[Called By]<UL><LI><a href="#[7d]">&gt;&gt;</a>&nbsp;&nbsp;&nbsp;fCheckValue
</UL>

<P><STRONG><a name="[7d]"></a>fCheckValue</STRONG> (Thumb, 58 bytes, Stack size 12 bytes, rf_test.o(.text))
<BR><BR>[Stack]<UL><LI>Max Depth = 12<LI>Call Chain = fCheckValue
</UL>
<BR>[Calls]<UL><LI><a href="#[7e]">&gt;&gt;</a>&nbsp;&nbsp;&nbsp;char_to_num
</UL>
<BR>[Called By]<UL><LI><a href="#[81]">&gt;&gt;</a>&nbsp;&nbsp;&nbsp;rw_fcc_enter
</UL>

<P><STRONG><a name="[7f]"></a>BT_singleWaveCfg</STRONG> (Thumb, 38 bytes, Stack size 8 bytes, rf_test.o(.text))
<BR><BR>[Stack]<UL><LI>Max Depth = 8<LI>Call Chain = BT_singleWaveCfg
</UL>
<BR>[Calls]<UL><LI><a href="#[80]">&gt;&gt;</a>&nbsp;&nbsp;&nbsp;BT_delayUs
</UL>
<BR>[Called By]<UL><LI><a href="#[81]">&gt;&gt;</a>&nbsp;&nbsp;&nbsp;rw_fcc_enter
</UL>

<P><STRONG><a name="[81]"></a>rw_fcc_enter</STRONG> (Thumb, 736 bytes, Stack size 0 bytes, rf_test.o(.text))
<BR><BR>[Stack]<UL><LI>Max Depth = 48<LI>Call Chain = rw_fcc_enter &rArr; uart_printf &rArr; vsprintf
</UL>
<BR>[Calls]<UL><LI><a href="#[84]">&gt;&gt;</a>&nbsp;&nbsp;&nbsp;__aeabi_uidivmod
<LI><a href="#[2e]">&gt;&gt;</a>&nbsp;&nbsp;&nbsp;uart_printf
<LI><a href="#[82]">&gt;&gt;</a>&nbsp;&nbsp;&nbsp;strncmp
<LI><a href="#[83]">&gt;&gt;</a>&nbsp;&nbsp;&nbsp;__aeabi_memclr
<LI><a href="#[7f]">&gt;&gt;</a>&nbsp;&nbsp;&nbsp;BT_singleWaveCfg
<LI><a href="#[7d]">&gt;&gt;</a>&nbsp;&nbsp;&nbsp;fCheckValue
<LI><a href="#[80]">&gt;&gt;</a>&nbsp;&nbsp;&nbsp;BT_delayUs
</UL>
<BR>[Called By]<UL><LI><a href="#[1ce]">&gt;&gt;</a>&nbsp;&nbsp;&nbsp;rw_main
</UL>

<P><STRONG><a name="[87]"></a>XVR_Initial</STRONG> (Thumb, 304 bytes, Stack size 0 bytes, rf_pn9_test.o(.text))
<BR><BR>[Called By]<UL><LI><a href="#[86]">&gt;&gt;</a>&nbsp;&nbsp;&nbsp;pn9_test_process
</UL>

<P><STRONG><a name="[88]"></a>Test_XVR_PN9_Rx_Ena</STRONG> (Thumb, 32 bytes, Stack size 0 bytes, rf_pn9_test.o(.text))
<BR><BR>[Called By]<UL><LI><a href="#[86]">&gt;&gt;</a>&nbsp;&nbsp;&nbsp;pn9_test_process
</UL>

<P><STRONG><a name="[89]"></a>Test_XVR_Single_Carrier_Tx_Ena1</STRONG> (Thumb, 30 bytes, Stack size 0 bytes, rf_pn9_test.o(.text))
<BR><BR>[Called By]<UL><LI><a href="#[86]">&gt;&gt;</a>&nbsp;&nbsp;&nbsp;pn9_test_process
</UL>

<P><STRONG><a name="[8b]"></a>LockPn9Test</STRONG> (Thumb, 26 bytes, Stack size 0 bytes, rf_pn9_test.o(.text))
<BR><BR>[Called By]<UL><LI><a href="#[86]">&gt;&gt;</a>&nbsp;&nbsp;&nbsp;pn9_test_process
</UL>

<P><STRONG><a name="[8c]"></a>GetBER</STRONG> (Thumb, 16 bytes, Stack size 0 bytes, rf_pn9_test.o(.text))
<BR><BR>[Called By]<UL><LI><a href="#[86]">&gt;&gt;</a>&nbsp;&nbsp;&nbsp;pn9_test_process
</UL>

<P><STRONG><a name="[85]"></a>rw_pn9_enter</STRONG> (Thumb, 2 bytes, Stack size 0 bytes, rf_pn9_test.o(.text))
<BR><BR>[Calls]<UL><LI><a href="#[85]">&gt;&gt;</a>&nbsp;&nbsp;&nbsp;rw_pn9_enter
</UL>
<BR>[Called By]<UL><LI><a href="#[85]">&gt;&gt;</a>&nbsp;&nbsp;&nbsp;rw_pn9_enter
<LI><a href="#[1ce]">&gt;&gt;</a>&nbsp;&nbsp;&nbsp;rw_main
</UL>

<P><STRONG><a name="[86]"></a>pn9_test_process</STRONG> (Thumb, 164 bytes, Stack size 24 bytes, rf_pn9_test.o(.text))
<BR><BR>[Stack]<UL><LI>Max Depth = 32<LI>Call Chain = pn9_test_process &rArr; uart_send
</UL>
<BR>[Calls]<UL><LI><a href="#[84]">&gt;&gt;</a>&nbsp;&nbsp;&nbsp;__aeabi_uidivmod
<LI><a href="#[8a]">&gt;&gt;</a>&nbsp;&nbsp;&nbsp;uart_send
<LI><a href="#[8c]">&gt;&gt;</a>&nbsp;&nbsp;&nbsp;GetBER
<LI><a href="#[8b]">&gt;&gt;</a>&nbsp;&nbsp;&nbsp;LockPn9Test
<LI><a href="#[89]">&gt;&gt;</a>&nbsp;&nbsp;&nbsp;Test_XVR_Single_Carrier_Tx_Ena1
<LI><a href="#[88]">&gt;&gt;</a>&nbsp;&nbsp;&nbsp;Test_XVR_PN9_Rx_Ena
<LI><a href="#[87]">&gt;&gt;</a>&nbsp;&nbsp;&nbsp;XVR_Initial
</UL>
<BR>[Called By]<UL><LI><a href="#[a6]">&gt;&gt;</a>&nbsp;&nbsp;&nbsp;uart_isr
</UL>

<P><STRONG><a name="[8d]"></a>__aeabi_uldivmod</STRONG> (Thumb, 96 bytes, Stack size 48 bytes, uldiv.o(.text))
<BR><BR>[Stack]<UL><LI>Max Depth = 56<LI>Call Chain = __aeabi_uldivmod &rArr; __aeabi_llsr
</UL>
<BR>[Calls]<UL><LI><a href="#[8e]">&gt;&gt;</a>&nbsp;&nbsp;&nbsp;__aeabi_llsr
<LI><a href="#[8f]">&gt;&gt;</a>&nbsp;&nbsp;&nbsp;__aeabi_llsl
</UL>
<BR>[Called By]<UL><LI><a href="#[286]">&gt;&gt;</a>&nbsp;&nbsp;&nbsp;tuya_ble_handle_unix_time_char_ms_resp
<LI><a href="#[ae]">&gt;&gt;</a>&nbsp;&nbsp;&nbsp;_printf_core
<LI><a href="#[b2]">&gt;&gt;</a>&nbsp;&nbsp;&nbsp;_fp_digits
</UL>

<P><STRONG><a name="[90]"></a>__aeabi_memset</STRONG> (Thumb, 16 bytes, Stack size 0 bytes, memseta.o(.text))
<BR><BR>[Called By]<UL><LI><a href="#[bf]">&gt;&gt;</a>&nbsp;&nbsp;&nbsp;elog_output
<LI><a href="#[77]">&gt;&gt;</a>&nbsp;&nbsp;&nbsp;memset
<LI><a href="#[83]">&gt;&gt;</a>&nbsp;&nbsp;&nbsp;__aeabi_memclr
</UL>

<P><STRONG><a name="[2b7]"></a>__aeabi_memset4</STRONG> (Thumb, 0 bytes, Stack size 0 bytes, memseta.o(.text), UNUSED)

<P><STRONG><a name="[2b8]"></a>__aeabi_memset8</STRONG> (Thumb, 0 bytes, Stack size 0 bytes, memseta.o(.text), UNUSED)

<P><STRONG><a name="[83]"></a>__aeabi_memclr</STRONG> (Thumb, 4 bytes, Stack size 0 bytes, memseta.o(.text))
<BR><BR>[Calls]<UL><LI><a href="#[90]">&gt;&gt;</a>&nbsp;&nbsp;&nbsp;__aeabi_memset
</UL>
<BR>[Called By]<UL><LI><a href="#[191]">&gt;&gt;</a>&nbsp;&nbsp;&nbsp;lock_settings_default
<LI><a href="#[ee]">&gt;&gt;</a>&nbsp;&nbsp;&nbsp;app_ota_req_handler
<LI><a href="#[e6]">&gt;&gt;</a>&nbsp;&nbsp;&nbsp;app_ota_file_info_handler
<LI><a href="#[143]">&gt;&gt;</a>&nbsp;&nbsp;&nbsp;tuya_ble_malloc
<LI><a href="#[243]">&gt;&gt;</a>&nbsp;&nbsp;&nbsp;tuya_ble_adv_change
<LI><a href="#[2ae]">&gt;&gt;</a>&nbsp;&nbsp;&nbsp;tuya_ble_uart_common_mcu_ota_data_from_uart_handler
<LI><a href="#[274]">&gt;&gt;</a>&nbsp;&nbsp;&nbsp;tuya_ble_handle_dp_data_with_time_string_reported_evt
<LI><a href="#[273]">&gt;&gt;</a>&nbsp;&nbsp;&nbsp;tuya_ble_handle_dp_data_with_time_reported_evt
<LI><a href="#[266]">&gt;&gt;</a>&nbsp;&nbsp;&nbsp;tuya_ble_device_unbond
<LI><a href="#[259]">&gt;&gt;</a>&nbsp;&nbsp;&nbsp;tuya_ble_commonData_rx_proc
<LI><a href="#[255]">&gt;&gt;</a>&nbsp;&nbsp;&nbsp;tuya_ble_commData_send
<LI><a href="#[27f]">&gt;&gt;</a>&nbsp;&nbsp;&nbsp;tuya_ble_handle_net_config_info_req
<LI><a href="#[13f]">&gt;&gt;</a>&nbsp;&nbsp;&nbsp;ble_data_unpack
<LI><a href="#[1a4]">&gt;&gt;</a>&nbsp;&nbsp;&nbsp;mbedtls_md5_finish_ret
<LI><a href="#[81]">&gt;&gt;</a>&nbsp;&nbsp;&nbsp;rw_fcc_enter
<LI><a href="#[1b1]">&gt;&gt;</a>&nbsp;&nbsp;&nbsp;nv_write
<LI><a href="#[12f]">&gt;&gt;</a>&nbsp;&nbsp;&nbsp;appm_init
<LI><a href="#[262]">&gt;&gt;</a>&nbsp;&nbsp;&nbsp;tuya_ble_key_generate (via BLX)
</UL>

<P><STRONG><a name="[e8]"></a>__aeabi_memclr4</STRONG> (Thumb, 0 bytes, Stack size 0 bytes, memseta.o(.text))
<BR><BR>[Called By]<UL><LI><a href="#[122]">&gt;&gt;</a>&nbsp;&nbsp;&nbsp;app_test_write_auth_info_handler
<LI><a href="#[164]">&gt;&gt;</a>&nbsp;&nbsp;&nbsp;lock_test_process
<LI><a href="#[148]">&gt;&gt;</a>&nbsp;&nbsp;&nbsp;suble_battery_sample_start
<LI><a href="#[bf]">&gt;&gt;</a>&nbsp;&nbsp;&nbsp;elog_output
<LI><a href="#[1a7]">&gt;&gt;</a>&nbsp;&nbsp;&nbsp;mbedtls_md5_init
<LI><a href="#[1a6]">&gt;&gt;</a>&nbsp;&nbsp;&nbsp;mbedtls_md5_free
<LI><a href="#[19f]">&gt;&gt;</a>&nbsp;&nbsp;&nbsp;mbedtls_aes_init
<LI><a href="#[e6]">&gt;&gt;</a>&nbsp;&nbsp;&nbsp;app_ota_file_info_handler
<LI><a href="#[26e]">&gt;&gt;</a>&nbsp;&nbsp;&nbsp;tuya_ble_handle_factory_reset_evt
<LI><a href="#[240]">&gt;&gt;</a>&nbsp;&nbsp;&nbsp;trsmitr_init
<LI><a href="#[280]">&gt;&gt;</a>&nbsp;&nbsp;&nbsp;tuya_ble_handle_unix_time_date_resp
<LI><a href="#[286]">&gt;&gt;</a>&nbsp;&nbsp;&nbsp;tuya_ble_handle_unix_time_char_ms_resp
<LI><a href="#[287]">&gt;&gt;</a>&nbsp;&nbsp;&nbsp;tuya_ble_handle_device_reset_req
<LI><a href="#[283]">&gt;&gt;</a>&nbsp;&nbsp;&nbsp;tuya_ble_handle_dev_info_req
<LI><a href="#[2ad]">&gt;&gt;</a>&nbsp;&nbsp;&nbsp;tuya_ble_storage_load_settings
<LI><a href="#[1a4]">&gt;&gt;</a>&nbsp;&nbsp;&nbsp;mbedtls_md5_finish_ret
<LI><a href="#[2d]">&gt;&gt;</a>&nbsp;&nbsp;&nbsp;uart_clear_rxfifo
<LI><a href="#[1c3]">&gt;&gt;</a>&nbsp;&nbsp;&nbsp;rom_env_init
<LI><a href="#[209]">&gt;&gt;</a>&nbsp;&nbsp;&nbsp;sd_malloc
<LI><a href="#[264]">&gt;&gt;</a>&nbsp;&nbsp;&nbsp;tuya_ble_device_id_key_generate (via BLX)
<LI><a href="#[3e]">&gt;&gt;</a>&nbsp;&nbsp;&nbsp;fff0s_init
</UL>

<P><STRONG><a name="[2b9]"></a>__aeabi_memclr8</STRONG> (Thumb, 0 bytes, Stack size 0 bytes, memseta.o(.text), UNUSED)

<P><STRONG><a name="[77]"></a>memset</STRONG> (Thumb, 18 bytes, Stack size 8 bytes, memseta.o(.text))
<BR><BR>[Stack]<UL><LI>Max Depth = 8<LI>Call Chain = memset
</UL>
<BR>[Calls]<UL><LI><a href="#[90]">&gt;&gt;</a>&nbsp;&nbsp;&nbsp;__aeabi_memset
</UL>
<BR>[Address Reference Count : 1]<UL><LI> aes.o(.data)
</UL>
<P><STRONG><a name="[14f]"></a>strstr</STRONG> (Thumb, 40 bytes, Stack size 12 bytes, strstr.o(.text))
<BR><BR>[Stack]<UL><LI>Max Depth = 12<LI>Call Chain = strstr
</UL>
<BR>[Called By]<UL><LI><a href="#[bf]">&gt;&gt;</a>&nbsp;&nbsp;&nbsp;elog_output
<LI><a href="#[14e]">&gt;&gt;</a>&nbsp;&nbsp;&nbsp;elog_hexdump
</UL>

<P><STRONG><a name="[152]"></a>strncpy</STRONG> (Thumb, 26 bytes, Stack size 8 bytes, strncpy.o(.text))
<BR><BR>[Stack]<UL><LI>Max Depth = 8<LI>Call Chain = strncpy
</UL>
<BR>[Called By]<UL><LI><a href="#[14e]">&gt;&gt;</a>&nbsp;&nbsp;&nbsp;elog_hexdump
</UL>

<P><STRONG><a name="[124]"></a>strlen</STRONG> (Thumb, 14 bytes, Stack size 0 bytes, strlen.o(.text))
<BR><BR>[Called By]<UL><LI><a href="#[122]">&gt;&gt;</a>&nbsp;&nbsp;&nbsp;app_test_write_auth_info_handler
<LI><a href="#[120]">&gt;&gt;</a>&nbsp;&nbsp;&nbsp;app_test_process
<LI><a href="#[164]">&gt;&gt;</a>&nbsp;&nbsp;&nbsp;lock_test_process
<LI><a href="#[bf]">&gt;&gt;</a>&nbsp;&nbsp;&nbsp;elog_output
</UL>

<P><STRONG><a name="[82]"></a>strncmp</STRONG> (Thumb, 30 bytes, Stack size 12 bytes, strncmp.o(.text))
<BR><BR>[Stack]<UL><LI>Max Depth = 12<LI>Call Chain = strncmp
</UL>
<BR>[Called By]<UL><LI><a href="#[81]">&gt;&gt;</a>&nbsp;&nbsp;&nbsp;rw_fcc_enter
</UL>

<P><STRONG><a name="[db]"></a>__aeabi_uread4</STRONG> (Thumb, 20 bytes, Stack size 0 bytes, uread4.o(.text))
<BR><BR>[Called By]<UL><LI><a href="#[d2]">&gt;&gt;</a>&nbsp;&nbsp;&nbsp;suble_adv_update_advDataAndScanRsp
<LI><a href="#[219]">&gt;&gt;</a>&nbsp;&nbsp;&nbsp;suble_buzzer_timeout_handler
<LI><a href="#[c1]">&gt;&gt;</a>&nbsp;&nbsp;&nbsp;lock_play_music_cancel
<LI><a href="#[be]">&gt;&gt;</a>&nbsp;&nbsp;&nbsp;lock_play_music
<LI><a href="#[ea]">&gt;&gt;</a>&nbsp;&nbsp;&nbsp;app_ota_file_offset_handler
<LI><a href="#[e6]">&gt;&gt;</a>&nbsp;&nbsp;&nbsp;app_ota_file_info_handler
<LI><a href="#[de]">&gt;&gt;</a>&nbsp;&nbsp;&nbsp;app_ota_end_handler
<LI><a href="#[d5]">&gt;&gt;</a>&nbsp;&nbsp;&nbsp;app_ota_data_handler
<LI><a href="#[3a]">&gt;&gt;</a>&nbsp;&nbsp;&nbsp;tuya_ble_app_data_process
<LI><a href="#[232]">&gt;&gt;</a>&nbsp;&nbsp;&nbsp;suble_timer_continue
<LI><a href="#[135]">&gt;&gt;</a>&nbsp;&nbsp;&nbsp;appm_start_advertising
</UL>

<P><STRONG><a name="[2ba]"></a>__rt_uread4</STRONG> (Thumb, 0 bytes, Stack size 0 bytes, uread4.o(.text), UNUSED)

<P><STRONG><a name="[2bb]"></a>_uread4</STRONG> (Thumb, 0 bytes, Stack size 0 bytes, uread4.o(.text), UNUSED)

<P><STRONG><a name="[136]"></a>__aeabi_uread8</STRONG> (Thumb, 28 bytes, Stack size 8 bytes, uread8.o(.text))
<BR><BR>[Stack]<UL><LI>Max Depth = 8<LI>Call Chain = __aeabi_uread8
</UL>
<BR>[Called By]<UL><LI><a href="#[135]">&gt;&gt;</a>&nbsp;&nbsp;&nbsp;appm_start_advertising
</UL>

<P><STRONG><a name="[2bc]"></a>__rt_uread8</STRONG> (Thumb, 0 bytes, Stack size 8 bytes, uread8.o(.text), UNUSED)

<P><STRONG><a name="[2bd]"></a>_uread8</STRONG> (Thumb, 0 bytes, Stack size 8 bytes, uread8.o(.text), UNUSED)

<P><STRONG><a name="[e7]"></a>__aeabi_uwrite4</STRONG> (Thumb, 18 bytes, Stack size 0 bytes, uwrite4.o(.text))
<BR><BR>[Called By]<UL><LI><a href="#[197]">&gt;&gt;</a>&nbsp;&nbsp;&nbsp;suble_timer_start_0
<LI><a href="#[247]">&gt;&gt;</a>&nbsp;&nbsp;&nbsp;tuya_ble_gap_advertising_scan_rsp_data_update
<LI><a href="#[246]">&gt;&gt;</a>&nbsp;&nbsp;&nbsp;tuya_ble_gap_advertising_adv_data_update
<LI><a href="#[ee]">&gt;&gt;</a>&nbsp;&nbsp;&nbsp;app_ota_req_handler
<LI><a href="#[ea]">&gt;&gt;</a>&nbsp;&nbsp;&nbsp;app_ota_file_offset_handler
<LI><a href="#[e6]">&gt;&gt;</a>&nbsp;&nbsp;&nbsp;app_ota_file_info_handler
<LI><a href="#[224]">&gt;&gt;</a>&nbsp;&nbsp;&nbsp;tuya_ble_app_evt_send_with_data
<LI><a href="#[232]">&gt;&gt;</a>&nbsp;&nbsp;&nbsp;suble_timer_continue
<LI><a href="#[22c]">&gt;&gt;</a>&nbsp;&nbsp;&nbsp;suble_timer_stop_0
</UL>

<P><STRONG><a name="[2be]"></a>__rt_uwrite4</STRONG> (Thumb, 0 bytes, Stack size 0 bytes, uwrite4.o(.text), UNUSED)

<P><STRONG><a name="[2bf]"></a>_uwrite4</STRONG> (Thumb, 0 bytes, Stack size 0 bytes, uwrite4.o(.text), UNUSED)

<P><STRONG><a name="[d0]"></a>__aeabi_uwrite8</STRONG> (Thumb, 30 bytes, Stack size 16 bytes, uwrite8.o(.text))
<BR><BR>[Stack]<UL><LI>Max Depth = 16<LI>Call Chain = __aeabi_uwrite8
</UL>
<BR>[Called By]<UL><LI><a href="#[cd]">&gt;&gt;</a>&nbsp;&nbsp;&nbsp;app_ibeacon_stop
<LI><a href="#[ce]">&gt;&gt;</a>&nbsp;&nbsp;&nbsp;app_ibeacon_start
</UL>

<P><STRONG><a name="[2c0]"></a>__rt_uwrite8</STRONG> (Thumb, 0 bytes, Stack size 16 bytes, uwrite8.o(.text), UNUSED)

<P><STRONG><a name="[2c1]"></a>_uwrite8</STRONG> (Thumb, 0 bytes, Stack size 16 bytes, uwrite8.o(.text), UNUSED)

<P><STRONG><a name="[91]"></a>atoll</STRONG> (Thumb, 26 bytes, Stack size 16 bytes, atoll.o(.text))
<BR><BR>[Stack]<UL><LI>Max Depth = 168<LI>Call Chain = atoll &rArr; __strtoll &rArr; _strtoull &rArr; __aeabi_lmul &rArr; __aeabi_llsl
</UL>
<BR>[Calls]<UL><LI><a href="#[93]">&gt;&gt;</a>&nbsp;&nbsp;&nbsp;__strtoll
<LI><a href="#[92]">&gt;&gt;</a>&nbsp;&nbsp;&nbsp;__aeabi_errno_addr
</UL>
<BR>[Called By]<UL><LI><a href="#[286]">&gt;&gt;</a>&nbsp;&nbsp;&nbsp;tuya_ble_handle_unix_time_char_ms_resp
</UL>

<P><STRONG><a name="[195]"></a>__aeabi_fmul</STRONG> (Thumb, 124 bytes, Stack size 16 bytes, fmul.o(.text))
<BR><BR>[Stack]<UL><LI>Max Depth = 16<LI>Call Chain = __aeabi_fmul
</UL>
<BR>[Called By]<UL><LI><a href="#[219]">&gt;&gt;</a>&nbsp;&nbsp;&nbsp;suble_buzzer_timeout_handler
<LI><a href="#[be]">&gt;&gt;</a>&nbsp;&nbsp;&nbsp;lock_play_music
</UL>

<P><STRONG><a name="[94]"></a>__aeabi_dadd</STRONG> (Thumb, 328 bytes, Stack size 48 bytes, dadd.o(.text))
<BR><BR>[Stack]<UL><LI>Max Depth = 104<LI>Call Chain = __aeabi_dadd &rArr; _double_epilogue &rArr; __aeabi_llsr
</UL>
<BR>[Calls]<UL><LI><a href="#[95]">&gt;&gt;</a>&nbsp;&nbsp;&nbsp;__aeabi_lasr
<LI><a href="#[8f]">&gt;&gt;</a>&nbsp;&nbsp;&nbsp;__aeabi_llsl
<LI><a href="#[97]">&gt;&gt;</a>&nbsp;&nbsp;&nbsp;_double_round
<LI><a href="#[96]">&gt;&gt;</a>&nbsp;&nbsp;&nbsp;_double_epilogue
</UL>
<BR>[Called By]<UL><LI><a href="#[a5]">&gt;&gt;</a>&nbsp;&nbsp;&nbsp;rwble_isr
<LI><a href="#[99]">&gt;&gt;</a>&nbsp;&nbsp;&nbsp;__aeabi_drsub
<LI><a href="#[98]">&gt;&gt;</a>&nbsp;&nbsp;&nbsp;__aeabi_dsub
<LI><a href="#[b2]">&gt;&gt;</a>&nbsp;&nbsp;&nbsp;_fp_digits
</UL>

<P><STRONG><a name="[98]"></a>__aeabi_dsub</STRONG> (Thumb, 12 bytes, Stack size 8 bytes, dadd.o(.text), UNUSED)
<BR><BR>[Calls]<UL><LI><a href="#[94]">&gt;&gt;</a>&nbsp;&nbsp;&nbsp;__aeabi_dadd
</UL>

<P><STRONG><a name="[99]"></a>__aeabi_drsub</STRONG> (Thumb, 12 bytes, Stack size 8 bytes, dadd.o(.text), UNUSED)
<BR><BR>[Calls]<UL><LI><a href="#[94]">&gt;&gt;</a>&nbsp;&nbsp;&nbsp;__aeabi_dadd
</UL>

<P><STRONG><a name="[9a]"></a>__aeabi_dmul</STRONG> (Thumb, 202 bytes, Stack size 72 bytes, dmul.o(.text))
<BR><BR>[Stack]<UL><LI>Max Depth = 128<LI>Call Chain = __aeabi_dmul &rArr; _double_epilogue &rArr; __aeabi_llsr
</UL>
<BR>[Calls]<UL><LI><a href="#[96]">&gt;&gt;</a>&nbsp;&nbsp;&nbsp;_double_epilogue
</UL>
<BR>[Called By]<UL><LI><a href="#[a5]">&gt;&gt;</a>&nbsp;&nbsp;&nbsp;rwble_isr
<LI><a href="#[56]">&gt;&gt;</a>&nbsp;&nbsp;&nbsp;gapc_param_updated_ind_handler
<LI><a href="#[b2]">&gt;&gt;</a>&nbsp;&nbsp;&nbsp;_fp_digits
</UL>

<P><STRONG><a name="[9b]"></a>__aeabi_ddiv</STRONG> (Thumb, 234 bytes, Stack size 40 bytes, ddiv.o(.text))
<BR><BR>[Stack]<UL><LI>Max Depth = 48<LI>Call Chain = __aeabi_ddiv &rArr; _double_round
</UL>
<BR>[Calls]<UL><LI><a href="#[97]">&gt;&gt;</a>&nbsp;&nbsp;&nbsp;_double_round
</UL>
<BR>[Called By]<UL><LI><a href="#[135]">&gt;&gt;</a>&nbsp;&nbsp;&nbsp;appm_start_advertising
<LI><a href="#[b2]">&gt;&gt;</a>&nbsp;&nbsp;&nbsp;_fp_digits
</UL>

<P><STRONG><a name="[137]"></a>__ARM_scalbn</STRONG> (Thumb, 44 bytes, Stack size 16 bytes, dscalb.o(.text))
<BR><BR>[Stack]<UL><LI>Max Depth = 16<LI>Call Chain = __ARM_scalbn
</UL>
<BR>[Called By]<UL><LI><a href="#[135]">&gt;&gt;</a>&nbsp;&nbsp;&nbsp;appm_start_advertising
</UL>

<P><STRONG><a name="[2c2]"></a>scalbn</STRONG> (Thumb, 0 bytes, Stack size 16 bytes, dscalb.o(.text), UNUSED)

<P><STRONG><a name="[9c]"></a>__aeabi_ui2d</STRONG> (Thumb, 24 bytes, Stack size 16 bytes, dfltui.o(.text))
<BR><BR>[Stack]<UL><LI>Max Depth = 72<LI>Call Chain = __aeabi_ui2d &rArr; _double_epilogue &rArr; __aeabi_llsr
</UL>
<BR>[Calls]<UL><LI><a href="#[96]">&gt;&gt;</a>&nbsp;&nbsp;&nbsp;_double_epilogue
</UL>
<BR>[Called By]<UL><LI><a href="#[a5]">&gt;&gt;</a>&nbsp;&nbsp;&nbsp;rwble_isr
<LI><a href="#[56]">&gt;&gt;</a>&nbsp;&nbsp;&nbsp;gapc_param_updated_ind_handler
</UL>

<P><STRONG><a name="[196]"></a>__aeabi_f2uiz</STRONG> (Thumb, 40 bytes, Stack size 0 bytes, ffixui.o(.text))
<BR><BR>[Called By]<UL><LI><a href="#[219]">&gt;&gt;</a>&nbsp;&nbsp;&nbsp;suble_buzzer_timeout_handler
<LI><a href="#[be]">&gt;&gt;</a>&nbsp;&nbsp;&nbsp;lock_play_music
</UL>

<P><STRONG><a name="[9d]"></a>__aeabi_d2uiz</STRONG> (Thumb, 50 bytes, Stack size 8 bytes, dfixui.o(.text))
<BR><BR>[Stack]<UL><LI>Max Depth = 16<LI>Call Chain = __aeabi_d2uiz &rArr; __aeabi_llsr
</UL>
<BR>[Calls]<UL><LI><a href="#[8e]">&gt;&gt;</a>&nbsp;&nbsp;&nbsp;__aeabi_llsr
</UL>
<BR>[Called By]<UL><LI><a href="#[135]">&gt;&gt;</a>&nbsp;&nbsp;&nbsp;appm_start_advertising
<LI><a href="#[a5]">&gt;&gt;</a>&nbsp;&nbsp;&nbsp;rwble_isr
<LI><a href="#[56]">&gt;&gt;</a>&nbsp;&nbsp;&nbsp;gapc_param_updated_ind_handler
</UL>

<P><STRONG><a name="[8f]"></a>__aeabi_llsl</STRONG> (Thumb, 32 bytes, Stack size 8 bytes, llshl.o(.text))
<BR><BR>[Stack]<UL><LI>Max Depth = 8<LI>Call Chain = __aeabi_llsl
</UL>
<BR>[Called By]<UL><LI><a href="#[94]">&gt;&gt;</a>&nbsp;&nbsp;&nbsp;__aeabi_dadd
<LI><a href="#[8d]">&gt;&gt;</a>&nbsp;&nbsp;&nbsp;__aeabi_uldivmod
<LI><a href="#[a2]">&gt;&gt;</a>&nbsp;&nbsp;&nbsp;__aeabi_lmul
<LI><a href="#[96]">&gt;&gt;</a>&nbsp;&nbsp;&nbsp;_double_epilogue
<LI><a href="#[a1]">&gt;&gt;</a>&nbsp;&nbsp;&nbsp;__aeabi_d2ulz
</UL>

<P><STRONG><a name="[2c3]"></a>_ll_shift_l</STRONG> (Thumb, 0 bytes, Stack size 8 bytes, llshl.o(.text), UNUSED)

<P><STRONG><a name="[8e]"></a>__aeabi_llsr</STRONG> (Thumb, 34 bytes, Stack size 8 bytes, llushr.o(.text))
<BR><BR>[Stack]<UL><LI>Max Depth = 8<LI>Call Chain = __aeabi_llsr
</UL>
<BR>[Called By]<UL><LI><a href="#[9d]">&gt;&gt;</a>&nbsp;&nbsp;&nbsp;__aeabi_d2uiz
<LI><a href="#[8d]">&gt;&gt;</a>&nbsp;&nbsp;&nbsp;__aeabi_uldivmod
<LI><a href="#[96]">&gt;&gt;</a>&nbsp;&nbsp;&nbsp;_double_epilogue
<LI><a href="#[a1]">&gt;&gt;</a>&nbsp;&nbsp;&nbsp;__aeabi_d2ulz
</UL>

<P><STRONG><a name="[2c4]"></a>_ll_ushift_r</STRONG> (Thumb, 0 bytes, Stack size 8 bytes, llushr.o(.text), UNUSED)

<P><STRONG><a name="[95]"></a>__aeabi_lasr</STRONG> (Thumb, 38 bytes, Stack size 8 bytes, llsshr.o(.text))
<BR><BR>[Stack]<UL><LI>Max Depth = 8<LI>Call Chain = __aeabi_lasr
</UL>
<BR>[Called By]<UL><LI><a href="#[94]">&gt;&gt;</a>&nbsp;&nbsp;&nbsp;__aeabi_dadd
</UL>

<P><STRONG><a name="[2c5]"></a>_ll_sshift_r</STRONG> (Thumb, 0 bytes, Stack size 8 bytes, llsshr.o(.text), UNUSED)

<P><STRONG><a name="[93]"></a>__strtoll</STRONG> (Thumb, 138 bytes, Stack size 32 bytes, __strtoll.o(.text))
<BR><BR>[Stack]<UL><LI>Max Depth = 152<LI>Call Chain = __strtoll &rArr; _strtoull &rArr; __aeabi_lmul &rArr; __aeabi_llsl
</UL>
<BR>[Calls]<UL><LI><a href="#[9f]">&gt;&gt;</a>&nbsp;&nbsp;&nbsp;_strtoull
<LI><a href="#[9e]">&gt;&gt;</a>&nbsp;&nbsp;&nbsp;__rt_ctype_table
<LI><a href="#[92]">&gt;&gt;</a>&nbsp;&nbsp;&nbsp;__aeabi_errno_addr
</UL>
<BR>[Called By]<UL><LI><a href="#[91]">&gt;&gt;</a>&nbsp;&nbsp;&nbsp;atoll
</UL>

<P><STRONG><a name="[2c6]"></a>__I$use$fp</STRONG> (ARM, 0 bytes, Stack size 8 bytes, iusefp.o(.text), UNUSED)

<P><STRONG><a name="[97]"></a>_double_round</STRONG> (Thumb, 26 bytes, Stack size 8 bytes, depilogue.o(.text))
<BR><BR>[Stack]<UL><LI>Max Depth = 8<LI>Call Chain = _double_round
</UL>
<BR>[Called By]<UL><LI><a href="#[94]">&gt;&gt;</a>&nbsp;&nbsp;&nbsp;__aeabi_dadd
<LI><a href="#[9b]">&gt;&gt;</a>&nbsp;&nbsp;&nbsp;__aeabi_ddiv
<LI><a href="#[96]">&gt;&gt;</a>&nbsp;&nbsp;&nbsp;_double_epilogue
</UL>

<P><STRONG><a name="[96]"></a>_double_epilogue</STRONG> (Thumb, 164 bytes, Stack size 48 bytes, depilogue.o(.text))
<BR><BR>[Stack]<UL><LI>Max Depth = 56<LI>Call Chain = _double_epilogue &rArr; __aeabi_llsr
</UL>
<BR>[Calls]<UL><LI><a href="#[a0]">&gt;&gt;</a>&nbsp;&nbsp;&nbsp;__ARM_clz (via BLX)
<LI><a href="#[8e]">&gt;&gt;</a>&nbsp;&nbsp;&nbsp;__aeabi_llsr
<LI><a href="#[8f]">&gt;&gt;</a>&nbsp;&nbsp;&nbsp;__aeabi_llsl
<LI><a href="#[97]">&gt;&gt;</a>&nbsp;&nbsp;&nbsp;_double_round
</UL>
<BR>[Called By]<UL><LI><a href="#[9c]">&gt;&gt;</a>&nbsp;&nbsp;&nbsp;__aeabi_ui2d
<LI><a href="#[9a]">&gt;&gt;</a>&nbsp;&nbsp;&nbsp;__aeabi_dmul
<LI><a href="#[94]">&gt;&gt;</a>&nbsp;&nbsp;&nbsp;__aeabi_dadd
</UL>

<P><STRONG><a name="[a1]"></a>__aeabi_d2ulz</STRONG> (Thumb, 54 bytes, Stack size 8 bytes, dfixul.o(.text), UNUSED)
<BR><BR>[Calls]<UL><LI><a href="#[8e]">&gt;&gt;</a>&nbsp;&nbsp;&nbsp;__aeabi_llsr
<LI><a href="#[8f]">&gt;&gt;</a>&nbsp;&nbsp;&nbsp;__aeabi_llsl
</UL>
<BR>[Called By]<UL><LI><a href="#[b2]">&gt;&gt;</a>&nbsp;&nbsp;&nbsp;_fp_digits
</UL>

<P><STRONG><a name="[b3]"></a>__aeabi_cdrcmple</STRONG> (Thumb, 38 bytes, Stack size 0 bytes, cdrcmple.o(.text), UNUSED)
<BR><BR>[Called By]<UL><LI><a href="#[b2]">&gt;&gt;</a>&nbsp;&nbsp;&nbsp;_fp_digits
</UL>

<P><STRONG><a name="[9e]"></a>__rt_ctype_table</STRONG> (Thumb, 4 bytes, Stack size 0 bytes, ctype_o.o(.text))
<BR><BR>[Called By]<UL><LI><a href="#[93]">&gt;&gt;</a>&nbsp;&nbsp;&nbsp;__strtoll
</UL>

<P><STRONG><a name="[9f]"></a>_strtoull</STRONG> (Thumb, 216 bytes, Stack size 48 bytes, _strtoull.o(.text))
<BR><BR>[Stack]<UL><LI>Max Depth = 120<LI>Call Chain = _strtoull &rArr; __aeabi_lmul &rArr; __aeabi_llsl
</UL>
<BR>[Calls]<UL><LI><a href="#[a3]">&gt;&gt;</a>&nbsp;&nbsp;&nbsp;_chval
<LI><a href="#[a2]">&gt;&gt;</a>&nbsp;&nbsp;&nbsp;__aeabi_lmul
<LI><a href="#[92]">&gt;&gt;</a>&nbsp;&nbsp;&nbsp;__aeabi_errno_addr
</UL>
<BR>[Called By]<UL><LI><a href="#[93]">&gt;&gt;</a>&nbsp;&nbsp;&nbsp;__strtoll
</UL>

<P><STRONG><a name="[a2]"></a>__aeabi_lmul</STRONG> (Thumb, 126 bytes, Stack size 64 bytes, llmul.o(.text))
<BR><BR>[Stack]<UL><LI>Max Depth = 72<LI>Call Chain = __aeabi_lmul &rArr; __aeabi_llsl
</UL>
<BR>[Calls]<UL><LI><a href="#[8f]">&gt;&gt;</a>&nbsp;&nbsp;&nbsp;__aeabi_llsl
</UL>
<BR>[Called By]<UL><LI><a href="#[9f]">&gt;&gt;</a>&nbsp;&nbsp;&nbsp;_strtoull
</UL>

<P><STRONG><a name="[2c7]"></a>_ll_mul</STRONG> (Thumb, 0 bytes, Stack size 64 bytes, llmul.o(.text), UNUSED)

<P><STRONG><a name="[a3]"></a>_chval</STRONG> (Thumb, 30 bytes, Stack size 0 bytes, _chval.o(.text))
<BR><BR>[Called By]<UL><LI><a href="#[9f]">&gt;&gt;</a>&nbsp;&nbsp;&nbsp;_strtoull
</UL>

<P><STRONG><a name="[187]"></a>Delay_ms</STRONG> (Thumb, 26 bytes, Stack size 8 bytes, rf_xvr.o(i.Delay_ms))
<BR><BR>[Stack]<UL><LI>Max Depth = 8<LI>Call Chain = Delay_ms
</UL>
<BR>[Called By]<UL><LI><a href="#[21a]">&gt;&gt;</a>&nbsp;&nbsp;&nbsp;suble_delay_ms
<LI><a href="#[189]">&gt;&gt;</a>&nbsp;&nbsp;&nbsp;kmod_calibration
<LI><a href="#[188]">&gt;&gt;</a>&nbsp;&nbsp;&nbsp;initial_xver_BK3435V2_openLoop
<LI><a href="#[186]">&gt;&gt;</a>&nbsp;&nbsp;&nbsp;init_analog_xvr_reg
</UL>

<P><STRONG><a name="[b7]"></a>Delay_us</STRONG> (Thumb, 20 bytes, Stack size 0 bytes, rf_xvr.o(i.Delay_us))
<BR><BR>[Called By]<UL><LI><a href="#[b6]">&gt;&gt;</a>&nbsp;&nbsp;&nbsp;adc_get_value
</UL>

<P><STRONG><a name="[7a]"></a>FIQ_Exception</STRONG> (Thumb, 22 bytes, Stack size 16 bytes, intc.o(i.FIQ_Exception))
<BR><BR>[Stack]<UL><LI>Max Depth = 168<LI>Call Chain = FIQ_Exception &rArr; rwble_isr &rArr; __aeabi_dmul &rArr; _double_epilogue &rArr; __aeabi_llsr
</UL>
<BR>[Calls]<UL><LI><a href="#[a5]">&gt;&gt;</a>&nbsp;&nbsp;&nbsp;rwble_isr
<LI><a href="#[a4]">&gt;&gt;</a>&nbsp;&nbsp;&nbsp;cpu_wakeup
</UL>
<BR>[Called By]<UL><LI><a href="#[79]">&gt;&gt;</a>&nbsp;&nbsp;&nbsp;SYSirq_FIQ_Handler (via BLX)
</UL>

<P><STRONG><a name="[7c]"></a>IRQ_Exception</STRONG> (Thumb, 104 bytes, Stack size 16 bytes, intc.o(i.IRQ_Exception))
<BR><BR>[Stack]<UL><LI>Max Depth = 72<LI>Call Chain = IRQ_Exception &rArr; uart_isr &rArr; pn9_test_process &rArr; uart_send
</UL>
<BR>[Calls]<UL><LI><a href="#[a6]">&gt;&gt;</a>&nbsp;&nbsp;&nbsp;uart_isr
<LI><a href="#[a7]">&gt;&gt;</a>&nbsp;&nbsp;&nbsp;uart2_isr
<LI><a href="#[a9]">&gt;&gt;</a>&nbsp;&nbsp;&nbsp;rtc_isr
<LI><a href="#[aa]">&gt;&gt;</a>&nbsp;&nbsp;&nbsp;adc_isr
<LI><a href="#[a8]">&gt;&gt;</a>&nbsp;&nbsp;&nbsp;gpio_isr
<LI><a href="#[a4]">&gt;&gt;</a>&nbsp;&nbsp;&nbsp;cpu_wakeup
</UL>
<BR>[Called By]<UL><LI><a href="#[7b]">&gt;&gt;</a>&nbsp;&nbsp;&nbsp;SYSirq_IRQ_Handler (via BLX)
</UL>

<P><STRONG><a name="[2c]"></a>Read_Uart_Buf</STRONG> (Thumb, 14 bytes, Stack size 0 bytes, uart.o(i.Read_Uart_Buf))
<BR>[Address Reference Count : 1]<UL><LI> arch_main.o(i.rom_env_init)
</UL>
<P><STRONG><a name="[ad]"></a>__0snprintf</STRONG> (Thumb, 46 bytes, Stack size 32 bytes, printfa.o(i.__0snprintf), UNUSED)
<BR><BR>[Calls]<UL><LI><a href="#[ae]">&gt;&gt;</a>&nbsp;&nbsp;&nbsp;_printf_core
</UL>

<P><STRONG><a name="[2c8]"></a>__1snprintf</STRONG> (Thumb, 0 bytes, Stack size 32 bytes, printfa.o(i.__0snprintf), UNUSED)

<P><STRONG><a name="[151]"></a>__2snprintf</STRONG> (Thumb, 0 bytes, Stack size 32 bytes, printfa.o(i.__0snprintf))
<BR><BR>[Stack]<UL><LI>Max Depth = 32<LI>Call Chain = __2snprintf
</UL>
<BR>[Called By]<UL><LI><a href="#[bf]">&gt;&gt;</a>&nbsp;&nbsp;&nbsp;elog_output
<LI><a href="#[14e]">&gt;&gt;</a>&nbsp;&nbsp;&nbsp;elog_hexdump
</UL>

<P><STRONG><a name="[2c9]"></a>__c89snprintf</STRONG> (Thumb, 0 bytes, Stack size 32 bytes, printfa.o(i.__0snprintf), UNUSED)

<P><STRONG><a name="[2ca]"></a>snprintf</STRONG> (Thumb, 0 bytes, Stack size 32 bytes, printfa.o(i.__0snprintf), UNUSED)

<P><STRONG><a name="[af]"></a>__0sprintf</STRONG> (Thumb, 36 bytes, Stack size 24 bytes, printfa.o(i.__0sprintf), UNUSED)
<BR><BR>[Calls]<UL><LI><a href="#[9]">&gt;&gt;</a>&nbsp;&nbsp;&nbsp;_sputc
<LI><a href="#[ae]">&gt;&gt;</a>&nbsp;&nbsp;&nbsp;_printf_core
</UL>

<P><STRONG><a name="[2cb]"></a>__1sprintf</STRONG> (Thumb, 0 bytes, Stack size 24 bytes, printfa.o(i.__0sprintf), UNUSED)

<P><STRONG><a name="[125]"></a>__2sprintf</STRONG> (Thumb, 0 bytes, Stack size 24 bytes, printfa.o(i.__0sprintf))
<BR><BR>[Stack]<UL><LI>Max Depth = 24<LI>Call Chain = __2sprintf
</UL>
<BR>[Called By]<UL><LI><a href="#[120]">&gt;&gt;</a>&nbsp;&nbsp;&nbsp;app_test_process
<LI><a href="#[164]">&gt;&gt;</a>&nbsp;&nbsp;&nbsp;lock_test_process
</UL>

<P><STRONG><a name="[2cc]"></a>__c89sprintf</STRONG> (Thumb, 0 bytes, Stack size 24 bytes, printfa.o(i.__0sprintf), UNUSED)

<P><STRONG><a name="[2cd]"></a>sprintf</STRONG> (Thumb, 0 bytes, Stack size 24 bytes, printfa.o(i.__0sprintf), UNUSED)

<P><STRONG><a name="[b0]"></a>__0vsnprintf</STRONG> (Thumb, 40 bytes, Stack size 24 bytes, printfa.o(i.__0vsnprintf), UNUSED)
<BR><BR>[Calls]<UL><LI><a href="#[ae]">&gt;&gt;</a>&nbsp;&nbsp;&nbsp;_printf_core
</UL>

<P><STRONG><a name="[2ce]"></a>__1vsnprintf</STRONG> (Thumb, 0 bytes, Stack size 24 bytes, printfa.o(i.__0vsnprintf), UNUSED)

<P><STRONG><a name="[2cf]"></a>__2vsnprintf</STRONG> (Thumb, 0 bytes, Stack size 24 bytes, printfa.o(i.__0vsnprintf), UNUSED)

<P><STRONG><a name="[2d0]"></a>__c89vsnprintf</STRONG> (Thumb, 0 bytes, Stack size 24 bytes, printfa.o(i.__0vsnprintf), UNUSED)

<P><STRONG><a name="[15e]"></a>vsnprintf</STRONG> (Thumb, 0 bytes, Stack size 24 bytes, printfa.o(i.__0vsnprintf))
<BR><BR>[Stack]<UL><LI>Max Depth = 24<LI>Call Chain = vsnprintf
</UL>
<BR>[Called By]<UL><LI><a href="#[bf]">&gt;&gt;</a>&nbsp;&nbsp;&nbsp;elog_output
</UL>

<P><STRONG><a name="[b1]"></a>__0vsprintf</STRONG> (Thumb, 30 bytes, Stack size 24 bytes, printfa.o(i.__0vsprintf), UNUSED)
<BR><BR>[Calls]<UL><LI><a href="#[9]">&gt;&gt;</a>&nbsp;&nbsp;&nbsp;_sputc
<LI><a href="#[ae]">&gt;&gt;</a>&nbsp;&nbsp;&nbsp;_printf_core
</UL>

<P><STRONG><a name="[2d1]"></a>__1vsprintf</STRONG> (Thumb, 0 bytes, Stack size 24 bytes, printfa.o(i.__0vsprintf), UNUSED)

<P><STRONG><a name="[2d2]"></a>__2vsprintf</STRONG> (Thumb, 0 bytes, Stack size 24 bytes, printfa.o(i.__0vsprintf), UNUSED)

<P><STRONG><a name="[2d3]"></a>__c89vsprintf</STRONG> (Thumb, 0 bytes, Stack size 24 bytes, printfa.o(i.__0vsprintf), UNUSED)

<P><STRONG><a name="[2b0]"></a>vsprintf</STRONG> (Thumb, 0 bytes, Stack size 24 bytes, printfa.o(i.__0vsprintf))
<BR><BR>[Stack]<UL><LI>Max Depth = 24<LI>Call Chain = vsprintf
</UL>
<BR>[Called By]<UL><LI><a href="#[2e]">&gt;&gt;</a>&nbsp;&nbsp;&nbsp;uart_printf
<LI><a href="#[2f]">&gt;&gt;</a>&nbsp;&nbsp;&nbsp;uart2_printf
</UL>

<P><STRONG><a name="[92]"></a>__aeabi_errno_addr</STRONG> (Thumb, 4 bytes, Stack size 0 bytes, errno.o(i.__aeabi_errno_addr))
<BR><BR>[Called By]<UL><LI><a href="#[9f]">&gt;&gt;</a>&nbsp;&nbsp;&nbsp;_strtoull
<LI><a href="#[93]">&gt;&gt;</a>&nbsp;&nbsp;&nbsp;__strtoll
<LI><a href="#[91]">&gt;&gt;</a>&nbsp;&nbsp;&nbsp;atoll
</UL>

<P><STRONG><a name="[2d4]"></a>__rt_errno_addr</STRONG> (Thumb, 0 bytes, Stack size 0 bytes, errno.o(i.__aeabi_errno_addr), UNUSED)

<P><STRONG><a name="[b6]"></a>adc_get_value</STRONG> (Thumb, 66 bytes, Stack size 24 bytes, adc.o(i.adc_get_value))
<BR><BR>[Stack]<UL><LI>Max Depth = 24<LI>Call Chain = adc_get_value
</UL>
<BR>[Calls]<UL><LI><a href="#[b7]">&gt;&gt;</a>&nbsp;&nbsp;&nbsp;Delay_us
</UL>
<BR>[Called By]<UL><LI><a href="#[1bd]">&gt;&gt;</a>&nbsp;&nbsp;&nbsp;suble_battery_get_value_outtime_handler
[...]
</UL>
<BR>[Calls]<UL><LI><a href="#[231]">&gt;&gt;</a>&nbsp;&nbsp;&nbsp;suble_timer_handler
</UL>
<BR>[Address Reference Count : 1]<UL><LI> app_task.o(.constdata)
</UL>
<P><STRONG><a name="[70]"></a>suble_timer103_handler</STRONG> (Thumb, 12 bytes, Stack size 8 bytes, app_task.o(i.suble_timer103_handler))
<BR><BR>[Stack]<UL><LI>Max Depth = 248<LI>Call Chain = suble_timer103_handler &rArr; suble_timer_handler &rArr; suble_buzzer_timeout_handler &rArr; lock_play_music &rArr; suble_buzzer_start &rArr; elog_output &rArr;  elog_output (Cycle)
</UL>
<BR>[Calls]<UL><LI><a href="#[231]">&gt;&gt;</a>&nbsp;&nbsp;&nbsp;suble_timer_handler
</UL>
<BR>[Address Reference Count : 1]<UL><LI> app_task.o(.constdata)
</UL>
<P><STRONG><a name="[71]"></a>suble_timer104_handler</STRONG> (Thumb, 12 bytes, Stack size 8 bytes, app_task.o(i.suble_timer104_handler))
<BR><BR>[Stack]<UL><LI>Max Depth = 248<LI>Call Chain = suble_timer104_handler &rArr; suble_timer_handler &rArr; suble_buzzer_timeout_handler &rArr; lock_play_music &rArr; suble_buzzer_start &rArr; elog_output &rArr;  elog_output (Cycle)
</UL>
<BR>[Calls]<UL><LI><a href="#[231]">&gt;&gt;</a>&nbsp;&nbsp;&nbsp;suble_timer_handler
</UL>
<BR>[Address Reference Count : 1]<UL><LI> app_task.o(.constdata)
</UL>
<P><STRONG><a name="[72]"></a>suble_timer105_handler</STRONG> (Thumb, 12 bytes, Stack size 8 bytes, app_task.o(i.suble_timer105_handler))
<BR><BR>[Stack]<UL><LI>Max Depth = 248<LI>Call Chain = suble_timer105_handler &rArr; suble_timer_handler &rArr; suble_buzzer_timeout_handler &rArr; lock_play_music &rArr; suble_buzzer_start &rArr; elog_output &rArr;  elog_output (Cycle)
</UL>
<BR>[Calls]<UL><LI><a href="#[231]">&gt;&gt;</a>&nbsp;&nbsp;&nbsp;suble_timer_handler
</UL>
<BR>[Address Reference Count : 1]<UL><LI> app_task.o(.constdata)
</UL>
<P><STRONG><a name="[73]"></a>suble_timer106_handler</STRONG> (Thumb, 12 bytes, Stack size 8 bytes, app_task.o(i.suble_timer106_handler))
<BR><BR>[Stack]<UL><LI>Max Depth = 248<LI>Call Chain = suble_timer106_handler &rArr; suble_timer_handler &rArr; suble_buzzer_timeout_handler &rArr; lock_play_music &rArr; suble_buzzer_start &rArr; elog_output &rArr;  elog_output (Cycle)
</UL>
<BR>[Calls]<UL><LI><a href="#[231]">&gt;&gt;</a>&nbsp;&nbsp;&nbsp;suble_timer_handler
</UL>
<BR>[Address Reference Count : 1]<UL><LI> app_task.o(.constdata)
</UL>
<P><STRONG><a name="[74]"></a>suble_timer107_handler</STRONG> (Thumb, 12 bytes, Stack size 8 bytes, app_task.o(i.suble_timer107_handler))
<BR><BR>[Stack]<UL><LI>Max Depth = 248<LI>Call Chain = suble_timer107_handler &rArr; suble_timer_handler &rArr; suble_buzzer_timeout_handler &rArr; lock_play_music &rArr; suble_buzzer_start &rArr; elog_output &rArr;  elog_output (Cycle)
</UL>
<BR>[Calls]<UL><LI><a href="#[231]">&gt;&gt;</a>&nbsp;&nbsp;&nbsp;suble_timer_handler
</UL>
<BR>[Address Reference Count : 1]<UL><LI> app_task.o(.constdata)
</UL>
<P><STRONG><a name="[75]"></a>suble_timer108_handler</STRONG> (Thumb, 12 bytes, Stack size 8 bytes, app_task.o(i.suble_timer108_handler))
<BR><BR>[Stack]<UL><LI>Max Depth = 248<LI>Call Chain = suble_timer108_handler &rArr; suble_timer_handler &rArr; suble_buzzer_timeout_handler &rArr; lock_play_music &rArr; suble_buzzer_start &rArr; elog_output &rArr;  elog_output (Cycle)
</UL>
<BR>[Calls]<UL><LI><a href="#[231]">&gt;&gt;</a>&nbsp;&nbsp;&nbsp;suble_timer_handler
</UL>
<BR>[Address Reference Count : 1]<UL><LI> app_task.o(.constdata)
</UL>
<P><STRONG><a name="[76]"></a>suble_timer109_handler</STRONG> (Thumb, 12 bytes, Stack size 8 bytes, app_task.o(i.suble_timer109_handler))
<BR><BR>[Stack]<UL><LI>Max Depth = 248<LI>Call Chain = suble_timer109_handler &rArr; suble_timer_handler &rArr; suble_buzzer_timeout_handler &rArr; lock_play_music &rArr; suble_buzzer_start &rArr; elog_output &rArr;  elog_output (Cycle)
</UL>
<BR>[Calls]<UL><LI><a href="#[231]">&gt;&gt;</a>&nbsp;&nbsp;&nbsp;suble_timer_handler
</UL>
<BR>[Address Reference Count : 1]<UL><LI> app_task.o(.constdata)
</UL>
<P><STRONG><a name="[63]"></a>suble_timer10_handler</STRONG> (Thumb, 12 bytes, Stack size 8 bytes, app_task.o(i.suble_timer10_handler))
<BR><BR>[Stack]<UL><LI>Max Depth = 248<LI>Call Chain = suble_timer10_handler &rArr; suble_timer_handler &rArr; suble_buzzer_timeout_handler &rArr; lock_play_music &rArr; suble_buzzer_start &rArr; elog_output &rArr;  elog_output (Cycle)
</UL>
<BR>[Calls]<UL><LI><a href="#[231]">&gt;&gt;</a>&nbsp;&nbsp;&nbsp;suble_timer_handler
</UL>
<BR>[Address Reference Count : 1]<UL><LI> app_task.o(.constdata)
</UL>
<P><STRONG><a name="[64]"></a>suble_timer11_handler</STRONG> (Thumb, 12 bytes, Stack size 8 bytes, app_task.o(i.suble_timer11_handler))
<BR><BR>[Stack]<UL><LI>Max Depth = 248<LI>Call Chain = suble_timer11_handler &rArr; suble_timer_handler &rArr; suble_buzzer_timeout_handler &rArr; lock_play_music &rArr; suble_buzzer_start &rArr; elog_output &rArr;  elog_output (Cycle)
</UL>
<BR>[Calls]<UL><LI><a href="#[231]">&gt;&gt;</a>&nbsp;&nbsp;&nbsp;suble_timer_handler
</UL>
<BR>[Address Reference Count : 1]<UL><LI> app_task.o(.constdata)
</UL>
<P><STRONG><a name="[65]"></a>suble_timer12_handler</STRONG> (Thumb, 12 bytes, Stack size 8 bytes, app_task.o(i.suble_timer12_handler))
<BR><BR>[Stack]<UL><LI>Max Depth = 248<LI>Call Chain = suble_timer12_handler &rArr; suble_timer_handler &rArr; suble_buzzer_timeout_handler &rArr; lock_play_music &rArr; suble_buzzer_start &rArr; elog_output &rArr;  elog_output (Cycle)
</UL>
<BR>[Calls]<UL><LI><a href="#[231]">&gt;&gt;</a>&nbsp;&nbsp;&nbsp;suble_timer_handler
</UL>
<BR>[Address Reference Count : 1]<UL><LI> app_task.o(.constdata)
</UL>
<P><STRONG><a name="[66]"></a>suble_timer13_handler</STRONG> (Thumb, 12 bytes, Stack size 8 bytes, app_task.o(i.suble_timer13_handler))
<BR><BR>[Stack]<UL><LI>Max Depth = 248<LI>Call Chain = suble_timer13_handler &rArr; suble_timer_handler &rArr; suble_buzzer_timeout_handler &rArr; lock_play_music &rArr; suble_buzzer_start &rArr; elog_output &rArr;  elog_output (Cycle)
</UL>
<BR>[Calls]<UL><LI><a href="#[231]">&gt;&gt;</a>&nbsp;&nbsp;&nbsp;suble_timer_handler
</UL>
<BR>[Address Reference Count : 1]<UL><LI> app_task.o(.constdata)
</UL>
<P><STRONG><a name="[67]"></a>suble_timer14_handler</STRONG> (Thumb, 12 bytes, Stack size 8 bytes, app_task.o(i.suble_timer14_handler))
<BR><BR>[Stack]<UL><LI>Max Depth = 248<LI>Call Chain = suble_timer14_handler &rArr; suble_timer_handler &rArr; suble_buzzer_timeout_handler &rArr; lock_play_music &rArr; suble_buzzer_start &rArr; elog_output &rArr;  elog_output (Cycle)
</UL>
<BR>[Calls]<UL><LI><a href="#[231]">&gt;&gt;</a>&nbsp;&nbsp;&nbsp;suble_timer_handler
</UL>
<BR>[Address Reference Count : 1]<UL><LI> app_task.o(.constdata)
</UL>
<P><STRONG><a name="[68]"></a>suble_timer15_handler</STRONG> (Thumb, 14 bytes, Stack size 8 bytes, app_task.o(i.suble_timer15_handler))
<BR><BR>[Stack]<UL><LI>Max Depth = 248<LI>Call Chain = suble_timer15_handler &rArr; suble_timer_handler &rArr; suble_buzzer_timeout_handler &rArr; lock_play_music &rArr; suble_buzzer_start &rArr; elog_output &rArr;  elog_output (Cycle)
</UL>
<BR>[Calls]<UL><LI><a href="#[231]">&gt;&gt;</a>&nbsp;&nbsp;&nbsp;suble_timer_handler
</UL>
<BR>[Address Reference Count : 1]<UL><LI> app_task.o(.constdata)
</UL>
<P><STRONG><a name="[69]"></a>suble_timer16_handler</STRONG> (Thumb, 12 bytes, Stack size 8 bytes, app_task.o(i.suble_timer16_handler))
<BR><BR>[Stack]<UL><LI>Max Depth = 248<LI>Call Chain = suble_timer16_handler &rArr; suble_timer_handler &rArr; suble_buzzer_timeout_handler &rArr; lock_play_music &rArr; suble_buzzer_start &rArr; elog_output &rArr;  elog_output (Cycle)
</UL>
<BR>[Calls]<UL><LI><a href="#[231]">&gt;&gt;</a>&nbsp;&nbsp;&nbsp;suble_timer_handler
</UL>
<BR>[Address Reference Count : 1]<UL><LI> app_task.o(.constdata)
</UL>
<P><STRONG><a name="[6a]"></a>suble_timer17_handler</STRONG> (Thumb, 12 bytes, Stack size 8 bytes, app_task.o(i.suble_timer17_handler))
<BR><BR>[Stack]<UL><LI>Max Depth = 248<LI>Call Chain = suble_timer17_handler &rArr; suble_timer_handler &rArr; suble_buzzer_timeout_handler &rArr; lock_play_music &rArr; suble_buzzer_start &rArr; elog_output &rArr;  elog_output (Cycle)
</UL>
<BR>[Calls]<UL><LI><a href="#[231]">&gt;&gt;</a>&nbsp;&nbsp;&nbsp;suble_timer_handler
</UL>
<BR>[Address Reference Count : 1]<UL><LI> app_task.o(.constdata)
</UL>
<P><STRONG><a name="[6b]"></a>suble_timer18_handler</STRONG> (Thumb, 12 bytes, Stack size 8 bytes, app_task.o(i.suble_timer18_handler))
<BR><BR>[Stack]<UL><LI>Max Depth = 248<LI>Call Chain = suble_timer18_handler &rArr; suble_timer_handler &rArr; suble_buzzer_timeout_handler &rArr; lock_play_music &rArr; suble_buzzer_start &rArr; elog_output &rArr;  elog_output (Cycle)
</UL>
<BR>[Calls]<UL><LI><a href="#[231]">&gt;&gt;</a>&nbsp;&nbsp;&nbsp;suble_timer_handler
</UL>
<BR>[Address Reference Count : 1]<UL><LI> app_task.o(.constdata)
</UL>
<P><STRONG><a name="[6c]"></a>suble_timer19_handler</STRONG> (Thumb, 12 bytes, Stack size 8 bytes, app_task.o(i.suble_timer19_handler))
<BR><BR>[Stack]<UL><LI>Max Depth = 248<LI>Call Chain = suble_timer19_handler &rArr; suble_timer_handler &rArr; suble_buzzer_timeout_handler &rArr; lock_play_music &rArr; suble_buzzer_start &rArr; elog_output &rArr;  elog_output (Cycle)
</UL>
<BR>[Calls]<UL><LI><a href="#[231]">&gt;&gt;</a>&nbsp;&nbsp;&nbsp;suble_timer_handler
</UL>
<BR>[Address Reference Count : 1]<UL><LI> app_task.o(.constdata)
</UL>
<P><STRONG><a name="[5a]"></a>suble_timer1_handler</STRONG> (Thumb, 12 bytes, Stack size 8 bytes, app_task.o(i.suble_timer1_handler))
<BR><BR>[Stack]<UL><LI>Max Depth = 248<LI>Call Chain = suble_timer1_handler &rArr; suble_timer_handler &rArr; suble_buzzer_timeout_handler &rArr; lock_play_music &rArr; suble_buzzer_start &rArr; elog_output &rArr;  elog_output (Cycle)
</UL>
<BR>[Calls]<UL><LI><a href="#[231]">&gt;&gt;</a>&nbsp;&nbsp;&nbsp;suble_timer_handler
</UL>
<BR>[Address Reference Count : 1]<UL><LI> app_task.o(.constdata)
</UL>
<P><STRONG><a name="[5b]"></a>suble_timer2_handler</STRONG> (Thumb, 12 bytes, Stack size 8 bytes, app_task.o(i.suble_timer2_handler))
<BR><BR>[Stack]<UL><LI>Max Depth = 248<LI>Call Chain = suble_timer2_handler &rArr; suble_timer_handler &rArr; suble_buzzer_timeout_handler &rArr; lock_play_music &rArr; suble_buzzer_start &rArr; elog_output &rArr;  elog_output (Cycle)
</UL>
<BR>[Calls]<UL><LI><a href="#[231]">&gt;&gt;</a>&nbsp;&nbsp;&nbsp;suble_timer_handler
</UL>
<BR>[Address Reference Count : 1]<UL><LI> app_task.o(.constdata)
</UL>
<P><STRONG><a name="[5c]"></a>suble_timer3_handler</STRONG> (Thumb, 12 bytes, Stack size 8 bytes, app_task.o(i.suble_timer3_handler))
<BR><BR>[Stack]<UL><LI>Max Depth = 248<LI>Call Chain = suble_timer3_handler &rArr; suble_timer_handler &rArr; suble_buzzer_timeout_handler &rArr; lock_play_music &rArr; suble_buzzer_start &rArr; elog_output &rArr;  elog_output (Cycle)
</UL>
<BR>[Calls]<UL><LI><a href="#[231]">&gt;&gt;</a>&nbsp;&nbsp;&nbsp;suble_timer_handler
</UL>
<BR>[Address Reference Count : 1]<UL><LI> app_task.o(.constdata)
</UL>
<P><STRONG><a name="[5d]"></a>suble_timer4_handler</STRONG> (Thumb, 12 bytes, Stack size 8 bytes, app_task.o(i.suble_timer4_handler))
<BR><BR>[Stack]<UL><LI>Max Depth = 248<LI>Call Chain = suble_timer4_handler &rArr; suble_timer_handler &rArr; suble_buzzer_timeout_handler &rArr; lock_play_music &rArr; suble_buzzer_start &rArr; elog_output &rArr;  elog_output (Cycle)
</UL>
<BR>[Calls]<UL><LI><a href="#[231]">&gt;&gt;</a>&nbsp;&nbsp;&nbsp;suble_timer_handler
</UL>
<BR>[Address Reference Count : 1]<UL><LI> app_task.o(.constdata)
</UL>
<P><STRONG><a name="[5e]"></a>suble_timer5_handler</STRONG> (Thumb, 12 bytes, Stack size 8 bytes, app_task.o(i.suble_timer5_handler))
<BR><BR>[Stack]<UL><LI>Max Depth = 248<LI>Call Chain = suble_timer5_handler &rArr; suble_timer_handler &rArr; suble_buzzer_timeout_handler &rArr; lock_play_music &rArr; suble_buzzer_start &rArr; elog_output &rArr;  elog_output (Cycle)
</UL>
<BR>[Calls]<UL><LI><a href="#[231]">&gt;&gt;</a>&nbsp;&nbsp;&nbsp;suble_timer_handler
</UL>
<BR>[Address Reference Count : 1]<UL><LI> app_task.o(.constdata)
</UL>
<P><STRONG><a name="[5f]"></a>suble_timer6_handler</STRONG> (Thumb, 12 bytes, Stack size 8 bytes, app_task.o(i.suble_timer6_handler))
<BR><BR>[Stack]<UL><LI>Max Depth = 248<LI>Call Chain = suble_timer6_handler &rArr; suble_timer_handler &rArr; suble_buzzer_timeout_handler &rArr; lock_play_music &rArr; suble_buzzer_start &rArr; elog_output &rArr;  elog_output (Cycle)
</UL>
<BR>[Calls]<UL><LI><a href="#[231]">&gt;&gt;</a>&nbsp;&nbsp;&nbsp;suble_timer_handler
</UL>
<BR>[Address Reference Count : 1]<UL><LI> app_task.o(.constdata)
</UL>
<P><STRONG><a name="[60]"></a>suble_timer7_handler</STRONG> (Thumb, 12 bytes, Stack size 8 bytes, app_task.o(i.suble_timer7_handler))
<BR><BR>[Stack]<UL><LI>Max Depth = 248<LI>Call Chain = suble_timer7_handler &rArr; suble_timer_handler &rArr; suble_buzzer_timeout_handler &rArr; lock_play_music &rArr; suble_buzzer_start &rArr; elog_output &rArr;  elog_output (Cycle)
</UL>
<BR>[Calls]<UL><LI><a href="#[231]">&gt;&gt;</a>&nbsp;&nbsp;&nbsp;suble_timer_handler
</UL>
<BR>[Address Reference Count : 1]<UL><LI> app_task.o(.constdata)
</UL>
<P><STRONG><a name="[61]"></a>suble_timer8_handler</STRONG> (Thumb, 12 bytes, Stack size 8 bytes, app_task.o(i.suble_timer8_handler))
<BR><BR>[Stack]<UL><LI>Max Depth = 248<LI>Call Chain = suble_timer8_handler &rArr; suble_timer_handler &rArr; suble_buzzer_timeout_handler &rArr; lock_play_music &rArr; suble_buzzer_start &rArr; elog_output &rArr;  elog_output (Cycle)
</UL>
<BR>[Calls]<UL><LI><a href="#[231]">&gt;&gt;</a>&nbsp;&nbsp;&nbsp;suble_timer_handler
</UL>
<BR>[Address Reference Count : 1]<UL><LI> app_task.o(.constdata)
</UL>
<P><STRONG><a name="[62]"></a>suble_timer9_handler</STRONG> (Thumb, 12 bytes, Stack size 8 bytes, app_task.o(i.suble_timer9_handler))
<BR><BR>[Stack]<UL><LI>Max Depth = 248<LI>Call Chain = suble_timer9_handler &rArr; suble_timer_handler &rArr; suble_buzzer_timeout_handler &rArr; lock_play_music &rArr; suble_buzzer_start &rArr; elog_output &rArr;  elog_output (Cycle)
</UL>
<BR>[Calls]<UL><LI><a href="#[231]">&gt;&gt;</a>&nbsp;&nbsp;&nbsp;suble_timer_handler
</UL>
<BR>[Address Reference Count : 1]<UL><LI> app_task.o(.constdata)
</UL>
<P><STRONG><a name="[267]"></a>hextoascii</STRONG> (ARM, 152 bytes, Stack size 16 bytes, tuya_ble_secure.o(i.hextoascii))
<BR><BR>[Stack]<UL><LI>Max Depth = 16<LI>Call Chain = hextoascii
</UL>
<BR>[Called By]<UL><LI><a href="#[244]">&gt;&gt;</a>&nbsp;&nbsp;&nbsp;tuya_ble_encrypt_old_with_key
</UL>

<P><STRONG><a name="[242]"></a>tuya_ble_Add_Pkcs</STRONG> (ARM, 176 bytes, Stack size 40 bytes, tuya_ble_secure.o(i.tuya_ble_Add_Pkcs))
<BR><BR>[Stack]<UL><LI>Max Depth = 40<LI>Call Chain = tuya_ble_Add_Pkcs
</UL>
<BR>[Calls]<UL><LI><a href="#[cb]">&gt;&gt;</a>&nbsp;&nbsp;&nbsp;__aeabi_memcpy (via BLX)
</UL>
<BR>[Called By]<UL><LI><a href="#[244]">&gt;&gt;</a>&nbsp;&nbsp;&nbsp;tuya_ble_encrypt_old_with_key
<LI><a href="#[257]">&gt;&gt;</a>&nbsp;&nbsp;&nbsp;tuya_ble_encryption
</UL>

<P><STRONG><a name="[264]"></a>tuya_ble_device_id_key_generate</STRONG> (ARM, 112 bytes, Stack size 88 bytes, tuya_ble_secure.o(i.tuya_ble_device_id_key_generate))
<BR><BR>[Stack]<UL><LI>Max Depth = 348<LI>Call Chain = tuya_ble_device_id_key_generate &rArr; tuya_ble_md5_crypt &rArr; mbedtls_md5_update &rArr; mbedtls_md5_update_ret &rArr; mbedtls_internal_md5_process
</UL>
<BR>[Calls]<UL><LI><a href="#[cb]">&gt;&gt;</a>&nbsp;&nbsp;&nbsp;__aeabi_memcpy (via BLX)
<LI><a href="#[265]">&gt;&gt;</a>&nbsp;&nbsp;&nbsp;tuya_ble_md5_crypt (via BLX)
<LI><a href="#[e8]">&gt;&gt;</a>&nbsp;&nbsp;&nbsp;__aeabi_memclr4 (via BLX)
</UL>
<BR>[Called By]<UL><LI><a href="#[245]">&gt;&gt;</a>&nbsp;&nbsp;&nbsp;tuya_ble_device_id_encrypt
</UL>

<P><STRONG><a name="[293]"></a>tuya_ble_generate_key1</STRONG> (ARM, 128 bytes, Stack size 56 bytes, tuya_ble_secure.o(i.tuya_ble_generate_key1))
<BR><BR>[Stack]<UL><LI>Max Depth = 500<LI>Call Chain = tuya_ble_generate_key1 &rArr; tuya_ble_aes128_cbc_encrypt &rArr; mbedtls_aes_crypt_cbc &rArr; mbedtls_aes_crypt_ecb &rArr; mbedtls_internal_aes_encrypt
</UL>
<BR>[Calls]<UL><LI><a href="#[cb]">&gt;&gt;</a>&nbsp;&nbsp;&nbsp;__aeabi_memcpy (via BLX)
<LI><a href="#[249]">&gt;&gt;</a>&nbsp;&nbsp;&nbsp;tuya_ble_aes128_cbc_encrypt (via BLX)
</UL>
<BR>[Called By]<UL><LI><a href="#[262]">&gt;&gt;</a>&nbsp;&nbsp;&nbsp;tuya_ble_key_generate
</UL>

<P><STRONG><a name="[262]"></a>tuya_ble_key_generate</STRONG> (ARM, 740 bytes, Stack size 24 bytes, tuya_ble_secure.o(i.tuya_ble_key_generate))
<BR><BR>[Stack]<UL><LI>Max Depth = 524<LI>Call Chain = tuya_ble_key_generate &rArr; tuya_ble_generate_key1 &rArr; tuya_ble_aes128_cbc_encrypt &rArr; mbedtls_aes_crypt_cbc &rArr; mbedtls_aes_crypt_ecb &rArr; mbedtls_internal_aes_encrypt
</UL>
<BR>[Calls]<UL><LI><a href="#[cb]">&gt;&gt;</a>&nbsp;&nbsp;&nbsp;__aeabi_memcpy (via BLX)
<LI><a href="#[265]">&gt;&gt;</a>&nbsp;&nbsp;&nbsp;tuya_ble_md5_crypt (via BLX)
<LI><a href="#[e9]">&gt;&gt;</a>&nbsp;&nbsp;&nbsp;memcmp (via BLX)
<LI><a href="#[83]">&gt;&gt;</a>&nbsp;&nbsp;&nbsp;__aeabi_memclr (via BLX)
<LI><a href="#[293]">&gt;&gt;</a>&nbsp;&nbsp;&nbsp;tuya_ble_generate_key1
</UL>
<BR>[Called By]<UL><LI><a href="#[257]">&gt;&gt;</a>&nbsp;&nbsp;&nbsp;tuya_ble_encryption
<LI><a href="#[25a]">&gt;&gt;</a>&nbsp;&nbsp;&nbsp;tuya_ble_decryption
</UL>

<P><STRONG><a name="[b2]"></a>_fp_digits</STRONG> (Thumb, 344 bytes, Stack size 64 bytes, printfa.o(i._fp_digits), UNUSED)
<BR><BR>[Calls]<UL><LI><a href="#[9a]">&gt;&gt;</a>&nbsp;&nbsp;&nbsp;__aeabi_dmul
<LI><a href="#[94]">&gt;&gt;</a>&nbsp;&nbsp;&nbsp;__aeabi_dadd
<LI><a href="#[8d]">&gt;&gt;</a>&nbsp;&nbsp;&nbsp;__aeabi_uldivmod
<LI><a href="#[9b]">&gt;&gt;</a>&nbsp;&nbsp;&nbsp;__aeabi_ddiv
<LI><a href="#[a1]">&gt;&gt;</a>&nbsp;&nbsp;&nbsp;__aeabi_d2ulz
<LI><a href="#[b3]">&gt;&gt;</a>&nbsp;&nbsp;&nbsp;__aeabi_cdrcmple
</UL>
<BR>[Called By]<UL><LI><a href="#[ae]">&gt;&gt;</a>&nbsp;&nbsp;&nbsp;_printf_core
</UL>

<P><STRONG><a name="[ae]"></a>_printf_core</STRONG> (Thumb, 1764 bytes, Stack size 128 bytes, printfa.o(i._printf_core), UNUSED)
<BR><BR>[Calls]<UL><LI><a href="#[84]">&gt;&gt;</a>&nbsp;&nbsp;&nbsp;__aeabi_uidivmod
<LI><a href="#[8d]">&gt;&gt;</a>&nbsp;&nbsp;&nbsp;__aeabi_uldivmod
<LI><a href="#[b4]">&gt;&gt;</a>&nbsp;&nbsp;&nbsp;_printf_pre_padding
<LI><a href="#[b5]">&gt;&gt;</a>&nbsp;&nbsp;&nbsp;_printf_post_padding
<LI><a href="#[b2]">&gt;&gt;</a>&nbsp;&nbsp;&nbsp;_fp_digits
</UL>
<BR>[Called By]<UL><LI><a href="#[b1]">&gt;&gt;</a>&nbsp;&nbsp;&nbsp;__0vsprintf
<LI><a href="#[b0]">&gt;&gt;</a>&nbsp;&nbsp;&nbsp;__0vsnprintf
<LI><a href="#[af]">&gt;&gt;</a>&nbsp;&nbsp;&nbsp;__0sprintf
<LI><a href="#[ad]">&gt;&gt;</a>&nbsp;&nbsp;&nbsp;__0snprintf
</UL>

<P><STRONG><a name="[b5]"></a>_printf_post_padding</STRONG> (Thumb, 32 bytes, Stack size 24 bytes, printfa.o(i._printf_post_padding), UNUSED)
<BR><BR>[Called By]<UL><LI><a href="#[ae]">&gt;&gt;</a>&nbsp;&nbsp;&nbsp;_printf_core
</UL>

<P><STRONG><a name="[b4]"></a>_printf_pre_padding</STRONG> (Thumb, 44 bytes, Stack size 40 bytes, printfa.o(i._printf_pre_padding), UNUSED)
<BR><BR>[Called By]<UL><LI><a href="#[ae]">&gt;&gt;</a>&nbsp;&nbsp;&nbsp;_printf_core
</UL>

<P><STRONG><a name="[8]"></a>_snputc</STRONG> (Thumb, 22 bytes, Stack size 0 bytes, printfa.o(i._snputc))
<BR>[Address Reference Count : 2]<UL><LI> printfa.o(i.__0snprintf)
<LI> printfa.o(i.__0vsnprintf)
</UL>
<P><STRONG><a name="[9]"></a>_sputc</STRONG> (Thumb, 10 bytes, Stack size 0 bytes, printfa.o(i._sputc))
<BR><BR>[Called By]<UL><LI><a href="#[b1]">&gt;&gt;</a>&nbsp;&nbsp;&nbsp;__0vsprintf
<LI><a href="#[af]">&gt;&gt;</a>&nbsp;&nbsp;&nbsp;__0sprintf
</UL>
<BR>[Address Reference Count : 2]<UL><LI> printfa.o(i.__0sprintf)
<LI> printfa.o(i.__0vsprintf)
</UL><P>
<H3>
Undefined Global Symbols
</H3><HR></body></html>
