<html>
<body>
<pre>
<h1>µVision Build Log</h1>
<h2>Tool Versions:</h2>
IDE-Version: ¦ÌVision V5.28.0.0
Copyright (C) 2019 ARM Ltd and ARM Germany GmbH. All rights reserved.
License Information: ding su, tuya, LIC=7YKWF-62U5T-IM69B-22WLA-5GI9C-PH7JM
 
Tool Versions:
Toolchain:       MDK-ARM Professional  Version: 5.28.0.0
Toolchain Path:  C:\Keil_v5\ARM\ARMCC\Bin
C Compiler:      Armcc.exe V5.06 update 6 (build 750)
Assembler:       Armasm.exe V5.06 update 6 (build 750)
Linker/Locator:  ArmLink.exe V5.06 update 6 (build 750)
Library Manager: ArmAr.exe V5.06 update 6 (build 750)
Hex Converter:   FromElf.exe V5.06 update 6 (build 750)
CPU DLL:         SARM.DLL V5.28.0.0
Dialog DLL:      DARMP3.DLL
Target DLL:      Segger\JLTAgdi.dll V1.61.0.0
Dialog DLL:      TARMP3.DLL V1.4.0.0
 
<h2>Project:</h2>
D:\office\workspace\Bk\Tuya_ble_sdk_antilost_project_bk3431q\ble_3435_sdk_ext_39_0F0E\projects\ble_app_gatt\bk3435.uvproj
Project File Date:  06/23/2020

<h2>Output:</h2>
*** Using Compiler 'V5.06 update 6 (build 750)', folder: 'C:\Keil_v5\ARM\ARMCC\Bin'
Build target 'BK3435_app'
compiling lock_common.c...
compiling lock_hard.c...
compiling app_common.c...
compiling lock_dp_report.c...
compiling lock_dp_parser.c...
compiling lock_music.c...
compiling lock_test.c...
compiling lock_timer.c...
compiling app_flash.c...
compiling tuya_ble_app_uart_module_handler.c...
compiling tuya_ble_app_product_test.c...
compiling tuya_ble_app_ota.c...
compiling app_active_report.c...
compiling app_test.c...
compiling app_port.c...
compiling tuya_ble_app_demo.c...
compiling tuya_ble_port.c...
compiling tuya_ble_port_bk3431q.c...
compiling tuya_ble_api.c...
compiling tuya_ble_mem.c...
compiling tuya_ble_utils.c...
compiling tuya_ble_heap.c...
compiling tuya_ble_event.c...
compiling tuya_ble_main.c...
compiling tuya_ble_storage.c...
compiling tuya_ble_port_peripheral.c...
compiling tuya_ble_event_handler.c...
compiling tuya_ble_gatt_send_queue.c...
compiling suble_common.c...
compiling tuya_ble_app_uart_common_handler.c...
compiling tuya_ble_app_production_test.c...
compiling tuya_ble_data_handler.c...
compiling suble_scan_adv.c...
compiling suble_gap.c...
compiling suble_svc.c...
compiling suble_uart.c...
compiling suble_flash.c...
compiling suble_gpio.c...
compiling suble_key.c...
compiling suble_timer.c...
compiling suble_battery.c...
compiling suble_test.c...
compiling suble_util.c...
compiling sf_port.c...
compiling sf_nv.c...
compiling sf_mem.c...
compiling elog_port.c...
compiling arch_main.c...
compiling icu.c...
compiling gpio.c...
compiling adc.c...
compiling flash.c...
compiling rwip.c...
compiling intc.c...
compiling fff0s.c...
compiling fff0s_task.c...
compiling uart.c...
compiling rwble.c...
compiling pwm.c...
compiling app.c...
compiling app_fff0.c...
compiling app_task.c...
linking...
Program Size: Code=56468 RO-data=11432 RW-data=1316 ZI-data=19680  
FromELF: creating hex file...
After Build - User command #1: fromelf --bin --output .\output\app\bk3435_ble_app.bin .\obj\bk3435_ble_app.axf
After Build - User command #2: .\output\encrypt_app.bat
D:\office\workspace\Bk\Tuya_ble_sdk_antilost_project_bk3431q\ble_3435_sdk_ext_39_0F0E\projects\ble_app_gatt>.\output\BinConvert_3435_OAD  -oad .\output\bim\bk3435_ble_bim.bin  .\output\stack\bk3435_ble_stack.bin  .\output\app\bk3435_ble_app.bin -m 0x1F00 -l 0x1E200 -v 0x000F -rom_v 0x000E -e 00000000 00000000 00000000 00000000 
cmd_bin_oad.stack_file_addr :0x1f00
binary version hex:0xf; dec:15
Arm Image Binary will be converted to OAD format binary file.....
cmd_bin_oad.stack_file_addr=1f00
boot_bin_len=1c40
add stack bin start
        Encrypt Seccessfully!
        File Size: 0x32010
oad_stack_app_bin_len=30000
oad_app_bin_len=120d0
01 d8 d1 4a 0f 00 34 48 42 42 42 42 ff ff 0e 00 /**< @CREATE_FILE_SUCCESS */
/**< @Download flash file:.\output\app\bk3435_ble_app_merge_crc.bin
/**< @OAD file :.\output\app\bk3435_ble_app_stack_oad.bin,CRC = 0x84064a1d
/**< @OAD file :.\output\app\bk3435_ble_app_oad.bin,CRC = 0x4ad1d801
/**< @author <gang.cheng@bekencorp.com> */
/**< @version v0.3 */
".\obj\bk3435_ble_app.axf" - 0 Error(s), 0 Warning(s).
Build Time Elapsed:  00:00:07
</pre>
</body>
</html>
