Component: ARM Compiler 5.06 update 6 (build 750) Tool: armlink [4d35ed]

==============================================================================

Section Cross References

    lock_common.o(i.lock_common_init) refers to app_port.o(i.app_port_nv_init) for app_port_nv_init
    lock_common.o(i.lock_common_init) refers to app_port.o(i.app_port_local_clock_start) for app_port_local_clock_start
    lock_common.o(i.lock_common_init) refers to lock_timer.o(i.lock_timer_creat) for lock_timer_creat
    lock_common.o(i.lock_common_init) refers to app_common.o(i.app_common_init) for app_common_init
    lock_common.o(i.lock_factory_handler) refers to app_port.o(i.app_port_device_factory_reset) for app_port_device_factory_reset
    lock_common.o(i.lock_factory_handler) refers to app_flash.o(i.lock_flash_erease_all) for lock_flash_erease_all
    lock_common.o(i.lock_factory_handler) refers to lock_timer.o(i.lock_timer_start) for lock_timer_start
    lock_hard.o(i.lock_hard_uart_simulate) refers to elog.o(i.elog_output) for elog_output
    lock_hard.o(i.lock_hard_uart_simulate) refers to suble_common.o(i.suble_log_hexdump) for suble_log_hexdump
    lock_hard.o(i.lock_hard_uart_simulate) refers to app_port.o(i.app_port_dp_data_report) for app_port_dp_data_report
    lock_hard.o(i.lock_hard_uart_simulate) refers to app_active_report.o(i.app_ibeacon_stop) for app_ibeacon_stop
    lock_hard.o(i.lock_hard_uart_simulate) refers to lock_common.o(i.lock_factory_handler) for lock_factory_handler
    lock_hard.o(i.lock_hard_uart_simulate) refers to app_port.o(i.app_port_dp_data_with_time_report) for app_port_dp_data_with_time_report
    lock_hard.o(i.lock_hard_uart_simulate) refers to app_active_report.o(i.app_ibeacon_start) for app_ibeacon_start
    lock_hard.o(i.lock_hard_uart_simulate) refers to lock_hard.o(.constdata) for .constdata
    lock_dp_parser.o(i.antilost_disconn_alarm) refers to lock_music.o(i.lock_play_music) for lock_play_music
    lock_dp_parser.o(i.antilost_disconn_alarm) refers to elog.o(i.elog_output) for elog_output
    lock_dp_parser.o(i.antilost_disconn_alarm) refers to app_flash.o(.data) for lock_settings
    lock_dp_parser.o(i.antilost_disconn_alarm) refers to lock_dp_parser.o(.constdata) for .constdata
    lock_dp_parser.o(i.antilost_find_device) refers to lock_music.o(i.lock_play_music) for lock_play_music
    lock_dp_parser.o(i.antilost_find_device) refers to lock_music.o(i.lock_play_music_cancel) for lock_play_music_cancel
    lock_dp_parser.o(i.antilost_find_device) refers to elog.o(i.elog_output) for elog_output
    lock_dp_parser.o(i.antilost_find_device) refers to app_flash.o(.data) for lock_settings
    lock_dp_parser.o(i.antilost_find_device) refers to lock_dp_parser.o(.constdata) for .constdata
    lock_dp_parser.o(i.lock_dp_parser_handler) refers to suble_common.o(i.suble_log_hexdump) for suble_log_hexdump
    lock_dp_parser.o(i.lock_dp_parser_handler) refers to tuya_ble_app_demo.o(i.tuya_ble_app_evt_send) for tuya_ble_app_evt_send
    lock_dp_parser.o(i.lock_dp_parser_handler) refers to app_flash.o(i.lock_settings_save) for lock_settings_save
    lock_dp_parser.o(i.lock_dp_parser_handler) refers to elog.o(i.elog_output) for elog_output
    lock_dp_parser.o(i.lock_dp_parser_handler) refers to suble_gpio.o(i.suble_buzzer_set_sound_volume) for suble_buzzer_set_sound_volume
    lock_dp_parser.o(i.lock_dp_parser_handler) refers to app_port.o(i.app_port_dp_data_report) for app_port_dp_data_report
    lock_dp_parser.o(i.lock_dp_parser_handler) refers to lock_dp_parser.o(.bss) for .bss
    lock_dp_parser.o(i.lock_dp_parser_handler) refers to app_flash.o(.data) for lock_settings
    lock_dp_parser.o(i.lock_dp_parser_handler) refers to lock_dp_parser.o(.constdata) for .constdata
    lock_dp_report.o(i.antilost_common_report) refers to memseta.o(.text) for __aeabi_memclr
    lock_dp_report.o(i.antilost_common_report) refers to app_port.o(i.app_port_dp_data_report) for app_port_dp_data_report
    lock_dp_report.o(i.antilost_common_report) refers to lock_dp_parser.o(.bss) for g_rsp
    lock_timer.o(i.app_active_report_outtime_cb) refers to tuya_ble_app_demo.o(i.tuya_ble_app_evt_send) for tuya_ble_app_evt_send
    lock_timer.o(i.app_antilock_key_outtime_cb) refers to tuya_ble_app_demo.o(i.tuya_ble_app_evt_send) for tuya_ble_app_evt_send
    lock_timer.o(i.app_antilock_key_outtime_cb_handler) refers to suble_key.o(i.suble_key_timeout_handler) for suble_key_timeout_handler
    lock_timer.o(i.app_ibeacon_outtime_cb) refers to tuya_ble_app_demo.o(i.tuya_ble_app_evt_send) for tuya_ble_app_evt_send
    lock_timer.o(i.app_ibeacon_outtime_cb_handler) refers to app_active_report.o(i.app_ibeacon_stop) for app_ibeacon_stop
    lock_timer.o(i.app_test_outtime_cb) refers to tuya_ble_app_demo.o(i.tuya_ble_app_evt_send) for tuya_ble_app_evt_send
    lock_timer.o(i.app_test_outtime_cb_handler) refers to app_test.o(i.app_test_outtime_handler) for app_test_outtime_handler
[...]
    0x0001ed8e   0x0001ed8e   0x0000001e   Code   RO         6589    .text               mc_5.l(strncmp.o)
    0x0001edac   0x0001edac   0x00000014   Code   RO         6852    .text               mc_5.l(uread4.o)
    0x0001edc0   0x0001edc0   0x0000001c   Code   RO         6854    .text               mc_5.l(uread8.o)
    0x0001eddc   0x0001eddc   0x00000012   Code   RO         6856    .text               mc_5.l(uwrite4.o)
    0x0001edee   0x0001edee   0x0000001e   Code   RO         6858    .text               mc_5.l(uwrite8.o)
    0x0001ee0c   0x0001ee0c   0x0000001a   Code   RO         6860    .text               mc_5.l(atoll.o)
    0x0001ee26   0x0001ee26   0x0000007c   Code   RO         6862    .text               mf_5.l(fmul.o)
    0x0001eea2   0x0001eea2   0x00000002   PAD
    0x0001eea4   0x0001eea4   0x00000164   Code   RO         6864    .text               mf_5.l(dadd.o)
    0x0001f008   0x0001f008   0x000000d0   Code   RO         6866    .text               mf_5.l(dmul.o)
    0x0001f0d8   0x0001f0d8   0x000000f0   Code   RO         6868    .text               mf_5.l(ddiv.o)
    0x0001f1c8   0x0001f1c8   0x0000002c   Code   RO         6870    .text               mf_5.l(dscalb.o)
    0x0001f1f4   0x0001f1f4   0x0000001c   Code   RO         6872    .text               mf_5.l(dfltui.o)
    0x0001f210   0x0001f210   0x00000028   Code   RO         6874    .text               mf_5.l(ffixui.o)
    0x0001f238   0x0001f238   0x0000003c   Code   RO         6876    .text               mf_5.l(dfixui.o)
    0x0001f274   0x0001f274   0x00000020   Code   RO         6881    .text               mc_5.l(llshl.o)
    0x0001f294   0x0001f294   0x00000022   Code   RO         6883    .text               mc_5.l(llushr.o)
    0x0001f2b6   0x0001f2b6   0x00000026   Code   RO         6885    .text               mc_5.l(llsshr.o)
    0x0001f2dc   0x0001f2dc   0x0000008a   Code   RO         6894    .text               mc_5.l(__strtoll.o)
    0x0001f366   0x0001f366   0x00000002   PAD
    0x0001f368   0x0001f368   0x00000000   Code   RO         6896    .text               mc_5.l(iusefp.o)
    0x0001f368   0x0001f368   0x000000be   Code   RO         6897    .text               mf_5.l(depilogue.o)
    0x0001f426   0x0001f426   0x00000002   PAD
    0x0001f428   0x0001f428   0x00000040   Code   RO         6901    .text               mf_5.l(dfixul.o)
    0x0001f468   0x0001f468   0x00000028   Code   RO         6903    .text               mf_5.l(cdrcmple.o)
    0x0001f490   0x0001f490   0x00000008   Code   RO         6906    .text               mc_5.l(ctype_o.o)
    0x0001f498   0x0001f498   0x000000d8   Code   RO         6934    .text               mc_5.l(_strtoull.o)
    0x0001f570   0x0001f570   0x0000007e   Code   RO         6937    .text               mc_5.l(llmul.o)
    0x0001f5ee   0x0001f5ee   0x0000001e   Code   RO         6939    .text               mc_5.l(_chval.o)
    0x0001f60c   0x0001f60c   0x00000038   Code   RO         5702    i.CLK32K_AutoCali_init  rf_xvr.o
    0x0001f644   0x0001f644   0x00000020   Code   RO         5704    i.Delay_ms          rf_xvr.o
    0x0001f664   0x0001f664   0x00000014   Code   RO         5705    i.Delay_us          rf_xvr.o
    0x0001f678   0x0001f678   0x0000001c   Code   RO         5317    i.FIQ_Exception     intc.o
    0x0001f694   0x0001f694   0x0000006c   Code   RO         5318    i.IRQ_Exception     intc.o
    0x0001f700   0x0001f700   0x00000018   Code   RO         5482    i.Read_Uart_Buf     uart.o
    0x0001f718   0x0001f718   0x00000134   Code   RO         4414    i.Stack_Integrity_Check  arch_main.o
    0x0001f84c   0x0001f84c   0x00000034   Code   RO         6825    i.__0snprintf       mc_5.l(printfa.o)
    0x0001f880   0x0001f880   0x00000028   Code   RO         6826    i.__0sprintf        mc_5.l(printfa.o)
    0x0001f8a8   0x0001f8a8   0x0000002c   Code   RO         6829    i.__0vsnprintf      mc_5.l(printfa.o)
    0x0001f8d4   0x0001f8d4   0x00000024   Code   RO         6830    i.__0vsprintf       mc_5.l(printfa.o)
    0x0001f8f8   0x0001f8f8   0x00000008   Code   RO         6887    i.__aeabi_errno_addr  mc_5.l(errno.o)
    0x0001f900   0x0001f900   0x00000174   Code   RO         6831    i._fp_digits        mc_5.l(printfa.o)
    0x0001fa74   0x0001fa74   0x000006f4   Code   RO         6832    i._printf_core      mc_5.l(printfa.o)
    0x00020168   0x00020168   0x00000020   Code   RO         6833    i._printf_post_padding  mc_5.l(printfa.o)
    0x00020188   0x00020188   0x0000002c   Code   RO         6834    i._printf_pre_padding  mc_5.l(printfa.o)
    0x000201b4   0x000201b4   0x00000016   Code   RO         6835    i._snputc           mc_5.l(printfa.o)
    0x000201ca   0x000201ca   0x0000000a   Code   RO         6836    i._sputc            mc_5.l(printfa.o)
    0x000201d4   0x000201d4   0x0000004c   Code   RO         5290    i.adc_get_value     adc.o
    0x00020220   0x00020220   0x00000058   Code   RO         5291    i.adc_init          adc.o
    0x00020278   0x00020278   0x0000001c   Code   RO         5292    i.adc_isr           adc.o
    0x00020294   0x00020294   0x00000030   Code   RO         4038    i.addr_is_valid     sf_nv.o
    0x000202c4   0x000202c4   0x0000005c   Code   RO          331    i.antilost_common_report  lock_dp_report.o
    0x00020320   0x00020320   0x000000b0   Code   RO          298    i.antilost_disconn_alarm  lock_dp_parser.o
    0x000203d0   0x000203d0   0x000000ac   Code   RO          299    i.antilost_find_device  lock_dp_parser.o
    0x0002047c   0x0002047c   0x0000000a   Code   RO          343    i.app_active_report_outtime_cb  lock_timer.o
    0x00020486   0x00020486   0x00000002   Code   RO          344    i.app_active_report_outtime_cb_handler  lock_timer.o
    0x00020488   0x00020488   0x0000000a   Code   RO          345    i.app_antilock_key_outtime_cb  lock_timer.o
    0x00020492   0x00020492   0x00000008   Code   RO          346    i.app_antilock_key_outtime_cb_handler  lock_timer.o
    0x0002049a   0x0002049a   0x0000000c   Code   RO          568    i.app_common_init   app_common.o
    0x000204a6   0x000204a6   0x00000002   PAD
    0x000204a8   0x000204a8   0x00000030   Code   RO         6170    i.app_fff0_add_fff0s  app_fff0.o
    0x000204d8   0x000204d8   0x00000010   Code   RO         6171    i.app_fff0_init     app_fff0.o
    0x000204e8   0x000204e8   0x0000001c   Code   RO         6172    i.app_fff0_msg_dflt_handler  app_fff0.o
    0x00020504   0x00020504   0x00000034   Code   RO         6173    i.app_fff1_send_lvl  app_fff0.o
    0x00020538   0x00020538   0x0000000a   Code   RO          347    i.app_ibeacon_outtime_cb  lock_timer.o
    0x00020542   0x00020542   0x00000008   Code   RO          348    i.app_ibeacon_outtime_cb_handler  lock_timer.o
    0x0002054a   0x0002054a   0x00000002   PAD
    0x0002054c   0x0002054c   0x000000f4   Code   RO          631    i.app_ibeacon_start  app_active_report.o
    0x00020640   0x00020640   0x000000b0   Code   RO          632    i.app_ibeacon_stop  app_active_report.o
    0x000206f0   0x000206f0   0x00000220   Code   RO         1134    i.app_ota_data_handler  tuya_ble_app_ota.o
    0x00020910   0x00020910   0x00000014   Code   RO         1135    i.app_ota_disconn_handler  tuya_ble_app_ota.o
    0x00020924   0x00020924   0x000001d4   Code   RO         1136    i.app_ota_end_handler  tuya_ble_app_ota.o
    0x00020af8   0x00020af8   0x00000028   Code   RO         1137    i.app_ota_exit      tuya_ble_app_ota.o
    0x00020b20   0x00020b20   0x00000200   Code   RO         1138    i.app_ota_file_info_handler  tuya_ble_app_ota.o
    0x00020d20   0x00020d20   0x00000140   Code   RO         1139    i.app_ota_file_offset_handler  tuya_ble_app_ota.o
    0x00020e60   0x00020e60   0x00000060   Code   RO         1140    i.app_ota_get_crc32_in_flash  tuya_ble_app_ota.o
    0x00020ec0   0x00020ec0   0x000000b4   Code   RO         1142    i.app_ota_handler   tuya_ble_app_ota.o
    0x00020f74   0x00020f74   0x00000004   Code   RO         1143    i.app_ota_init      tuya_ble_app_ota.o
    0x00020f78   0x00020f78   0x00000140   Code   RO         1144    i.app_ota_req_handler  tuya_ble_app_ota.o
    0x000210b8   0x000210b8   0x0000000c   Code   RO         1145    i.app_ota_rsp       tuya_ble_app_ota.o
    0x000210c4   0x000210c4   0x00000008   Code   RO          768    i.app_port_ble_gap_disconnect  app_port.o
    0x000210cc   0x000210cc   0x00000008   Code   RO          770    i.app_port_check_sum  app_port.o
    0x000210d4   0x000210d4   0x0000000a   Code   RO          772    i.app_port_conn_param_update  app_port.o
    0x000210de   0x000210de   0x00000008   Code   RO          776    i.app_port_device_factory_reset  app_port.o
    0x000210e6   0x000210e6   0x00000002   PAD
    0x000210e8   0x000210e8   0x00000078   Code   RO          777    i.app_port_device_reset  app_port.o
    0x00021160   0x00021160   0x00000048   Code   RO          778    i.app_port_dp_data_report  app_port.o
    0x000211a8   0x000211a8   0x000000e8   Code   RO          779    i.app_port_dp_data_with_time_report  app_port.o
    0x00021290   0x00021290   0x0000000e   Code   RO          780    i.app_port_factory_test_process  app_port.o
    0x0002129e   0x0002129e   0x00000008   Code   RO          783    i.app_port_get_connect_status  app_port.o
    0x000212a6   0x000212a6   0x0000000a   Code   RO          786    i.app_port_local_clock_start  app_port.o
    0x000212b0   0x000212b0   0x00000008   Code   RO          791    i.app_port_nv_get   app_port.o
    0x000212b8   0x000212b8   0x00000010   Code   RO          792    i.app_port_nv_init  app_port.o
    0x000212c8   0x000212c8   0x00000008   Code   RO          794    i.app_port_nv_set   app_port.o
    0x000212d0   0x000212d0   0x00000010   Code   RO          795    i.app_port_nv_set_default  app_port.o
    0x000212e0   0x000212e0   0x00000008   Code   RO          797    i.app_port_reverse_byte  app_port.o
    0x000212e8   0x000212e8   0x00000008   Code   RO          798    i.app_port_set_bt_mac_addr  app_port.o
    0x000212f0   0x000212f0   0x0000000c   Code   RO          800    i.app_port_string_op_hexstr2hex  app_port.o
    0x000212fc   0x000212fc   0x00000008   Code   RO          802    i.app_port_timer_create  app_port.o
    0x00021304   0x00021304   0x00000008   Code   RO          804    i.app_port_timer_start  app_port.o
    0x0002130c   0x0002130c   0x00000008   Code   RO          805    i.app_port_timer_stop  app_port.o
    0x00021314   0x00021314   0x00000008   Code   RO          806    i.app_port_uart_send_data  app_port.o
    0x0002131c   0x0002131c   0x0000000a   Code   RO          807    i.app_port_update_timestamp  app_port.o
    0x00021326   0x00021326   0x00000002   PAD
    0x00021328   0x00021328   0x00000030   Code   RO          673    i.app_test_init     app_test.o
    0x00021358   0x00021358   0x00000068   Code   RO          674    i.app_test_mode_enter  app_test.o
    0x000213c0   0x000213c0   0x000000c4   Code   RO          675    i.app_test_mode_exit  app_test.o
    0x00021484   0x00021484   0x0000000a   Code   RO          349    i.app_test_outtime_cb  lock_timer.o
    0x0002148e   0x0002148e   0x00000008   Code   RO          350    i.app_test_outtime_cb_handler  lock_timer.o
    0x00021496   0x00021496   0x00000002   PAD
    0x00021498   0x00021498   0x0000001c   Code   RO          676    i.app_test_outtime_handler  app_test.o
    0x000214b4   0x000214b4   0x00000104   Code   RO          677    i.app_test_peripheral_handler  app_test.o
    0x000215b8   0x000215b8   0x000000c4   Code   RO          678    i.app_test_pre_process  app_test.o
    0x0002167c   0x0002167c   0x000001a8   Code   RO          679    i.app_test_process  app_test.o
    0x00021824   0x00021824   0x00000248   Code   RO          680    i.app_test_query_info_handler  app_test.o
    0x00021a6c   0x00021a6c   0x0000000a   Code   RO          351    i.app_test_reset_outtime_cb  lock_timer.o
    0x00021a76   0x00021a76   0x00000008   Code   RO          352    i.app_test_reset_outtime_cb_handler  lock_timer.o
    0x00021a7e   0x00021a7e   0x00000002   PAD
    0x00021a80   0x00021a80   0x00000044   Code   RO          681    i.app_test_rsp      app_test.o
    0x00021ac4   0x00021ac4   0x00000030   Code   RO          682    i.app_test_sub_rsp  app_test.o
    0x00021af4   0x00021af4   0x0000004c   Code   RO          683    i.app_test_version_8_handler  app_test.o
    0x00021b40   0x00021b40   0x0000009c   Code   RO          684    i.app_test_write_auth_info_handler  app_test.o
    0x00021bdc   0x00021bdc   0x00000028   Code   RO         2373    i.applib_dt_is_leap_year  tuya_ble_unix_time.o
    0x00021c04   0x00021c04   0x0000002c   Code   RO         2374    i.applib_dt_last_day_of_mon  tuya_ble_unix_time.o
    0x00021c30   0x00021c30   0x00000028   Code   RO         6076    i.appm_add_svc      app.o
    0x00021c58   0x00021c58   0x0000002c   Code   RO         6077    i.appm_disconnect   app.o
    0x00021c84   0x00021c84   0x00000014   Code   RO         6078    i.appm_get_dev_name  app.o
    0x00021c98   0x00021c98   0x00000060   Code   RO         6079    i.appm_init         app.o
    0x00021cf8   0x00021cf8   0x00000058   Code   RO         6231    i.appm_msg_handler  app_task.o
    0x00021d50   0x00021d50   0x000000fc   Code   RO         6080    i.appm_start_advertising  app.o
    0x00021e4c   0x00021e4c   0x00000074   Code   RO         6081    i.appm_stop_advertising  app.o
    0x00021ec0   0x00021ec0   0x00000058   Code   RO         6082    i.appm_update_adv_data  app.o
    0x00021f18   0x00021f18   0x00000044   Code   RO         6083    i.appm_update_param  app.o
    0x00021f5c   0x00021f5c   0x00000064   Code   RO         4415    i.assert_err        arch_main.o
    0x00021fc0   0x00021fc0   0x00000074   Code   RO         4416    i.assert_param      arch_main.o
    0x00022034   0x00022034   0x0000003a   Code   RO         2308    i.auth_settings_crc_ok  tuya_ble_storage.o
    0x0002206e   0x0002206e   0x00000002   PAD
    0x00022070   0x00022070   0x000000d8   Code   RO         2413    i.ble_data_unpack   tuya_ble_data_handler.o
    0x00022148   0x00022148   0x0000000a   Code   RO          353    i.bonding_conn_outtime_cb  lock_timer.o
    0x00022152   0x00022152   0x00000002   PAD
    0x00022154   0x00022154   0x00000030   Code   RO          354    i.bonding_conn_outtime_cb_handler  lock_timer.o
    0x00022184   0x00022184   0x00000020   Code   RO         2414    i.buffer_value_is_all_x  tuya_ble_data_handler.o
    0x000221a4   0x000221a4   0x00000010   Code   RO         5484    i.check_uart_stop   uart.o
    0x000221b4   0x000221b4   0x00000064   Code   RO         5141    i.clr_flash_qwfr    flash.o
    0x00022218   0x00022218   0x000000a4   Code   RO          355    i.conn_monitor_outtime_cb_handler  lock_timer.o
    0x000222bc   0x000222bc   0x0000000a   Code   RO          356    i.conn_param_update_outtime_cb  lock_timer.o
    0x000222c6   0x000222c6   0x00000002   PAD
    0x000222c8   0x000222c8   0x00000014   Code   RO          357    i.conn_param_update_outtime_cb_handler  lock_timer.o
    0x000222dc   0x000222dc   0x00000008   Code   RO         4983    i.cpu_idle_sleep    icu.o
    0x000222e4   0x000222e4   0x0000006c   Code   RO         4984    i.cpu_reduce_voltage_sleep  icu.o
    0x00022350   0x00022350   0x00000058   Code   RO         4985    i.cpu_wakeup        icu.o
    0x000223a8   0x000223a8   0x000000d4   Code   RO         2711    i.data_2_klvlist    tuya_ble_mutli_tsf_protocol.o
    0x0002247c   0x0002247c   0x0000000a   Code   RO          358    i.disconn_and_reset2_outtime_cb  lock_timer.o
    0x00022486   0x00022486   0x00000008   Code   RO          359    i.disconn_and_reset2_outtime_cb_handler  lock_timer.o
    0x0002248e   0x0002248e   0x0000000a   Code   RO          360    i.disconn_and_reset_outtime_cb  lock_timer.o
    0x00022498   0x00022498   0x0000000e   Code   RO          361    i.disconn_and_reset_outtime_cb_handler  lock_timer.o
    0x000224a6   0x000224a6   0x00000002   PAD
    0x000224a8   0x000224a8   0x00000180   Code   RO         4194    i.elog_hexdump      elog.o
    0x00022628   0x00022628   0x00000028   Code   RO         4195    i.elog_init         elog.o
    0x00022650   0x00022650   0x00000350   Code   RO         4196    i.elog_output       elog.o
    0x000229a0   0x000229a0   0x0000001c   Code   RO         4197    i.elog_output_lock  elog.o
    0x000229bc   0x000229bc   0x0000002c   Code   RO         4198    i.elog_output_lock_enabled  elog.o
    0x000229e8   0x000229e8   0x0000001c   Code   RO         4199    i.elog_output_unlock  elog.o
    0x00022a04   0x00022a04   0x00000010   Code   RO         4362    i.elog_port_get_p_info  elog_port.o
    0x00022a14   0x00022a14   0x0000000c   Code   RO         4363    i.elog_port_get_t_info  elog_port.o
    0x00022a20   0x00022a20   0x00000010   Code   RO         4364    i.elog_port_get_time  elog_port.o
    0x00022a30   0x00022a30   0x00000004   Code   RO         4365    i.elog_port_init    elog_port.o
    0x00022a34   0x00022a34   0x00000014   Code   RO         4366    i.elog_port_output  elog_port.o
    0x00022a48   0x00022a48   0x00000008   Code   RO         4367    i.elog_port_output_lock  elog_port.o
    0x00022a50   0x00022a50   0x00000008   Code   RO         4368    i.elog_port_output_unlock  elog_port.o
    0x00022a58   0x00022a58   0x000000cc   Code   RO         4203    i.elog_set_filter_lvl  elog.o
    0x00022b24   0x00022b24   0x000000a0   Code   RO         4207    i.elog_start        elog.o
    0x00022bc4   0x00022bc4   0x00000114   Code   RO         4339    i.elog_strcpy       elog_utils.o
    0x00022cd8   0x00022cd8   0x00000018   Code   RO         5278    i.emi_init          emi.o
    0x00022cf0   0x00022cf0   0x00000048   Code   RO          685    i.factory_test_process  app_test.o
    0x00022d38   0x00022d38   0x0000000e   Code   RO         5970    i.fff0s_cleanup     fff0s.o
    0x00022d46   0x00022d46   0x0000000e   Code   RO         5971    i.fff0s_create      fff0s.o
    0x00022d54   0x00022d54   0x0000001c   Code   RO         5972    i.fff0s_destroy     fff0s.o
    0x00022d70   0x00022d70   0x00000004   Code   RO         6174    i.fff0s_fff1_level_ntf_cfg_ind_handler  app_fff0.o
    0x00022d74   0x00022d74   0x00000038   Code   RO         6036    i.fff0s_fff1_level_upd_req_handler  fff0s_task.o
    0x00022dac   0x00022dac   0x00000032   Code   RO         5973    i.fff0s_get_att_handle  fff0s.o
    0x00022dde   0x00022dde   0x0000003e   Code   RO         5974    i.fff0s_get_att_idx  fff0s.o
    0x00022e1c   0x00022e1c   0x000000b0   Code   RO         5975    i.fff0s_init        fff0s.o
    0x00022ecc   0x00022ecc   0x00000040   Code   RO         5976    i.fff0s_notify_fff1_lvl  fff0s.o
    0x00022f0c   0x00022f0c   0x00000008   Code   RO         5977    i.fff0s_prf_itf_get  fff0s.o
    0x00022f14   0x00022f14   0x00000004   Code   RO         6175    i.fff1_level_upd_handler  app_fff0.o
    0x00022f18   0x00022f18   0x00000010   Code   RO         6176    i.fff2_writer_req_handler  app_fff0.o
    0x00022f28   0x00022f28   0x00000030   Code   RO         3755    i.find_timer_ms     suble_timer.o
    0x00022f58   0x00022f58   0x0000007c   Code   RO         5142    i.flash_advance_init  flash.o
    0x00022fd4   0x00022fd4   0x000000b8   Code   RO         5143    i.flash_erase       flash.o
    0x0002308c   0x0002308c   0x0000003c   Code   RO         5144    i.flash_erase_sector  flash.o
    0x000230c8   0x000230c8   0x0000002c   Code   RO         5145    i.flash_init        flash.o
    0x000230f4   0x000230f4   0x0000002e   Code   RO         5146    i.flash_read        flash.o
    0x00023122   0x00023122   0x00000002   PAD
    0x00023124   0x00023124   0x0000008c   Code   RO         5147    i.flash_read_data   flash.o
    0x000231b0   0x000231b0   0x00000024   Code   RO         5148    i.flash_read_sr     flash.o
    0x000231d4   0x000231d4   0x00000024   Code   RO         5149    i.flash_set_dual_mode  flash.o
    0x000231f8   0x000231f8   0x00000060   Code   RO         5153    i.flash_wp_ALL      flash.o
    0x00023258   0x00023258   0x00000060   Code   RO         5154    i.flash_wp_NONE     flash.o
    0x000232b8   0x000232b8   0x0000007c   Code   RO         5155    i.flash_write       flash.o
    0x00023334   0x00023334   0x000000d8   Code   RO         5156    i.flash_write_data  flash.o
    0x0002340c   0x0002340c   0x000000d0   Code   RO         5157    i.flash_write_sr    flash.o
    0x000234dc   0x000234dc   0x0000001c   Code   RO         2713    i.free_klv_list     tuya_ble_mutli_tsf_protocol.o
    0x000234f8   0x000234f8   0x0000015c   Code   RO         6232    i.gapc_cmp_evt_handler  app_task.o
    0x00023654   0x00023654   0x00000090   Code   RO         6233    i.gapc_connection_req_ind_handler  app_task.o
    0x000236e4   0x000236e4   0x00000068   Code   RO         6234    i.gapc_disconnect_ind_handler  app_task.o
    0x0002374c   0x0002374c   0x00000070   Code   RO         6235    i.gapc_get_dev_info_req_ind_handler  app_task.o
    0x000237bc   0x000237bc   0x000000f4   Code   RO         6236    i.gapc_le_pkt_size_ind_handler  app_task.o
    0x000238b0   0x000238b0   0x00000068   Code   RO         6237    i.gapc_param_update_req_ind_handler  app_task.o
    0x00023918   0x00023918   0x000000b0   Code   RO         6238    i.gapc_param_updated_ind_handler  app_task.o
    0x000239c8   0x000239c8   0x00000024   Code   RO         6239    i.gapc_set_dev_info_req_ind_handler  app_task.o
    0x000239ec   0x000239ec   0x00000114   Code   RO         6240    i.gapm_cmp_evt_handler  app_task.o
    0x00023b00   0x00023b00   0x00000020   Code   RO         6241    i.gapm_device_ready_ind_handler  app_task.o
    0x00023b20   0x00023b20   0x0000000c   Code   RO         6242    i.gapm_profile_added_ind_handler  app_task.o
    0x00023b2c   0x00023b2c   0x00000050   Code   RO         6037    i.gattc_att_info_req_ind_handler  fff0s_task.o
    0x00023b7c   0x00023b7c   0x00000022   Code   RO         6038    i.gattc_cmp_evt_handler  fff0s_task.o
    0x00023b9e   0x00023b9e   0x00000002   PAD
    0x00023ba0   0x00023ba0   0x00000078   Code   RO         6243    i.gattc_mtu_changed_ind_handler  app_task.o
    0x00023c18   0x00023c18   0x00000090   Code   RO         6039    i.gattc_read_req_ind_handler  fff0s_task.o
    0x00023ca8   0x00023ca8   0x000000d8   Code   RO         6040    i.gattc_write_req_ind_handler  fff0s_task.o
    0x00023d80   0x00023d80   0x0000002c   Code   RO         5158    i.get_flash_ID      flash.o
    0x00023dac   0x00023dac   0x000000dc   Code   RO         4208    i.get_fmt_enabled   elog.o
    0x00023e88   0x00023e88   0x00000004   Code   RO         2715    i.get_trsmitr_frame_total_len  tuya_ble_mutli_tsf_protocol.o
    0x00023e8c   0x00023e8c   0x00000004   Code   RO         2717    i.get_trsmitr_subpkg  tuya_ble_mutli_tsf_protocol.o
    0x00023e90   0x00023e90   0x00000004   Code   RO         2718    i.get_trsmitr_subpkg_len  tuya_ble_mutli_tsf_protocol.o
    0x00023e94   0x00023e94   0x00000010   Code   RO         5051    i.gpio_cb_register  gpio.o
    0x00023ea4   0x00023ea4   0x00000094   Code   RO         5052    i.gpio_config       gpio.o
    0x00023f38   0x00023f38   0x00000020   Code   RO         5053    i.gpio_get_input    gpio.o
    0x00023f58   0x00023f58   0x00000034   Code   RO         5055    i.gpio_isr          gpio.o
    0x00023f8c   0x00023f8c   0x00000028   Code   RO         5056    i.gpio_set          gpio.o
    0x00023fb4   0x00023fb4   0x00000098   Code   RO         6473    i.hextoascii        tuya_ble_sdk_lib_arm9e-s_little_endian.lib(tuya_ble_secure.o)
    0x0002404c   0x0002404c   0x0000000c   Code   RO         4986    i.icu_get_sleep_mode  icu.o
    0x00024058   0x00024058   0x0000007c   Code   RO         4987    i.icu_init          icu.o
    0x000240d4   0x000240d4   0x00000128   Code   RO         5706    i.init_analog_xvr_reg  rf_xvr.o
    0x000241fc   0x000241fc   0x00000180   Code   RO         5707    i.initial_xver_BK3435V2_openLoop  rf_xvr.o
    0x0002437c   0x0002437c   0x00000024   Code   RO         5319    i.intc_init         intc.o
    0x000243a0   0x000243a0   0x0000001c   Code   RO          686    i.is_app_test_finish  app_test.o
    0x000243bc   0x000243bc   0x00000124   Code   RO         5708    i.kmod_calibration  rf_xvr.o
    0x000244e0   0x000244e0   0x00000014   Code   RO            5    i.lock_common_init  lock_common.o
    0x000244f4   0x000244f4   0x000001d4   Code   RO          300    i.lock_dp_parser_handler  lock_dp_parser.o
    0x000246c8   0x000246c8   0x00000012   Code   RO            6    i.lock_factory_handler  lock_common.o
    0x000246da   0x000246da   0x0000000a   Code   RO          580    i.lock_flash_erease_all  app_flash.o
    0x000246e4   0x000246e4   0x00000012   Code   RO          581    i.lock_flash_init   app_flash.o
    0x000246f6   0x000246f6   0x00000002   PAD
    0x000246f8   0x000246f8   0x00000154   Code   RO          285    i.lock_hard_uart_simulate  lock_hard.o
    0x0002484c   0x0002484c   0x00000008   Code   RO          492    i.lock_music_maxnum  lock_music.o
    0x00024854   0x00024854   0x0000010c   Code   RO          493    i.lock_play_music   lock_music.o
    0x00024960   0x00024960   0x00000020   Code   RO          494    i.lock_play_music_cancel  lock_music.o
    0x00024980   0x00024980   0x00000024   Code   RO          582    i.lock_settings_default  app_flash.o
    0x000249a4   0x000249a4   0x00000014   Code   RO          584    i.lock_settings_load  app_flash.o
    0x000249b8   0x000249b8   0x00000014   Code   RO          585    i.lock_settings_save  app_flash.o
    0x000249cc   0x000249cc   0x000000dc   Code   RO          362    i.lock_timer_creat  lock_timer.o
    0x00024aa8   0x00024aa8   0x0000001c   Code   RO          364    i.lock_timer_start  lock_timer.o
    0x00024ac4   0x00024ac4   0x0000001c   Code   RO          365    i.lock_timer_stop   lock_timer.o
    0x00024ae0   0x00024ae0   0x00000090   Code   RO         3005    i.mbedtls_aes_crypt_cbc  aes.o
    0x00024b70   0x00024b70   0x0000001c   Code   RO         3006    i.mbedtls_aes_crypt_ecb  aes.o
    0x00024b8c   0x00024b8c   0x00000018   Code   RO         3009    i.mbedtls_aes_free  aes.o
    0x00024ba4   0x00024ba4   0x0000000c   Code   RO         3010    i.mbedtls_aes_init  aes.o
    0x00024bb0   0x00024bb0   0x000000d0   Code   RO         3011    i.mbedtls_aes_setkey_dec  aes.o
    0x00024c80   0x00024c80   0x0000019c   Code   RO         3012    i.mbedtls_aes_setkey_enc  aes.o
    0x00024e1c   0x00024e1c   0x00000408   Code   RO         3013    i.mbedtls_internal_aes_decrypt  aes.o
    0x00025224   0x00025224   0x0000040c   Code   RO         3014    i.mbedtls_internal_aes_encrypt  aes.o
    0x00025630   0x00025630   0x00000848   Code   RO         3078    i.mbedtls_internal_md5_process  md5.o
    0x00025e78   0x00025e78   0x00000008   Code   RO         3081    i.mbedtls_md5_finish  md5.o
    0x00025e80   0x00025e80   0x000000de   Code   RO         3082    i.mbedtls_md5_finish_ret  md5.o
    0x00025f5e   0x00025f5e   0x0000000e   Code   RO         3083    i.mbedtls_md5_free  md5.o
    0x00025f6c   0x00025f6c   0x0000000a   Code   RO         3084    i.mbedtls_md5_init  md5.o
    0x00025f76   0x00025f76   0x00000008   Code   RO         3087    i.mbedtls_md5_starts  md5.o
    0x00025f7e   0x00025f7e   0x00000002   PAD
    0x00025f80   0x00025f80   0x00000028   Code   RO         3088    i.mbedtls_md5_starts_ret  md5.o
    0x00025fa8   0x00025fa8   0x00000008   Code   RO         3089    i.mbedtls_md5_update  md5.o
    0x00025fb0   0x00025fb0   0x0000007c   Code   RO         3090    i.mbedtls_md5_update_ret  md5.o
    0x0002602c   0x0002602c   0x0000000a   Code   RO         4039    i.nv_erase          sf_nv.o
    0x00026036   0x00026036   0x00000002   PAD
    0x00026038   0x00026038   0x000000d4   Code   RO         4040    i.nv_read           sf_nv.o
    0x0002610c   0x0002610c   0x000000d8   Code   RO         4041    i.nv_write          sf_nv.o
    0x000261e4   0x000261e4   0x0000006c   Code   RO         4419    i.platform_reset    arch_main.o
    0x00026250   0x00026250   0x00000088   Code   RO         5868    i.prf_add_profile   prf.o
    0x000262d8   0x000262d8   0x00000034   Code   RO         5869    i.prf_cleanup       prf.o
    0x0002630c   0x0002630c   0x00000030   Code   RO         5870    i.prf_create        prf.o
    0x0002633c   0x0002633c   0x00000010   Code   RO         5871    i.prf_dst_task_get  prf.o
    0x0002634c   0x0002634c   0x00000030   Code   RO         5872    i.prf_env_get       prf.o
    0x0002637c   0x0002637c   0x00000038   Code   RO         5873    i.prf_get_id_from_task  prf.o
    0x000263b4   0x000263b4   0x00000038   Code   RO         5874    i.prf_get_task_from_id  prf.o
    0x000263ec   0x000263ec   0x00000074   Code   RO         5875    i.prf_init          prf.o
    0x00026460   0x00026460   0x00000014   Code   RO         5876    i.prf_itf_get       prf.o
    0x00026474   0x00026474   0x00000010   Code   RO         5877    i.prf_src_task_get  prf.o
    0x00026484   0x00026484   0x00000044   Code   RO         2036    i.prvHeapInit       tuya_ble_heap.o
    0x000264c8   0x000264c8   0x0000004c   Code   RO         2037    i.prvInsertBlockIntoFreeList  tuya_ble_heap.o
    0x00026514   0x00026514   0x00000098   Code   RO         2038    i.pvTuyaPortMalloc  tuya_ble_heap.o
    0x000265ac   0x000265ac   0x00000020   Code   RO         5375    i.pwm_disable       pwm.o
    0x000265cc   0x000265cc   0x00000018   Code   RO         5376    i.pwm_enable        pwm.o
    0x000265e4   0x000265e4   0x000000dc   Code   RO         5377    i.pwm_init          pwm.o
    0x000266c0   0x000266c0   0x0000000a   Code   RO          366    i.read_adc_outtime_cb  lock_timer.o
    0x000266ca   0x000266ca   0x00000008   Code   RO          367    i.read_adc_outtime_cb_handler  lock_timer.o
    0x000266d2   0x000266d2   0x00000010   Code   RO         1146    i.reset_with_disconn_outtime_cb  tuya_ble_app_ota.o
    0x000266e2   0x000266e2   0x00000002   PAD
    0x000266e4   0x000266e4   0x00000014   Code   RO         5709    i.rf_force_agc_enable  rf_xvr.o
    0x000266f8   0x000266f8   0x00000048   Code   RO         5710    i.rf_init           rf_xvr.o
    0x00026740   0x00026740   0x00000002   Code   RO         5711    i.rf_reset          rf_xvr.o
    0x00026742   0x00026742   0x00000004   Code   RO         5712    i.rf_rpl_reg_rd     rf_xvr.o
    0x00026746   0x00026746   0x00000004   Code   RO         5713    i.rf_rpl_reg_wr     rf_xvr.o
    0x0002674a   0x0002674a   0x0000000a   Code   RO         5714    i.rf_rssi_convert   rf_xvr.o
    0x00026754   0x00026754   0x0000000e   Code   RO         5715    i.rf_sleep          rf_xvr.o
    0x00026762   0x00026762   0x00000004   Code   RO         5716    i.rf_txpwr_dbm_get  rf_xvr.o
    0x00026766   0x00026766   0x00000002   PAD
    0x00026768   0x00026768   0x000000a4   Code   RO         4421    i.rom_env_init      arch_main.o
    0x0002680c   0x0002680c   0x00000024   Code   RO         5808    i.rtc_isr           rtc.o
    0x00026830   0x00026830   0x0000006c   Code   RO         4422    i.rw_app_enter      arch_main.o
    0x0002689c   0x0002689c   0x00000008   Ven    RO         4424    i.rw_main           arch_main.o
    0x000268a4   0x000268a4   0x00000190   Code   RO         4424    i.rw_main           arch_main.o
    0x00026a34   0x00026a34   0x0000001c   Code   RO         4773    i.rwble_hl_init     rwble_hl.o
    0x00026a50   0x00026a50   0x0000001c   Code   RO         4774    i.rwble_hl_reset    rwble_hl.o
    0x00026a6c   0x00026a6c   0x0000001c   Code   RO         4620    i.rwble_init        rwble.o
    0x00026a88   0x00026a88   0x000000fc   Code   RO         4621    i.rwble_isr         rwble.o
    0x00026b84   0x00026b84   0x00000056   Code   RO         4622    i.rwble_reset       rwble.o
    0x00026bda   0x00026bda   0x00000002   PAD
    0x00026bdc   0x00026bdc   0x00000014   Code   RO         4623    i.rwble_sleep_check  rwble.o
    0x00026bf0   0x00026bf0   0x00000022   Code   RO         4809    i.rwip_check_wakeup_boundary  rwip.o
    0x00026c12   0x00026c12   0x00000002   PAD
    0x00026c14   0x00026c14   0x00000028   Code   RO         4425    i.rwip_eif_api_init  arch_main.o
    0x00026c3c   0x00026c3c   0x00000014   Code   RO         4426    i.rwip_eif_get      arch_main.o
    0x00026c50   0x00026c50   0x000000d4   Code   RO         4811    i.rwip_init         rwip.o
    0x00026d24   0x00026d24   0x00000030   Code   RO         4812    i.rwip_prevent_sleep_clear  rwip.o
    0x00026d54   0x00026d54   0x00000030   Code   RO         4814    i.rwip_prevent_sleep_set  rwip.o
    0x00026d84   0x00026d84   0x0000003c   Code   RO         4815    i.rwip_reset        rwip.o
    0x00026dc0   0x00026dc0   0x00000014   Code   RO         4816    i.rwip_schedule     rwip.o
    0x00026dd4   0x00026dd4   0x00000098   Code   RO         4817    i.rwip_sleep        rwip.o
    0x00026e6c   0x00026e6c   0x0000001c   Code   RO         4819    i.rwip_sleep_lpcycles_2_us  rwip.o
    0x00026e88   0x00026e88   0x0000000e   Code   RO         4820    i.rwip_us_2_lpcycles  rwip.o
    0x00026e96   0x00026e96   0x00000012   Code   RO         4822    i.rwip_wakeup       rwip.o
    0x00026ea8   0x00026ea8   0x00000010   Code   RO         4823    i.rwip_wakeup_delay_set  rwip.o
    0x00026eb8   0x00026eb8   0x00000028   Code   RO         4824    i.rwip_wakeup_end   rwip.o
    0x00026ee0   0x00026ee0   0x00000034   Code   RO         4162    i.sd_free           sf_mem.o
    0x00026f14   0x00026f14   0x00000050   Code   RO         4163    i.sd_malloc         sf_mem.o
    0x00026f64   0x00026f64   0x0000001c   Code   RO         4164    i.sd_mem_init       sf_mem.o
    0x00026f80   0x00026f80   0x00000030   Code   RO         5159    i.set_flash_clk     flash.o
    0x00026fb0   0x00026fb0   0x0000000e   Code   RO         4108    i.sf_free           sf_port.o
    0x00026fbe   0x00026fbe   0x00000008   Code   RO         4111    i.sf_malloc         sf_port.o
    0x00026fc6   0x00026fc6   0x00000008   Code   RO         4112    i.sf_mem_init       sf_port.o
    0x00026fce   0x00026fce   0x00000002   PAD
    0x00026fd0   0x00026fd0   0x00000020   Code   RO         4042    i.sf_next_unit_addr  sf_nv.o
    0x00026ff0   0x00026ff0   0x00000170   Code   RO         4044    i.sf_nv_init        sf_nv.o
    0x00027160   0x00027160   0x000000d4   Code   RO         4045    i.sf_nv_read        sf_nv.o
    0x00027234   0x00027234   0x0000030c   Code   RO         4047    i.sf_nv_write       sf_nv.o
    0x00027540   0x00027540   0x0000000a   Code   RO         4113    i.sf_port_flash_erase  sf_port.o
    0x0002754a   0x0002754a   0x0000000a   Code   RO         4114    i.sf_port_flash_read  sf_port.o
    0x00027554   0x00027554   0x0000000a   Code   RO         4115    i.sf_port_flash_write  sf_port.o
    0x0002755e   0x0002755e   0x00000002   PAD
    0x00027560   0x00027560   0x0000001c   Code   RO         3413    i.suble_adv_param_set  suble_scan_adv.o
    0x0002757c   0x0002757c   0x00000008   Code   RO         3414    i.suble_adv_start   suble_scan_adv.o
    0x00027584   0x00027584   0x00000008   Code   RO         3415    i.suble_adv_stop    suble_scan_adv.o
    0x0002758c   0x0002758c   0x0000002c   Code   RO         3416    i.suble_adv_update_advDataAndScanRsp  suble_scan_adv.o
    0x000275b8   0x000275b8   0x0000011c   Code   RO         3909    i.suble_battery_get_value_outtime_handler  suble_battery.o
    0x000276d4   0x000276d4   0x0000000c   Code   RO         3910    i.suble_battery_init  suble_battery.o
    0x000276e0   0x000276e0   0x00000024   Code   RO         3911    i.suble_battery_sample_start  suble_battery.o
    0x00027704   0x00027704   0x00000016   Code   RO         3550    i.suble_buzzer_set_mode  suble_gpio.o
    0x0002771a   0x0002771a   0x00000002   PAD
    0x0002771c   0x0002771c   0x00000044   Code   RO         3551    i.suble_buzzer_set_sound_volume  suble_gpio.o
    0x00027760   0x00027760   0x000000a8   Code   RO         3552    i.suble_buzzer_start  suble_gpio.o
    0x00027808   0x00027808   0x0000000a   Code   RO         3553    i.suble_buzzer_stop  suble_gpio.o
    0x00027812   0x00027812   0x00000002   PAD
    0x00027814   0x00027814   0x00000118   Code   RO          495    i.suble_buzzer_timeout_handler  lock_music.o
    0x0002792c   0x0002792c   0x00000008   Code   RO         3756    i.suble_delay_ms    suble_timer.o
    0x00027934   0x00027934   0x00000018   Code   RO         3337    i.suble_enter_critical  suble_common.o
    0x0002794c   0x0002794c   0x00000020   Code   RO         3338    i.suble_exit_critical  suble_common.o
    0x0002796c   0x0002796c   0x00000028   Code   RO         3725    i.suble_flash_erase  suble_flash.o
    0x00027994   0x00027994   0x00000002   Code   RO         3726    i.suble_flash_init  suble_flash.o
    0x00027996   0x00027996   0x00000002   PAD
    0x00027998   0x00027998   0x0000002c   Code   RO         3727    i.suble_flash_read  suble_flash.o
    0x000279c4   0x000279c4   0x0000002c   Code   RO         3728    i.suble_flash_write  suble_flash.o
    0x000279f0   0x000279f0   0x0000000a   Code   RO         3453    i.suble_gap_conn_handler  suble_gap.o
    0x000279fa   0x000279fa   0x00000032   Code   RO         3454    i.suble_gap_conn_param_update  suble_gap.o
    0x00027a2c   0x00027a2c   0x0000000a   Code   RO         3455    i.suble_gap_disconn_handler  suble_gap.o
    0x00027a36   0x00027a36   0x00000008   Code   RO         3456    i.suble_gap_disconnect  suble_gap.o
    0x00027a3e   0x00027a3e   0x00000008   Code   RO         3457    i.suble_gap_disconnect_for_tuya_ble_sdk  suble_gap.o
    0x00027a46   0x00027a46   0x00000002   PAD
    0x00027a48   0x00027a48   0x0000009c   Code   RO         3458    i.suble_gap_get_bt_mac  suble_gap.o
    0x00027ae4   0x00027ae4   0x00000078   Code   RO         3459    i.suble_gap_init_bt_mac  suble_gap.o
    0x00027b5c   0x00027b5c   0x0000002c   Code   RO         3460    i.suble_gap_set_bt_mac  suble_gap.o
    0x00027b88   0x00027b88   0x00000008   Code   RO         3556    i.suble_gpio_get_input  suble_gpio.o
    0x00027b90   0x00027b90   0x00000030   Code   RO         3557    i.suble_gpio_get_output  suble_gpio.o
    0x00027bc0   0x00027bc0   0x0000002c   Code   RO         3558    i.suble_gpio_init   suble_gpio.o
    0x00027bec   0x00027bec   0x0000000c   Code   RO         3559    i.suble_gpio_init_input  suble_gpio.o
    0x00027bf8   0x00027bf8   0x00000038   Code   RO         3560    i.suble_gpio_init_output  suble_gpio.o
    0x00027c30   0x00027c30   0x00000094   Code   RO         3561    i.suble_gpio_int_config  suble_gpio.o
    0x00027cc4   0x00027cc4   0x0000000e   Code   RO         3562    i.suble_gpio_irq_cb  suble_gpio.o
    0x00027cd2   0x00027cd2   0x00000002   PAD
    0x00027cd4   0x00027cd4   0x0000003c   Code   RO         3563    i.suble_gpio_irq_handler  suble_gpio.o
    0x00027d10   0x00027d10   0x0000001c   Code   RO         3564    i.suble_gpio_irq_init  suble_gpio.o
    0x00027d2c   0x00027d2c   0x0000000a   Code   RO         3565    i.suble_gpio_led_off  suble_gpio.o
    0x00027d36   0x00027d36   0x00000008   Code   RO         3567    i.suble_gpio_led_reverse  suble_gpio.o
    0x00027d3e   0x00027d3e   0x0000001a   Code   RO         3568    i.suble_gpio_reverse  suble_gpio.o
    0x00027d58   0x00027d58   0x0000001c   Code   RO         3569    i.suble_gpio_rled_blink  suble_gpio.o
    0x00027d74   0x00027d74   0x00000014   Code   RO         3570    i.suble_gpio_rled_blink_cancel  suble_gpio.o
    0x00027d88   0x00027d88   0x00000034   Code   RO         3571    i.suble_gpio_set    suble_gpio.o
    0x00027dbc   0x00027dbc   0x0000006c   Code   RO         3339    i.suble_init_func   suble_common.o
    0x00027e28   0x00027e28   0x0000000c   Code   RO         3883    i.suble_key_clear_s_key_press_count  suble_key.o
    0x00027e34   0x00027e34   0x000000a8   Code   RO         3884    i.suble_key_state_handler  suble_key.o
    0x00027edc   0x00027edc   0x000000f0   Code   RO         3885    i.suble_key_timeout_handler  suble_key.o
    0x00027fcc   0x00027fcc   0x00000018   Code   RO         3762    i.suble_local_timer_start  suble_timer.o
    0x00027fe4   0x00027fe4   0x0000000e   Code   RO         3340    i.suble_log_hexdump  suble_common.o
    0x00027ff2   0x00027ff2   0x0000000c   Code   RO         3343    i.suble_log_init    suble_common.o
    0x00027ffe   0x00027ffe   0x0000000c   Code   RO         3344    i.suble_mainloop    suble_common.o
    0x0002800a   0x0002800a   0x00000002   PAD
    0x0002800c   0x0002800c   0x000000c0   Code   RO         3511    i.suble_svc_notify  suble_svc.o
    0x000280cc   0x000280cc   0x00000030   Code   RO         3512    i.suble_svc_notify_handler  suble_svc.o
    0x000280fc   0x000280fc   0x0000000c   Code   RO         3513    i.suble_svc_receive_data  suble_svc.o
    0x00028108   0x00028108   0x0000001c   Code   RO         3514    i.suble_svc_send_data_complete  suble_svc.o
    0x00028124   0x00028124   0x0000000a   Code   RO         3345    i.suble_system_reset  suble_common.o
    0x0002812e   0x0002812e   0x00000002   Code   RO         4022    i.suble_test_func   suble_test.o
    0x00028130   0x00028130   0x00000010   Code   RO         6244    i.suble_timer0_handler  app_task.o
    0x00028140   0x00028140   0x00000010   Code   RO         6245    i.suble_timer100_handler  app_task.o
    0x00028150   0x00028150   0x00000010   Code   RO         6246    i.suble_timer101_handler  app_task.o
    0x00028160   0x00028160   0x00000010   Code   RO         6247    i.suble_timer102_handler  app_task.o
    0x00028170   0x00028170   0x00000010   Code   RO         6248    i.suble_timer103_handler  app_task.o
    0x00028180   0x00028180   0x00000010   Code   RO         6249    i.suble_timer104_handler  app_task.o
    0x00028190   0x00028190   0x00000010   Code   RO         6250    i.suble_timer105_handler  app_task.o
    0x000281a0   0x000281a0   0x00000010   Code   RO         6251    i.suble_timer106_handler  app_task.o
    0x000281b0   0x000281b0   0x00000010   Code   RO         6252    i.suble_timer107_handler  app_task.o
    0x000281c0   0x000281c0   0x00000010   Code   RO         6253    i.suble_timer108_handler  app_task.o
    0x000281d0   0x000281d0   0x00000010   Code   RO         6254    i.suble_timer109_handler  app_task.o
    0x000281e0   0x000281e0   0x00000010   Code   RO         6255    i.suble_timer10_handler  app_task.o
    0x000281f0   0x000281f0   0x00000010   Code   RO         6256    i.suble_timer11_handler  app_task.o
    0x00028200   0x00028200   0x00000010   Code   RO         6257    i.suble_timer12_handler  app_task.o
    0x00028210   0x00028210   0x00000010   Code   RO         6258    i.suble_timer13_handler  app_task.o
    0x00028220   0x00028220   0x00000010   Code   RO         6259    i.suble_timer14_handler  app_task.o
    0x00028230   0x00028230   0x0000000e   Code   RO         6260    i.suble_timer15_handler  app_task.o
    0x0002823e   0x0002823e   0x00000002   PAD
    0x00028240   0x00028240   0x00000010   Code   RO         6261    i.suble_timer16_handler  app_task.o
    0x00028250   0x00028250   0x00000010   Code   RO         6262    i.suble_timer17_handler  app_task.o
    0x00028260   0x00028260   0x00000010   Code   RO         6263    i.suble_timer18_handler  app_task.o
    0x00028270   0x00028270   0x00000010   Code   RO         6264    i.suble_timer19_handler  app_task.o
    0x00028280   0x00028280   0x00000010   Code   RO         6265    i.suble_timer1_handler  app_task.o
    0x00028290   0x00028290   0x00000010   Code   RO         6266    i.suble_timer2_handler  app_task.o
    0x000282a0   0x000282a0   0x00000010   Code   RO         6267    i.suble_timer3_handler  app_task.o
    0x000282b0   0x000282b0   0x00000010   Code   RO         6268    i.suble_timer4_handler  app_task.o
    0x000282c0   0x000282c0   0x00000010   Code   RO         6269    i.suble_timer5_handler  app_task.o
    0x000282d0   0x000282d0   0x00000010   Code   RO         6270    i.suble_timer6_handler  app_task.o
    0x000282e0   0x000282e0   0x00000010   Code   RO         6271    i.suble_timer7_handler  app_task.o
    0x000282f0   0x000282f0   0x00000010   Code   RO         6272    i.suble_timer8_handler  app_task.o
    0x00028300   0x00028300   0x00000010   Code   RO         6273    i.suble_timer9_handler  app_task.o
    0x00028310   0x00028310   0x00000064   Code   RO         3764    i.suble_timer_continue  suble_timer.o
    0x00028374   0x00028374   0x00000044   Code   RO         3765    i.suble_timer_create  suble_timer.o
    0x000283b8   0x000283b8   0x0000006c   Code   RO         3767    i.suble_timer_handler  suble_timer.o
    0x00028424   0x00028424   0x000000a0   Code   RO         3770    i.suble_timer_start  suble_timer.o
    0x000284c4   0x000284c4   0x0000004c   Code   RO         3771    i.suble_timer_start_0  suble_timer.o
    0x00028510   0x00028510   0x0000000c   Code   RO         3772    i.suble_timer_stop  suble_timer.o
    0x0002851c   0x0002851c   0x0000003c   Code   RO         3773    i.suble_timer_stop_0  suble_timer.o
    0x00028558   0x00028558   0x00000018   Code   RO         3685    i.suble_uart1_init  suble_uart.o
    0x00028570   0x00028570   0x00000008   Code   RO         3686    i.suble_uart1_send  suble_uart.o
    0x00028578   0x00028578   0x00000018   Code   RO         3687    i.suble_uart2_init  suble_uart.o
    0x00028590   0x00028590   0x00000010   Code   RO         3774    i.suble_update_timestamp  suble_timer.o
    0x000285a0   0x000285a0   0x0000001a   Code   RO         3938    i.suble_util_check_sum8  suble_util.o
    0x000285ba   0x000285ba   0x00000002   PAD
    0x000285bc   0x000285bc   0x0000003c   Code   RO         3939    i.suble_util_crc16  suble_util.o
    0x000285f8   0x000285f8   0x0000003c   Code   RO         3940    i.suble_util_crc32  suble_util.o
    0x00028634   0x00028634   0x0000001e   Code   RO         3942    i.suble_util_reverse_byte  suble_util.o
    0x00028652   0x00028652   0x00000042   Code   RO         3943    i.suble_util_shell_sort  suble_util.o
    0x00028694   0x00028694   0x0000002c   Code   RO         3944    i.suble_util_str_hexarray2hexstr  suble_util.o
    0x000286c0   0x000286c0   0x00000098   Code   RO         3945    i.suble_util_str_hexchar2int  suble_util.o
    0x00028758   0x00028758   0x00000032   Code   RO         3946    i.suble_util_str_hexstr2hexarray  suble_util.o
    0x0002878a   0x0002878a   0x0000005e   Code   RO         3948    i.suble_util_str_int2hexchar  suble_util.o
    0x000287e8   0x000287e8   0x00000032   Code   RO         3949    i.suble_util_str_intstr2int  suble_util.o
    0x0002881a   0x0002881a   0x00000002   PAD
    0x0002881c   0x0002881c   0x00000080   Code   RO         4989    i.switch_clk        icu.o
    0x0002889c   0x0002889c   0x0000000c   Code   RO         4427    i.sys_mode_init     arch_main.o
    0x000288a8   0x000288a8   0x0000003a   Code   RO         2309    i.sys_settings_crc_ok  tuya_ble_storage.o
    0x000288e2   0x000288e2   0x00000002   PAD
    0x000288e4   0x000288e4   0x0000001c   Code   RO         4990    i.system_sleep_init  icu.o
    0x00028900   0x00028900   0x00000002   Code   RO         5439    i.timer_init        timer.o
    0x00028902   0x00028902   0x0000000a   Code   RO         2721    i.trsmitr_init      tuya_ble_mutli_tsf_protocol.o
    0x0002890c   0x0002890c   0x0000010c   Code   RO         2722    i.trsmitr_recv_pkg_decode  tuya_ble_mutli_tsf_protocol.o
    0x00028a18   0x00028a18   0x000000fc   Code   RO         2723    i.trsmitr_send_pkg_encode  tuya_ble_mutli_tsf_protocol.o
    0x00028b14   0x00028b14   0x000000b0   Code   RO         6474    i.tuya_ble_Add_Pkcs  tuya_ble_sdk_lib_arm9e-s_little_endian.lib(tuya_ble_secure.o)
    0x00028bc4   0x00028bc4   0x00000114   Code   RO         2085    i.tuya_ble_adv_change  tuya_ble_main.o
    0x00028cd8   0x00028cd8   0x00000042   Code   RO         1215    i.tuya_ble_aes128_cbc_decrypt  tuya_ble_port_bk3431q.o
    0x00028d1a   0x00028d1a   0x00000042   Code   RO         1216    i.tuya_ble_aes128_cbc_encrypt  tuya_ble_port_bk3431q.o
    0x00028d5c   0x00028d5c   0x0000004c   Code   RO         1218    i.tuya_ble_aes128_ecb_encrypt  tuya_ble_port_bk3431q.o
    0x00028da8   0x00028da8   0x0000001c   Code   RO         2415    i.tuya_ble_air_recv_packet_free  tuya_ble_data_handler.o
    0x00028dc4   0x00028dc4   0x000000a0   Code   RO         1035    i.tuya_ble_app_data_process  tuya_ble_app_demo.o
    0x00028e64   0x00028e64   0x00000010   Code   RO         1036    i.tuya_ble_app_evt_send  tuya_ble_app_demo.o
    0x00028e74   0x00028e74   0x000000a0   Code   RO         1037    i.tuya_ble_app_evt_send_with_data  tuya_ble_app_demo.o
    0x00028f14   0x00028f14   0x00000088   Code   RO         1038    i.tuya_ble_app_init  tuya_ble_app_demo.o
    0x00028f9c   0x00028f9c   0x0000000c   Code   RO         2919    i.tuya_ble_app_production_test_process  tuya_ble_app_production_test.o
    0x00028fa8   0x00028fa8   0x00000020   Code   RO         1888    i.tuya_ble_buffer_value_is_all_x  tuya_ble_utils.o
    0x00028fc8   0x00028fc8   0x00000030   Code   RO         1408    i.tuya_ble_callback_queue_register  tuya_ble_api.o
    0x00028ff8   0x00028ff8   0x00000020   Code   RO         2087    i.tuya_ble_cb_event_send  tuya_ble_main.o
    0x00029018   0x00029018   0x00000018   Code   RO         1891    i.tuya_ble_check_sum  tuya_ble_utils.o
    0x00029030   0x00029030   0x000001cc   Code   RO         2416    i.tuya_ble_commData_send  tuya_ble_data_handler.o
    0x000291fc   0x000291fc   0x00000174   Code   RO         2417    i.tuya_ble_commonData_rx_proc  tuya_ble_data_handler.o
    0x00029370   0x00029370   0x00000004   Code   RO         1219    i.tuya_ble_common_uart_init  tuya_ble_port_bk3431q.o
    0x00029374   0x00029374   0x0000000a   Code   RO         1220    i.tuya_ble_common_uart_send_data  tuya_ble_port_bk3431q.o
    0x0002937e   0x0002937e   0x00000056   Code   RO         1411    i.tuya_ble_common_uart_send_full_instruction_received  tuya_ble_api.o
    0x000293d4   0x000293d4   0x00000010   Code   RO         1412    i.tuya_ble_connect_monitor_timer_start  tuya_ble_api.o
    0x000293e4   0x000293e4   0x00000010   Code   RO         1413    i.tuya_ble_connect_monitor_timer_stop  tuya_ble_api.o
    0x000293f4   0x000293f4   0x0000000c   Code   RO         2088    i.tuya_ble_connect_status_get  tuya_ble_main.o
    0x00029400   0x00029400   0x00000018   Code   RO         2089    i.tuya_ble_connect_status_set  tuya_ble_main.o
    0x00029418   0x00029418   0x00000016   Code   RO         1414    i.tuya_ble_connected_handler  tuya_ble_api.o
    0x0002942e   0x0002942e   0x00000002   PAD
    0x00029430   0x00029430   0x0000003c   Code   RO         1892    i.tuya_ble_crc16_compute  tuya_ble_utils.o
    0x0002946c   0x0002946c   0x0000003c   Code   RO         1893    i.tuya_ble_crc32_compute  tuya_ble_utils.o
    0x000294a8   0x000294a8   0x00000002   Code   RO         2974    i.tuya_ble_custom_app_uart_common_process  tuya_ble_app_uart_common_handler.o
    0x000294aa   0x000294aa   0x00000002   PAD
    0x000294ac   0x000294ac   0x00000030   Code   RO         2090    i.tuya_ble_custom_event_send  tuya_ble_main.o
    0x000294dc   0x000294dc   0x00000138   Code   RO         6475    i.tuya_ble_decryption  tuya_ble_sdk_lib_arm9e-s_little_endian.lib(tuya_ble_secure.o)
    0x00029614   0x00029614   0x00000036   Code   RO         2257    i.tuya_ble_dequeue  tuya_ble_queue.o
    0x0002964a   0x0002964a   0x00000008   Code   RO         1222    i.tuya_ble_device_enter_critical  tuya_ble_port_bk3431q.o
    0x00029652   0x00029652   0x00000008   Code   RO         1223    i.tuya_ble_device_exit_critical  tuya_ble_port_bk3431q.o
    0x0002965a   0x0002965a   0x0000001a   Code   RO         1416    i.tuya_ble_device_factory_reset  tuya_ble_api.o
    0x00029674   0x00029674   0x0000008a   Code   RO         1894    i.tuya_ble_device_id_16_to_20  tuya_ble_utils.o
    0x000296fe   0x000296fe   0x00000086   Code   RO         1895    i.tuya_ble_device_id_20_to_16  tuya_ble_utils.o
    0x00029784   0x00029784   0x00000090   Code   RO         6476    i.tuya_ble_device_id_encrypt  tuya_ble_sdk_lib_arm9e-s_little_endian.lib(tuya_ble_secure.o)
    0x00029814   0x00029814   0x00000070   Code   RO         6477    i.tuya_ble_device_id_key_generate  tuya_ble_sdk_lib_arm9e-s_little_endian.lib(tuya_ble_secure.o)
    0x00029884   0x00029884   0x0000000a   Code   RO         1224    i.tuya_ble_device_reset  tuya_ble_port_bk3431q.o
    0x0002988e   0x0002988e   0x00000002   PAD
    0x00029890   0x00029890   0x0000002c   Code   RO         2418    i.tuya_ble_device_unbond  tuya_ble_data_handler.o
    0x000298bc   0x000298bc   0x00000016   Code   RO         1421    i.tuya_ble_disconnected_handler  tuya_ble_api.o
    0x000298d2   0x000298d2   0x0000007a   Code   RO         1422    i.tuya_ble_dp_data_report  tuya_ble_api.o
    0x0002994c   0x0002994c   0x0000007c   Code   RO         1424    i.tuya_ble_dp_data_with_time_report  tuya_ble_api.o
    0x000299c8   0x000299c8   0x00000088   Code   RO         6478    i.tuya_ble_encrypt_old_with_key  tuya_ble_sdk_lib_arm9e-s_little_endian.lib(tuya_ble_secure.o)
    0x00029a50   0x00029a50   0x000000e0   Code   RO         6479    i.tuya_ble_encryption  tuya_ble_sdk_lib_arm9e-s_little_endian.lib(tuya_ble_secure.o)
    0x00029b30   0x00029b30   0x00000034   Code   RO         2258    i.tuya_ble_enqueue  tuya_ble_queue.o
    0x00029b64   0x00029b64   0x00000020   Code   RO         2091    i.tuya_ble_event_init  tuya_ble_main.o
    0x00029b84   0x00029b84   0x000001b0   Code   RO         6480    i.tuya_ble_event_process  tuya_ble_sdk_lib_arm9e-s_little_endian.lib(tuya_ble_secure.o)
    0x00029d34   0x00029d34   0x00000014   Code   RO         2201    i.tuya_ble_event_queue_init  tuya_ble_event.o
    0x00029d48   0x00029d48   0x0000000e   Code   RO         2092    i.tuya_ble_event_send  tuya_ble_main.o
    0x00029d56   0x00029d56   0x00000002   PAD
    0x00029d58   0x00029d58   0x000001b4   Code   RO         2419    i.tuya_ble_evt_process  tuya_ble_data_handler.o
    0x00029f0c   0x00029f0c   0x0000000e   Code   RO         2172    i.tuya_ble_free     tuya_ble_mem.o
    0x00029f1a   0x00029f1a   0x00000012   Code   RO         1225    i.tuya_ble_gap_addr_get  tuya_ble_port_bk3431q.o
    0x00029f2c   0x00029f2c   0x00000028   Code   RO         1227    i.tuya_ble_gap_advertising_adv_data_update  tuya_ble_port_bk3431q.o
    0x00029f54   0x00029f54   0x00000028   Code   RO         1228    i.tuya_ble_gap_advertising_scan_rsp_data_update  tuya_ble_port_bk3431q.o
    0x00029f7c   0x00029f7c   0x0000000a   Code   RO         1229    i.tuya_ble_gap_disconnect  tuya_ble_port_bk3431q.o
    0x00029f86   0x00029f86   0x0000002e   Code   RO         1425    i.tuya_ble_gatt_receive_data  tuya_ble_api.o
    0x00029fb4   0x00029fb4   0x0000000a   Code   RO         1230    i.tuya_ble_gatt_send_data  tuya_ble_port_bk3431q.o
    0x00029fbe   0x00029fbe   0x00000002   PAD
    0x00029fc0   0x00029fc0   0x00000058   Code   RO         2672    i.tuya_ble_gatt_send_data_enqueue  tuya_ble_gatt_send_queue.o
    0x0002a018   0x0002a018   0x0000007c   Code   RO         2673    i.tuya_ble_gatt_send_data_handle  tuya_ble_gatt_send_queue.o
    0x0002a094   0x0002a094   0x00000028   Code   RO         2674    i.tuya_ble_gatt_send_queue_free  tuya_ble_gatt_send_queue.o
    0x0002a0bc   0x0002a0bc   0x00000020   Code   RO         2675    i.tuya_ble_gatt_send_queue_init  tuya_ble_gatt_send_queue.o
    0x0002a0dc   0x0002a0dc   0x00000080   Code   RO         6481    i.tuya_ble_generate_key1  tuya_ble_sdk_lib_arm9e-s_little_endian.lib(tuya_ble_secure.o)
    0x0002a15c   0x0002a15c   0x00000010   Code   RO         2093    i.tuya_ble_get_adv_connect_request_bit_status  tuya_ble_main.o
    0x0002a16c   0x0002a16c   0x00000004   Code   RO         2259    i.tuya_ble_get_queue_used  tuya_ble_queue.o
    0x0002a170   0x0002a170   0x00000002   Code   RO         2549    i.tuya_ble_handle_anomaly_unbound_response_evt  tuya_ble_event_handler.o
    0x0002a172   0x0002a172   0x0000001e   Code   RO         2550    i.tuya_ble_handle_ble_cmd_evt  tuya_ble_event_handler.o
    0x0002a190   0x0002a190   0x00000008   Code   RO         2551    i.tuya_ble_handle_ble_data_evt  tuya_ble_event_handler.o
    0x0002a198   0x0002a198   0x00000068   Code   RO         2552    i.tuya_ble_handle_connect_change_evt  tuya_ble_event_handler.o
    0x0002a200   0x0002a200   0x0000003c   Code   RO         2554    i.tuya_ble_handle_data_passthrough_evt  tuya_ble_event_handler.o
    0x0002a23c   0x0002a23c   0x00000040   Code   RO         2555    i.tuya_ble_handle_data_prod_test_response_evt  tuya_ble_event_handler.o
    0x0002a27c   0x0002a27c   0x000000e8   Code   RO         2420    i.tuya_ble_handle_dev_info_req  tuya_ble_data_handler.o
    0x0002a364   0x0002a364   0x00000038   Code   RO         2556    i.tuya_ble_handle_device_info_update_evt  tuya_ble_event_handler.o
    0x0002a39c   0x0002a39c   0x00000064   Code   RO         2421    i.tuya_ble_handle_device_reset_req  tuya_ble_data_handler.o
    0x0002a400   0x0002a400   0x00000002   Code   RO         2557    i.tuya_ble_handle_device_reset_response_evt  tuya_ble_event_handler.o
    0x0002a402   0x0002a402   0x00000002   PAD
    0x0002a404   0x0002a404   0x00000030   Code   RO         2558    i.tuya_ble_handle_dp_data_reported_evt  tuya_ble_event_handler.o
    0x0002a434   0x0002a434   0x00000074   Code   RO         2559    i.tuya_ble_handle_dp_data_with_time_reported_evt  tuya_ble_event_handler.o
    0x0002a4a8   0x0002a4a8   0x0000006c   Code   RO         2560    i.tuya_ble_handle_dp_data_with_time_string_reported_evt  tuya_ble_event_handler.o
    0x0002a514   0x0002a514   0x00000072   Code   RO         2422    i.tuya_ble_handle_dp_query_req  tuya_ble_data_handler.o
    0x0002a586   0x0002a586   0x000000a6   Code   RO         2423    i.tuya_ble_handle_dp_write_req  tuya_ble_data_handler.o
    0x0002a62c   0x0002a62c   0x0000002c   Code   RO         2561    i.tuya_ble_handle_factory_reset_evt  tuya_ble_event_handler.o
    0x0002a658   0x0002a658   0x00000082   Code   RO         2424    i.tuya_ble_handle_net_config_info_req  tuya_ble_data_handler.o
    0x0002a6da   0x0002a6da   0x0000002c   Code   RO         2562    i.tuya_ble_handle_net_config_response_evt  tuya_ble_event_handler.o
    0x0002a706   0x0002a706   0x00000088   Code   RO         2425    i.tuya_ble_handle_ota_req  tuya_ble_data_handler.o
    0x0002a78e   0x0002a78e   0x0000004c   Code   RO         2563    i.tuya_ble_handle_ota_response_evt  tuya_ble_event_handler.o
    0x0002a7da   0x0002a7da   0x00000002   PAD
    0x0002a7dc   0x0002a7dc   0x00000120   Code   RO         2426    i.tuya_ble_handle_pair_req  tuya_ble_data_handler.o
    0x0002a8fc   0x0002a8fc   0x00000034   Code   RO         2564    i.tuya_ble_handle_time_request_evt  tuya_ble_event_handler.o
    0x0002a930   0x0002a930   0x0000004e   Code   RO         2565    i.tuya_ble_handle_uart_cmd_evt  tuya_ble_event_handler.o
    0x0002a97e   0x0002a97e   0x00000002   Code   RO         2566    i.tuya_ble_handle_unbound_response_evt  tuya_ble_event_handler.o
    0x0002a980   0x0002a980   0x00000080   Code   RO         2427    i.tuya_ble_handle_unix_time_char_ms_resp  tuya_ble_data_handler.o
    0x0002aa00   0x0002aa00   0x0000008c   Code   RO         2428    i.tuya_ble_handle_unix_time_date_resp  tuya_ble_data_handler.o
    0x0002aa8c   0x0002aa8c   0x0000002a   Code   RO         2094    i.tuya_ble_inter_event_response  tuya_ble_main.o
    0x0002aab6   0x0002aab6   0x00000002   PAD
    0x0002aab8   0x0002aab8   0x0000000c   Code   RO         2921    i.tuya_ble_internal_production_test_with_ble_flag_clear  tuya_ble_app_production_test.o
    0x0002aac4   0x0002aac4   0x0000000c   Code   RO         1901    i.tuya_ble_is_word_aligned_tuya  tuya_ble_utils.o
    0x0002aad0   0x0002aad0   0x000002f8   Code   RO         6482    i.tuya_ble_key_generate  tuya_ble_sdk_lib_arm9e-s_little_endian.lib(tuya_ble_secure.o)
    0x0002adc8   0x0002adc8   0x00000008   Code   RO         2095    i.tuya_ble_main_tasks_exec  tuya_ble_main.o
    0x0002add0   0x0002add0   0x00000016   Code   RO         2174    i.tuya_ble_malloc   tuya_ble_mem.o
    0x0002ade6   0x0002ade6   0x00000034   Code   RO         1233    i.tuya_ble_md5_crypt  tuya_ble_port_bk3431q.o
    0x0002ae1a   0x0002ae1a   0x00000002   PAD
    0x0002ae1c   0x0002ae1c   0x00000010   Code   RO         2202    i.tuya_ble_message_send  tuya_ble_event.o
    0x0002ae2c   0x0002ae2c   0x0000007c   Code   RO         2375    i.tuya_ble_mytime_2_utc_sec  tuya_ble_unix_time.o
    0x0002aea8   0x0002aea8   0x00000014   Code   RO         1234    i.tuya_ble_nv_erase  tuya_ble_port_bk3431q.o
    0x0002aebc   0x0002aebc   0x00000004   Code   RO         1235    i.tuya_ble_nv_init  tuya_ble_port_bk3431q.o
    0x0002aec0   0x0002aec0   0x0000000a   Code   RO         1236    i.tuya_ble_nv_read  tuya_ble_port_bk3431q.o
    0x0002aeca   0x0002aeca   0x0000000a   Code   RO         1237    i.tuya_ble_nv_write  tuya_ble_port_bk3431q.o
    0x0002aed4   0x0002aed4   0x0000005c   Code   RO         1427    i.tuya_ble_ota_response  tuya_ble_api.o
    0x0002af30   0x0002af30   0x0000001c   Code   RO         2431    i.tuya_ble_pair_rand_clear  tuya_ble_data_handler.o
    0x0002af4c   0x0002af4c   0x0000000c   Code   RO         2432    i.tuya_ble_pair_rand_valid_get  tuya_ble_data_handler.o
    0x0002af58   0x0002af58   0x0000001c   Code   RO         2260    i.tuya_ble_queue_decrease  tuya_ble_queue.o
    0x0002af74   0x0002af74   0x0000000a   Code   RO         2261    i.tuya_ble_queue_flush  tuya_ble_queue.o
    0x0002af7e   0x0002af7e   0x00000022   Code   RO         2262    i.tuya_ble_queue_get  tuya_ble_queue.o
    0x0002afa0   0x0002afa0   0x0000001e   Code   RO         2263    i.tuya_ble_queue_init  tuya_ble_queue.o
    0x0002afbe   0x0002afbe   0x0000003a   Code   RO         1238    i.tuya_ble_rand_generator  tuya_ble_port_bk3431q.o
    0x0002aff8   0x0002aff8   0x0000003c   Code   RO         6483    i.tuya_ble_register_key_generate  tuya_ble_sdk_lib_arm9e-s_little_endian.lib(tuya_ble_secure.o)
    0x0002b034   0x0002b034   0x0000001c   Code   RO         2433    i.tuya_ble_reset_ble_sn  tuya_ble_data_handler.o
    0x0002b050   0x0002b050   0x00000004   Code   RO         1240    i.tuya_ble_rtc_set_timestamp  tuya_ble_port_bk3431q.o
    0x0002b054   0x0002b054   0x00000064   Code   RO         2203    i.tuya_ble_sched_event_put  tuya_ble_event.o
    0x0002b0b8   0x0002b0b8   0x0000002c   Code   RO         2204    i.tuya_ble_sched_init  tuya_ble_event.o
    0x0002b0e4   0x0002b0e4   0x0000022c   Code   RO         1039    i.tuya_ble_sdk_callback  tuya_ble_app_demo.o
    0x0002b310   0x0002b310   0x000000e4   Code   RO         1432    i.tuya_ble_sdk_init  tuya_ble_api.o
    0x0002b3f4   0x0002b3f4   0x0000000c   Code   RO         2434    i.tuya_ble_set_device_version  tuya_ble_data_handler.o
    0x0002b400   0x0002b400   0x0000001c   Code   RO         2435    i.tuya_ble_set_external_mcu_version  tuya_ble_data_handler.o
    0x0002b41c   0x0002b41c   0x00000016   Code   RO         2310    i.tuya_ble_storage_init  tuya_ble_storage.o
    0x0002b432   0x0002b432   0x00000002   PAD
    0x0002b434   0x0002b434   0x0000017c   Code   RO         2311    i.tuya_ble_storage_load_settings  tuya_ble_storage.o
    0x0002b5b0   0x0002b5b0   0x0000005c   Code   RO         2313    i.tuya_ble_storage_save_auth_settings  tuya_ble_storage.o
    0x0002b60c   0x0002b60c   0x00000060   Code   RO         2314    i.tuya_ble_storage_save_sys_settings  tuya_ble_storage.o
    0x0002b66c   0x0002b66c   0x0000000a   Code   RO         1241    i.tuya_ble_timer_create  tuya_ble_port_bk3431q.o
    0x0002b676   0x0002b676   0x0000000a   Code   RO         1244    i.tuya_ble_timer_start  tuya_ble_port_bk3431q.o
    0x0002b680   0x0002b680   0x0000000a   Code   RO         1245    i.tuya_ble_timer_stop  tuya_ble_port_bk3431q.o
    0x0002b68a   0x0002b68a   0x00000002   PAD
    0x0002b68c   0x0002b68c   0x000000e4   Code   RO         2975    i.tuya_ble_uart_common_mcu_ota_data_from_ble_handler  tuya_ble_app_uart_common_handler.o
    0x0002b770   0x0002b770   0x000000b0   Code   RO         2976    i.tuya_ble_uart_common_mcu_ota_data_from_uart_handler  tuya_ble_app_uart_common_handler.o
    0x0002b820   0x0002b820   0x0000002c   Code   RO         2977    i.tuya_ble_uart_common_process  tuya_ble_app_uart_common_handler.o
    0x0002b84c   0x0002b84c   0x00000014   Code   RO         1434    i.tuya_ble_vtimer_conncet_monitor_callback  tuya_ble_api.o
    0x0002b860   0x0002b860   0x00000044   Code   RO         2208    i.tuya_sched_execute  tuya_ble_event.o
    0x0002b8a4   0x0002b8a4   0x00000008   Code   RO         3689    i.uart1_rx_handler  suble_uart.o
    0x0002b8ac   0x0002b8ac   0x00000010   Code   RO         5488    i.uart2_cb_register  uart.o
    0x0002b8bc   0x0002b8bc   0x000000c4   Code   RO         5489    i.uart2_init        uart.o
    0x0002b980   0x0002b980   0x00000080   Code   RO         5490    i.uart2_isr         uart.o
    0x0002ba00   0x0002ba00   0x00000044   Code   RO         5491    i.uart2_printf      uart.o
    0x0002ba44   0x0002ba44   0x00000028   Code   RO         5493    i.uart2_putchar     uart.o
    0x0002ba6c   0x0002ba6c   0x00000008   Code   RO         3690    i.uart2_rx_handler  suble_uart.o
    0x0002ba74   0x0002ba74   0x00000010   Code   RO         5496    i.uart_cb_register  uart.o
    0x0002ba84   0x0002ba84   0x00000024   Code   RO         5497    i.uart_clear_rxfifo  uart.o
    0x0002baa8   0x0002baa8   0x0000001c   Code   RO         5498    i.uart_finish_transfers  uart.o
    0x0002bac4   0x0002bac4   0x00000004   Code   RO         5499    i.uart_flow_off     uart.o
    0x0002bac8   0x0002bac8   0x00000002   Code   RO         5500    i.uart_flow_on      uart.o
    0x0002baca   0x0002baca   0x00000002   PAD
    0x0002bacc   0x0002bacc   0x000000c4   Code   RO         5501    i.uart_init         uart.o
    0x0002bb90   0x0002bb90   0x00000100   Code   RO         5502    i.uart_isr          uart.o
    0x0002bc90   0x0002bc90   0x00000044   Code   RO         5504    i.uart_printf       uart.o
    0x0002bcd4   0x0002bcd4   0x00000028   Code   RO         5506    i.uart_putchar      uart.o
    0x0002bcfc   0x0002bcfc   0x0000000c   Code   RO         5507    i.uart_read         uart.o
    0x0002bd08   0x0002bd08   0x00000020   Code   RO         5508    i.uart_send         uart.o
    0x0002bd28   0x0002bd28   0x00000048   Code   RO         5509    i.uart_write        uart.o
    0x0002bd70   0x0002bd70   0x0000006c   Code   RO         5160    i.udi_exchange_fdata_to_adjoining_next_sector  flash.o
    0x0002bddc   0x0002bddc   0x00000068   Code   RO         5161    i.udi_exchange_fdata_to_adjoining_previous_sector  flash.o
    0x0002be44   0x0002be44   0x00000034   Code   RO         4048    i.update_area_header  sf_nv.o
    0x0002be78   0x0002be78   0x0000003c   Code   RO         2039    i.vTuyaPortFree     tuya_ble_heap.o
    0x0002beb4   0x0002beb4   0x0000002c   Code   RO         5677    i.wdt_enable        wdt.o
    0x0002bee0   0x0002bee0   0x00000024   Code   RO         5678    i.wdt_feed          wdt.o
    0x0002bf04   0x0002bf04   0x00000018   Data   RO          286    .constdata          lock_hard.o
    0x0002bf1c   0x0002bf1c   0x00000043   Data   RO          302    .constdata          lock_dp_parser.o
    0x0002bf5f   0x0002bf5f   0x00000020   Data   RO          369    .constdata          lock_timer.o
    0x0002bf7f   0x0002bf7f   0x00000001   PAD
    0x0002bf80   0x0002bf80   0x00000012   Data   RO          496    .constdata          lock_music.o
    0x0002bf92   0x0002bf92   0x00000010   Data   RO          497    .constdata          lock_music.o
    0x0002bfa2   0x0002bfa2   0x00000002   PAD
    0x0002bfa4   0x0002bfa4   0x00000020   Data   RO          498    .constdata          lock_music.o
    0x0002bfc4   0x0002bfc4   0x0000000a   Data   RO          499    .constdata          lock_music.o
    0x0002bfce   0x0002bfce   0x0000000a   Data   RO          500    .constdata          lock_music.o
    0x0002bfd8   0x0002bfd8   0x00000004   Data   RO          501    .constdata          lock_music.o
    0x0002bfdc   0x0002bfdc   0x00000010   Data   RO          502    .constdata          lock_music.o
    0x0002bfec   0x0002bfec   0x0000000a   Data   RO          503    .constdata          lock_music.o
    0x0002bff6   0x0002bff6   0x0000001c   Data   RO          504    .constdata          lock_music.o
    0x0002c012   0x0002c012   0x0000002d   Data   RO          505    .constdata          lock_music.o
    0x0002c03f   0x0002c03f   0x00000084   Data   RO          633    .constdata          app_active_report.o
    0x0002c0c3   0x0002c0c3   0x0000003c   Data   RO          688    .constdata          app_test.o
    0x0002c0ff   0x0002c0ff   0x00000038   Data   RO          808    .constdata          app_port.o
    0x0002c137   0x0002c137   0x00000068   Data   RO         1040    .constdata          tuya_ble_app_demo.o
    0x0002c19f   0x0002c19f   0x00000083   Data   RO         1148    .constdata          tuya_ble_app_ota.o
    0x0002c222   0x0002c222   0x00000002   PAD
    0x0002c224   0x0002c224   0x00000004   Data   RO         1910    .constdata          tuya_ble_utils.o
    0x0002c228   0x0002c228   0x0000003a   Data   RO         2097    .constdata          tuya_ble_main.o
    0x0002c262   0x0002c262   0x0000000c   Data   RO         2378    .constdata          tuya_ble_unix_time.o
    0x0002c26e   0x0002c26e   0x00000002   PAD
    0x0002c270   0x0002c270   0x00002228   Data   RO         3015    .constdata          aes.o
    0x0002e498   0x0002e498   0x00000015   Data   RO         3461    .constdata          suble_gap.o
    0x0002e4ad   0x0002e4ad   0x00000011   Data   RO         3516    .constdata          suble_svc.o
    0x0002e4be   0x0002e4be   0x00000013   Data   RO         3572    .constdata          suble_gpio.o
    0x0002e4d1   0x0002e4d1   0x00000026   Data   RO         3776    .constdata          suble_timer.o
    0x0002e4f7   0x0002e4f7   0x00000028   Data   RO         3913    .constdata          suble_battery.o
    0x0002e51f   0x0002e51f   0x00000001   PAD
    0x0002e520   0x0002e520   0x00000004   Data   RO         3950    .constdata          suble_util.o
    0x0002e524   0x0002e524   0x00000033   Data   RO         4050    .constdata          sf_nv.o
    0x0002e557   0x0002e557   0x0000008c   Data   RO         4210    .constdata          elog.o
    0x0002e5e3   0x0002e5e3   0x00000023   Data   RO         4340    .constdata          elog_utils.o
    0x0002e606   0x0002e606   0x00000045   Data   RO         4429    .constdata          arch_main.o
    0x0002e64b   0x0002e64b   0x00000001   PAD
    0x0002e64c   0x0002e64c   0x00000040   Data   RO         5978    .constdata          fff0s.o
    0x0002e68c   0x0002e68c   0x00000028   Data   RO         6041    .constdata          fff0s_task.o
    0x0002e6b4   0x0002e6b4   0x00000008   Data   RO         6042    .constdata          fff0s_task.o
    0x0002e6bc   0x0002e6bc   0x00000075   Data   RO         6085    .constdata          app.o
    0x0002e731   0x0002e731   0x00000003   PAD
    0x0002e734   0x0002e734   0x00000020   Data   RO         6177    .constdata          app_fff0.o
    0x0002e754   0x0002e754   0x00000008   Data   RO         6178    .constdata          app_fff0.o
    0x0002e75c   0x0002e75c   0x0000001a   Data   RO         6179    .constdata          app_fff0.o
    0x0002e776   0x0002e776   0x00000002   PAD
    0x0002e778   0x0002e778   0x00000158   Data   RO         6274    .constdata          app_task.o
    0x0002e8d0   0x0002e8d0   0x00000008   Data   RO         6275    .constdata          app_task.o
    0x0002e8d8   0x0002e8d8   0x000000e2   Data   RO         6276    .constdata          app_task.o
    0x0002e9ba   0x0002e9ba   0x00000050   Data   RO         6567    .constdata          bk3435_fcc_mode.lib(rf_test.o)
    0x0002ea0a   0x0002ea0a   0x00000081   Data   RO         6907    .constdata          mc_5.l(ctype_o.o)
    0x0002ea8b   0x0002ea8b   0x00000001   PAD
    0x0002ea8c   0x0002ea8c   0x00000004   Data   RO         6908    .constdata          mc_5.l(ctype_o.o)
    0x0002ea90   0x0002ea90   0x00000042   Data   RO          634    .conststring        app_active_report.o
    0x0002ead2   0x0002ead2   0x00000002   PAD
    0x0002ead4   0x0002ead4   0x00000049   Data   RO         1041    .conststring        tuya_ble_app_demo.o
    0x0002eb1d   0x0002eb1d   0x00000003   PAD
    0x0002eb20   0x0002eb20   0x00000048   Data   RO         1149    .conststring        tuya_ble_app_ota.o
    0x0002eb68   0x0002eb68   0x00000017   Data   RO         4211    .conststring        elog.o


    Execution Region RAM_DATA (Exec base: 0x00400800, Load base: 0x0002eb80, Size: 0x00000554, Max: 0xffffffff, ABSOLUTE)

    Exec Addr    Load Addr    Size         Type   Attr      Idx    E Section Name        Object

    0x00400800   0x0002eb80   0x00000024   Data   RW          506    .data               lock_music.o
    0x00400824   0x0002eba4   0x00000014   Data   RW          507    .data               lock_music.o
    0x00400838   0x0002ebb8   0x00000014   Data   RW          508    .data               lock_music.o
    0x0040084c   0x0002ebcc   0x00000008   Data   RW          509    .data               lock_music.o
    0x00400854   0x0002ebd4   0x00000020   Data   RW          510    .data               lock_music.o
    0x00400874   0x0002ebf4   0x00000014   Data   RW          511    .data               lock_music.o
    0x00400888   0x0002ec08   0x00000038   Data   RW          512    .data               lock_music.o
    0x004008c0   0x0002ec40   0x0000006c   Data   RW          513    .data               lock_music.o
    0x0040092c   0x0002ecac   0x00000004   Data   RW          586    .data               app_flash.o
    0x00400930   0x0002ecb0   0x00000003   Data   RW          635    .data               app_active_report.o
    0x00400933   0x0002ecb3   0x00000001   PAD
    0x00400934   0x0002ecb4   0x00000038   Data   RW          689    .data               app_test.o
    0x0040096c   0x0002ecec   0x00000074   Data   RW         1042    .data               tuya_ble_app_demo.o
    0x004009e0   0x0002ed60   0x00000014   Data   RW         1150    .data               tuya_ble_app_ota.o
    0x004009f4   0x0002ed74   0x00000010   Data   RW         1436    .data               tuya_ble_api.o
    0x00400a04   0x0002ed84   0x00000018   Data   RW         2044    .data               tuya_ble_heap.o
    0x00400a1c   0x0002ed9c   0x00000008   Data   RW         2098    .data               tuya_ble_main.o
    0x00400a24   0x0002eda4   0x0000000c   Data   RW         2210    .data               tuya_ble_event.o
    0x00400a30   0x0002edb0   0x00000034   Data   RW         2437    .data               tuya_ble_data_handler.o
    0x00400a64   0x0002ede4   0x00000001   Data   RW         2677    .data               tuya_ble_gatt_send_queue.o
    0x00400a65   0x0002ede5   0x00000001   Data   RW         2724    .data               tuya_ble_mutli_tsf_protocol.o
    0x00400a66   0x0002ede6   0x00000001   Data   RW         2926    .data               tuya_ble_app_production_test.o
    0x00400a67   0x0002ede7   0x00000001   Data   RW         2979    .data               tuya_ble_app_uart_common_handler.o
    0x00400a68   0x0002ede8   0x00000004   Data   RW         3016    .data               aes.o
    0x00400a6c   0x0002edec   0x00000001   Data   RW         3346    .data               suble_common.o
    0x00400a6d   0x0002eded   0x00000003   PAD
    0x00400a70   0x0002edf0   0x00000008   Data   RW         3347    .data               suble_common.o
    0x00400a78   0x0002edf8   0x00000047   Data   RW         3418    .data               suble_scan_adv.o
    0x00400abf   0x0002ee3f   0x00000023   Data   RW         3419    .data               suble_scan_adv.o
    0x00400ae2   0x0002ee62   0x00000013   Data   RW         3420    .data               suble_scan_adv.o
    0x00400af5   0x0002ee75   0x0000000c   Data   RW         3462    .data               suble_gap.o
    0x00400b01   0x0002ee81   0x00000003   PAD
    0x00400b04   0x0002ee84   0x0000000c   Data   RW         3517    .data               suble_svc.o
    0x00400b10   0x0002ee90   0x0000000a   Data   RW         3573    .data               suble_gpio.o
    0x00400b1a   0x0002ee9a   0x00000002   PAD
    0x00400b1c   0x0002ee9c   0x0000014c   Data   RW         3777    .data               suble_timer.o
    0x00400c68   0x0002efe8   0x00000019   Data   RW         3886    .data               suble_key.o
    0x00400c81   0x0002f001   0x00000003   PAD
    0x00400c84   0x0002f004   0x00000008   Data   RW         3914    .data               suble_battery.o
    0x00400c8c   0x0002f00c   0x00000014   Data   RW         4051    .data               sf_nv.o
    0x00400ca0   0x0002f020   0x0000001c   Data   RW         4212    .data               elog.o
    0x00400cbc   0x0002f03c   0x00000001   Data   RW         4430    .data               arch_main.o
    0x00400cbd   0x0002f03d   0x00000002   Data   RW         4991    .data               icu.o
    0x00400cbf   0x0002f03f   0x00000001   PAD
    0x00400cc0   0x0002f040   0x0000002c   Data   RW         5063    .data               gpio.o
    0x00400cec   0x0002f06c   0x0000000c   Data   RW         5163    .data               flash.o
    0x00400cf8   0x0002f078   0x00000004   Data   RW         5293    .data               adc.o
    0x00400cfc   0x0002f07c   0x00000018   Data   RW         5513    .data               uart.o
    0x00400d14   0x0002f094   0x00000001   Data   RW         5679    .data               wdt.o
    0x00400d15   0x0002f095   0x00000003   PAD
    0x00400d18   0x0002f098   0x00000004   Data   RW         5810    .data               rtc.o
    0x00400d1c   0x0002f09c   0x00000002   Data   RW         6180    .data               app_fff0.o
    0x00400d1e   0x0002f09e   0x00000001   Data   RW         6277    .data               app_task.o
    0x00400d1f   0x0002f09f   0x00000009   Data   RW         6568    .data               bk3435_fcc_mode.lib(rf_test.o)
    0x00400d28   0x0002f0a8   0x00000026   Data   RW         6571    .data               bk3435_pn9_mode.lib(rf_pn9_test.o)
    0x00400d4e   0x0002f0ce   0x00000002   PAD
    0x00400d50   0x0002f0d0   0x00000004   Data   RW         6890    .data               mc_5.l(errno.o)


    Execution Region RAM_BSS (Exec base: 0x00400d54, Load base: 0x0002f0d4, Size: 0x000037a4, Max: 0xffffffff, ABSOLUTE)

    Exec Addr    Load Addr    Size         Type   Attr      Idx    E Section Name        Object

    0x00400d54        -       0x00000206   Zero   RW          301    .bss                lock_dp_parser.o
    0x00400f5a   0x0002f0d4   0x00000002   PAD
    0x00400f5c        -       0x00000028   Zero   RW          368    .bss                lock_timer.o
    0x00400f84        -       0x0000030c   Zero   RW          687    .bss                app_test.o
    0x00401290        -       0x000000f0   Zero   RW         1147    .bss                tuya_ble_app_ota.o
    0x00401380        -       0x00000600   Zero   RW         2043    .bss                tuya_ble_heap.o
    0x00401980        -       0x0000023a   Zero   RW         2096    .bss                tuya_ble_main.o
    0x00401bba   0x0002f0d4   0x00000002   PAD
    0x00401bbc        -       0x000003a0   Zero   RW         2209    .bss                tuya_ble_event.o
    0x00401f5c        -       0x00000064   Zero   RW         2436    .bss                tuya_ble_data_handler.o
    0x00401fc0        -       0x000000ac   Zero   RW         2676    .bss                tuya_ble_gatt_send_queue.o
    0x0040206c        -       0x00000048   Zero   RW         2978    .bss                tuya_ble_app_uart_common_handler.o
    0x004020b4        -       0x00000023   Zero   RW         3417    .bss                suble_scan_adv.o
    0x004020d7   0x0002f0d4   0x00000001   PAD
    0x004020d8        -       0x00000c00   Zero   RW         3515    .bss                suble_svc.o
    0x00402cd8        -       0x000000f0   Zero   RW         3775    .bss                suble_timer.o
    0x00402dc8        -       0x00000050   Zero   RW         3912    .bss                suble_battery.o
    0x00402e18        -       0x00000212   Zero   RW         4049    .bss                sf_nv.o
    0x0040302a   0x0002f0d4   0x00000002   PAD
    0x0040302c        -       0x00000800   Zero   RW         4165    .bss                sf_mem.o
    0x0040382c        -       0x00000250   Zero   RW         4209    .bss                elog.o
    0x00403a7c        -       0x00000010   Zero   RW         4428    .bss                arch_main.o
    0x00403a8c        -       0x00000010   Zero   RW         4825    .bss                rwip.o
    0x00403a9c        -       0x0000000c   Zero   RW         5162    .bss                flash.o
    0x00403aa8        -       0x00000014   Zero   RW         5382    .bss                pwm.o
    0x00403abc        -       0x00000828   Zero   RW         5510    .bss                uart.o
    0x004042e4        -       0x00000040   Zero   RW         5717    .bss                rf_xvr.o
    0x00404324        -       0x0000011c   Zero   RW         5878    .bss                prf.o
    0x00404440        -       0x00000028   Zero   RW         6084    .bss                app.o
    0x00404468        -       0x00000090   Zero   RW         6484    .bss                tuya_ble_sdk_lib_arm9e-s_little_endian.lib(tuya_ble_secure.o)


    Execution Region RAM_STACK_UNUSED (Exec base: 0x0040b70c, Load base: 0x0002f0d4, Size: 0x00000020, Max: 0x00000020, ABSOLUTE)

    Exec Addr    Load Addr    Size         Type   Attr      Idx    E Section Name        Object

    0x0040b70c        -       0x00000020   Zero   RW            1    RAM_STACK_UNUSED.bss  anon$$obj.o


    Execution Region RAM_STACK_SVC (Exec base: 0x0040b72c, Load base: 0x0002f0d4, Size: 0x000004f0, Max: 0x000004f0, ABSOLUTE)

    Exec Addr    Load Addr    Size         Type   Attr      Idx    E Section Name        Object

    0x0040b72c        -       0x000004f0   Zero   RW            2    RAM_STACK_SVC.bss   anon$$obj.o


    Execution Region RAM_STACK_IRQ (Exec base: 0x0040bc1c, Load base: 0x0002f0d4, Size: 0x000001f0, Max: 0x000001f0, ABSOLUTE)

    Exec Addr    Load Addr    Size         Type   Attr      Idx    E Section Name        Object

    0x0040bc1c        -       0x000001f0   Zero   RW            3    RAM_STACK_IRQ.bss   anon$$obj.o


    Execution Region RAM_STACK_FIQ (Exec base: 0x0040be0c, Load base: 0x0002f0d4, Size: 0x000001f0, Max: 0x000001f0, ABSOLUTE)

    Exec Addr    Load Addr    Size         Type   Attr      Idx    E Section Name        Object

    0x0040be0c        -       0x000001f0   Zero   RW            4    RAM_STACK_FIQ.bss   anon$$obj.o


    Execution Region RAM_BSS_1 (Exec base: 0x00815000, Load base: 0x0002f0d4, Size: 0x00001258, Max: 0xffffffff, ABSOLUTE)

    Exec Addr    Load Addr    Size         Type   Attr      Idx    E Section Name        Object

    0x00815000        -       0x00001258   Zero   RW         4826    ke_heap             rwip.o


==============================================================================

Image component sizes


      Code (inc. data)   RO Data    RW Data    ZI Data      Debug   Object Name

       192         32          0          4          0       2112   adc.o
      2896         80       8744          4          0      20502   aes.o
       724        168        117          0         40      10311   app.o
       420        202        198          3          0       3750   app_active_report.o
        12          0          0          0          0        566   app_common.o
       168         32         66          2          0       6981   app_fff0.o
       104         12          0          4          0       4418   app_flash.o
       608        246         56          0          0      15424   app_port.o
      2274        852        578          1          0      27133   app_task.o
      2288        730         60         56        780      13433   app_test.o
      1376        656         69          1         16      11898   arch_main.o
       500         76          0          0          0        436   boot_handlers.o
        92         32          0          0          0        384   boot_vectors.o
      1956        680        163         28        592      15664   elog.o
         0          0          0          0          0       3071   elog_async.o
        84         40          0          0          0       4173   elog_port.o
       276        126         35          0          0       3077   elog_utils.o
        24          4          0          0          0        591   emi.o
       416         16         64          0          0       9383   fff0s.o
       530         22         48          0          0       7948   fff0s_task.o
      1814        234          0         12         12      15717   flash.o
       288         36          0         44          0      11622   gpio.o
       496        108          0          2          0       5263   icu.o
       204         18          0          0          0     111202   intc.o
        38          0          0          0          0      95784   lock_common.o
       816        486         67          0        518       3395   lock_dp_parser.o
        92         14          0          0          0        789   lock_dp_report.o
       340        186         24          0          0       1438   lock_hard.o
       588        232        189        300          0       4567   lock_music.o
       672        198         32          0         40      15000   lock_timer.o
      2554        266          0          0          0       8939   md5.o
       564         30          0          0        284       9320   prf.o
         0          0          0          0          0       8423   prf_utils.o
       276         24          0          0         20       5894   pwm.o
      1210        294          0          0         64     115310   rf_xvr.o
        36         10          0          4          0       1334   rtc.o
       386         24          0          0          0     111083   rwble.o
        56          0          0          0          0       2193   rwble_hl.o
       690         74          0          0       4712     116359   rwip.o
       160         16          0          0       2048       3521   sf_mem.o
      1930        530         51         20        530      11409   sf_nv.o
        60          0          0          0          0       3849   sf_port.o
       332        136         40          8         80       2968   suble_battery.o
       212         24          0          9          0       5051   suble_common.o
       130         18          0          0          0       3046   suble_flash.o
       406        134         21         12          0       5912   suble_gap.o
       830        152         19         10          0      13577   suble_gpio.o
       420         38          0         25          0       2684   suble_key.o
        88          8          0        125         35       6948   suble_scan_adv.o
       280        126         17         12       3072       3830   suble_svc.o
         2          0          0          0          0        518   suble_test.o
       680        186         38        332        240      10079   suble_timer.o
        72         12          0          0          0       3317   suble_uart.o
       632         52          4          0          0       9308   suble_util.o
         2          0          0          0          0        485   timer.o
       868         42          0         16          0      15561   tuya_ble_api.o
      1028        454        177        116          0      19254   tuya_ble_app_demo.o
      2532        882        203         20        240      11787   tuya_ble_app_ota.o
        24          4          0          1          0       4510   tuya_ble_app_production_test.o
       450         28          0          1         72       5298   tuya_ble_app_uart_common_handler.o
      3130        144          0         52        100      23639   tuya_ble_data_handler.o
       248         32          0         12        928       5767   tuya_ble_event.o
       894         48          0          0          0      14253   tuya_ble_event_handler.o
       284         34          0          1        172       5603   tuya_ble_gatt_send_queue.o
       356         22          0         24       1536       4495   tuya_ble_heap.o
       504         56         58          8        570       8768   tuya_ble_main.o
        36          0          0          0          0       1974   tuya_ble_mem.o
       782          4          0          1          0      10952   tuya_ble_mutli_tsf_protocol.o
       554         12          0          0          0      18106   tuya_ble_port_bk3431q.o
       212          0          0          0          0       6240   tuya_ble_queue.o
       706         20          0          0          0       7160   tuya_ble_storage.o
       208         14         12          0          0       3564   tuya_ble_unix_time.o
       460         14          4          0          0       7172   tuya_ble_utils.o
      1250        228          0         24       2088      34141   uart.o
        80         16          0          1          0       1340   wdt.o

    ----------------------------------------------------------------------
     47052       9746      11174       1311      21084    1100973   Object Totals
        48         20          0          0       2288          0   (incl. Generated)
       102          0         20         16          7          0   (incl. Padding)

    ----------------------------------------------------------------------

      Code (inc. data)   RO Data    RW Data    ZI Data      Debug   Library Member Name

      1164        268         80          9          0        236   rf_test.o
       764        190          0         38          0        344   rf_pn9_test.o
       138          0          0          0          0         80   __strtoll.o
        30          0          0          0          0         60   _chval.o
       216          0          0          0          0         84   _strtoull.o
        26          0          0          0          0         72   atoll.o
         8          4        133          0          0         60   ctype_o.o
         8          4          0          4          0         60   errno.o
         0          0          0          0          0          0   iusefp.o
       126          0          0          0          0         84   llmul.o
        32          0          0          0          0         68   llshl.o
        38          0          0          0          0         68   llsshr.o
        34          0          0          0          0         68   llushr.o
        38          0          0          0          0        100   memseta.o
      2432        108          0          0          0        760   printfa.o
        14          0          0          0          0         60   strlen.o
        30          0          0          0          0         72   strncmp.o
        26          0          0          0          0         68   strncpy.o
        40          0          0          0          0         72   strstr.o
        96          0          0          0          0         84   uldiv.o
        20          0          0          0          0         60   uread4.o
        28          0          0          0          0         68   uread8.o
        18          0          0          0          0         60   uwrite4.o
        30          0          0          0          0         72   uwrite8.o
        40          2          0          0          0         68   cdrcmple.o
       356          4          0          0          0        140   dadd.o
       240          6          0          0          0         84   ddiv.o
       190          0          0          0          0        156   depilogue.o
        60         10          0          0          0         68   dfixui.o
        64         10          0          0          0         68   dfixul.o
        28          4          0          0          0         68   dfltui.o
       208          6          0          0          0         88   dmul.o
        44          0          0          0          0         72   dscalb.o
        40          0          0          0          0         60   ffixui.o
       124          0          0          0          0         72   fmul.o
      2636         28          0          0        144      19947   tuya_ble_secure.o

    ----------------------------------------------------------------------
      9392        644        214         53        144      23651   Library Totals
         6          0          1          2          0          0   (incl. Padding)

    ----------------------------------------------------------------------

      Code (inc. data)   RO Data    RW Data    ZI Data      Debug   Library Name

      1164        268         80          9          0        236   bk3435_fcc_mode.lib
       764        190          0         38          0        344   bk3435_pn9_mode.lib
      3428        116        133          4          0       2180   mc_5.l
      1394         42          0          0          0        944   mf_5.l
      2636         28          0          0        144      19947   tuya_ble_sdk_lib_arm9e-s_little_endian.lib

    ----------------------------------------------------------------------
      9392        644        214         53        144      23651   Library Totals

    ----------------------------------------------------------------------

==============================================================================


      Code (inc. data)   RO Data    RW Data    ZI Data      Debug   

     56444      10390      11388       1364      21228    1098092   Grand Totals
     56444      10390      11388       1364      21228    1098092   ELF Image Totals
     56444      10390      11388       1364          0          0   ROM Totals

==============================================================================

    Total RO  Size (Code + RO Data)                67832 (  66.24kB)
    Total RW  Size (RW Data + ZI Data)             22592 (  22.06kB)
    Total ROM Size (Code + RO Data + RW Data)      69196 (  67.57kB)

==============================================================================

